MPLINK 5.00, LINKER
Linker Map File - Created Sun Dec 18 09:47:23 2022

                                 Section Info
                  Section       Type    Address   Location Size(Bytes)
                ---------  ---------  ---------  ---------  ---------
               _entry_scn       code   0x000000    program   0x000006
           .code___init.o       code   0x000006    program   0x000002
      InterruptVectorHigh       code   0x000008    program   0x000006
          .idata_uart.o_i    romdata   0x00000e    program   0x000007
       InterruptVectorLow       code   0x000018    program   0x000006
                   .cinit    romdata   0x00001e    program   0x000056
             .code_main.o       code   0x000074    program   0x003470
              .code_lcd.o       code   0x0034e4    program   0x000e20
             .code_uart.o       code   0x004304    program   0x000600
            .code_timer.o       code   0x004904    program   0x00051c
           .code_button.o       code   0x004e20    program   0x00047c
        .code_interrupt.o       code   0x00529c    program   0x0001d0
             .stringtable    romdata   0x00546c    program   0x0000f3
      .idata_fxd0808u.o_i    romdata   0x00555f    program   0x000000
        .romdata_global.o    romdata   0x00555f    program   0x000000
           .romdata_adc.o    romdata   0x00555f    program   0x000000
           .idata_adc.o_i    romdata   0x00555f    program   0x000000
      .romdata_fxd0808u.o    romdata   0x00555f    program   0x000000
      .idata_fxd1616u.o_i    romdata   0x00555f    program   0x000000
      .romdata_fxd1616u.o    romdata   0x00555f    program   0x000000
      .idata_fxd2424u.o_i    romdata   0x00555f    program   0x000000
      .romdata_fxd2424u.o    romdata   0x00555f    program   0x000000
      .idata_fxd3232u.o_i    romdata   0x00555f    program   0x000000
      .romdata_fxd3232u.o    romdata   0x00555f    program   0x000000
       .idata_fxm3232.o_i    romdata   0x00555f    program   0x000000
       .romdata_fxm3232.o    romdata   0x00555f    program   0x000000
        .idata___init.o_i    romdata   0x00555f    program   0x000000
        .romdata___init.o    romdata   0x00555f    program   0x000000
         .idata_c018i.o_i    romdata   0x00555f    program   0x000000
         .romdata_c018i.o    romdata   0x00555f    program   0x000000
        .romdata_button.o    romdata   0x00555f    program   0x000000
     .romdata_interrupt.o    romdata   0x00555f    program   0x000000
           .romdata_lcd.o    romdata   0x00555f    program   0x000000
         .romdata_timer.o    romdata   0x00555f    program   0x000000
          .romdata_uart.o    romdata   0x00555f    program   0x000000
          .romdata_main.o    romdata   0x00555f    program   0x000000
            .code_c018i.o       code   0x005560    program   0x000000
                     PROG       code   0x005560    program   0x0000a6
           .code_global.o       code   0x005560    program   0x000000
               _cinit_scn       code   0x005606    program   0x00009e
              .code_adc.o       code   0x0056a4    program   0x00008c
          .code_fxm3232.o       code   0x005730    program   0x000070
         .code_fxd3232u.o       code   0x0057a0    program   0x000048
         .code_fxd2424u.o       code   0x0057e8    program   0x00003a
         .code_fxd1616u.o       code   0x005822    program   0x00002c
                    .code       code   0x00584e    program   0x000020
             _startup_scn       code   0x00586e    program   0x00001c
         .code_fxd0808u.o       code   0x00588a    program   0x00001c
         .idata_timer.o_i    romdata   0x0058a6    program   0x000020
          .idata_main.o_i    romdata   0x0058c6    program   0x000012
           .idata_lcd.o_i    romdata   0x0058d8    program   0x000061
     .idata_interrupt.o_i    romdata   0x005939    program   0x000004
        .idata_global.o_i    romdata   0x00593d    program   0x000026
        .idata_button.o_i    romdata   0x005963    program   0x000028
    .config_300001_main.o    romdata   0x300001    program   0x000001
    .config_300002_main.o    romdata   0x300002    program   0x000001
    .config_300003_main.o    romdata   0x300003    program   0x000001
    .config_300005_main.o    romdata   0x300005    program   0x000001
    .config_300006_main.o    romdata   0x300006    program   0x000001
    .config_300008_main.o    romdata   0x300008    program   0x000001
    .config_300009_main.o    romdata   0x300009    program   0x000001
    .config_30000a_main.o    romdata   0x30000a    program   0x000001
    .config_30000b_main.o    romdata   0x30000b    program   0x000001
    .config_30000c_main.o    romdata   0x30000c    program   0x000001
    .config_30000d_main.o    romdata   0x30000d    program   0x000001
                MATH_DATA      udata   0x000000       data   0x000010
                 .tmpdata      udata   0x000010       data   0x00000c
            .udata_uart.o      udata   0x000080       data   0x000065
            .idata_main.o      idata   0x0000e5       data   0x000012
            .idata_uart.o      idata   0x0000f7       data   0x000007
          .udata_global.o      udata   0x0000fe       data   0x000000
        .udata_fxd0808u.o      udata   0x0000fe       data   0x000000
        .idata_fxd0808u.o      idata   0x0000fe       data   0x000000
        .udata_fxd1616u.o      udata   0x0000fe       data   0x000000
        .idata_fxd1616u.o      idata   0x0000fe       data   0x000000
        .udata_fxd2424u.o      udata   0x0000fe       data   0x000000
        .idata_fxd2424u.o      idata   0x0000fe       data   0x000000
        .udata_fxd3232u.o      udata   0x0000fe       data   0x000000
        .idata_fxd3232u.o      idata   0x0000fe       data   0x000000
         .udata_fxm3232.o      udata   0x0000fe       data   0x000000
         .idata_fxm3232.o      idata   0x0000fe       data   0x000000
          .udata___init.o      udata   0x0000fe       data   0x000000
          .idata___init.o      idata   0x0000fe       data   0x000000
             .idata_adc.o      idata   0x0000fe       data   0x000000
             .udata_adc.o      udata   0x0000fe       data   0x000000
            .udata_main.o      udata   0x0000fe       data   0x000000
           .udata_timer.o      udata   0x0000fe       data   0x000000
       .udata_interrupt.o      udata   0x0000fe       data   0x000000
          .udata_button.o      udata   0x0000fe       data   0x000000
           .idata_c018i.o      idata   0x0000fe       data   0x000000
          .idata_button.o      idata   0x000100       data   0x000028
          .idata_global.o      idata   0x000128       data   0x000026
           .idata_timer.o      idata   0x00014e       data   0x000020
                   .stack      udata   0x000e00       data   0x000100
             .idata_lcd.o      idata   0x000f00       data   0x000061
           .udata_c018i.o      udata   0x000f61       data   0x00000a
             .udata_lcd.o      udata   0x000f6b       data   0x000004
       .idata_interrupt.o      idata   0x000f6f       data   0x000004
            SFR_UNBANKED0      udata   0x000f80       data   0x000080



                              Program Memory Usage 
                               Start         End      
                           ---------   ---------      
                            0x000000    0x000014      
                            0x000018    0x00555e      
                            0x005560    0x00598a      
                            0x300001    0x300003      
                            0x300005    0x300006      
                            0x300008    0x30000d      
            22930 out of 66584 program addresses used, program memory utilization is 34%



                              Symbols - Sorted by Name
                     Name    Address   Location    Storage File                     
                ---------  ---------  ---------  --------- ---------                
              CloseOutput   0x00035e    program     extern F:\Study Document\DA_TKLL\Logic_Design_Project\main.c
                   D1616S   0x005582    program     static E:\3.46\pic18-lt\cxx-framework\src\traditional\math\fxd1616s.asm
                D1616SNEG   0x005590    program     static E:\3.46\pic18-lt\cxx-framework\src\traditional\math\fxd1616s.asm
                 D1616SOK   0x00558c    program     static E:\3.46\pic18-lt\cxx-framework\src\traditional\math\fxd1616s.asm
                  D1616SX   0x0055a2    program     static E:\3.46\pic18-lt\cxx-framework\src\traditional\math\fxd1616s.asm
                   D2424S   0x0055d6    program     static E:\3.46\pic18-lt\cxx-framework\src\traditional\math\fxd2424s.asm
                D2424SNEG   0x0055e4    program     static E:\3.46\pic18-lt\cxx-framework\src\traditional\math\fxd2424s.asm
                 D2424SOK   0x0055e0    program     static E:\3.46\pic18-lt\cxx-framework\src\traditional\math\fxd2424s.asm
                  D2424SX   0x0055fc    program     static E:\3.46\pic18-lt\cxx-framework\src\traditional\math\fxd2424s.asm
                  DA1616S   0x005572    program     static E:\3.46\pic18-lt\cxx-framework\src\traditional\math\fxd1616s.asm
                  DA2424S   0x0055c2    program     static E:\3.46\pic18-lt\cxx-framework\src\traditional\math\fxd2424s.asm
         DisplayLcdScreen   0x003e22    program     extern F:\Study Document\DA_TKLL\Logic_Design_Project\lcd\lcd.c
        DisplayLcdScreen2   0x003f1a    program     extern F:\Study Document\DA_TKLL\Logic_Design_Project\lcd\lcd.c
      DisplayLcdScreenOld   0x003fa0    program     extern F:\Study Document\DA_TKLL\Logic_Design_Project\lcd\lcd.c
             Error_Handle   0x0004c6    program     extern F:\Study Document\DA_TKLL\Logic_Design_Project\main.c
                 FXD0808U   0x00588a    program     extern E:\3.46\pic18-lt\cxx-framework\src\traditional\math\fxd0808u.c
                 FXD1616S   0x005560    program     extern E:\3.46\pic18-lt\cxx-framework\src\traditional\math\fxd1616s.asm
                 FXD1616U   0x005822    program     extern E:\3.46\pic18-lt\cxx-framework\src\traditional\math\fxd1616u.c
                 FXD2424S   0x0055ac    program     extern E:\3.46\pic18-lt\cxx-framework\src\traditional\math\fxd2424s.asm
                 FXD2424U   0x0057e8    program     extern E:\3.46\pic18-lt\cxx-framework\src\traditional\math\fxd2424u.c
                 FXD3232U   0x0057a0    program     extern E:\3.46\pic18-lt\cxx-framework\src\traditional\math\fxd3232u.c
                  FXM3232   0x005730    program     extern E:\3.46\pic18-lt\cxx-framework\src\traditional\math\fxm3232.c
      InterruptVectorHigh   0x000008    program     extern F:\Study Document\DA_TKLL\Logic_Design_Project\interrupt\interrupt.c
       InterruptVectorLow   0x000018    program     extern F:\Study Document\DA_TKLL\Logic_Design_Project\interrupt\interrupt.c
                LcdClearS   0x003dc4    program     extern F:\Study Document\DA_TKLL\Logic_Design_Project\lcd\lcd.c
            LcdPrintCharS   0x00400a    program     extern F:\Study Document\DA_TKLL\Logic_Design_Project\lcd\lcd.c
              LcdPrintNum   0x003d02    program     extern F:\Study Document\DA_TKLL\Logic_Design_Project\lcd\lcd.c
             LcdPrintNumS   0x004060    program     extern F:\Study Document\DA_TKLL\Logic_Design_Project\lcd\lcd.c
           LcdPrintString   0x003d4a    program     extern F:\Study Document\DA_TKLL\Logic_Design_Project\lcd\lcd.c
          LcdPrintStringS   0x0042ae    program     extern F:\Study Document\DA_TKLL\Logic_Design_Project\lcd\lcd.c
               OpenOutput   0x00030e    program     extern F:\Study Document\DA_TKLL\Logic_Design_Project\main.c
          Phase1_GreenOff   0x0005ce    program     extern F:\Study Document\DA_TKLL\Logic_Design_Project\main.c
           Phase1_GreenOn   0x0005ba    program     extern F:\Study Document\DA_TKLL\Logic_Design_Project\main.c
            Phase1_RedOff   0x00061a    program     extern F:\Study Document\DA_TKLL\Logic_Design_Project\main.c
             Phase1_RedOn   0x000606    program     extern F:\Study Document\DA_TKLL\Logic_Design_Project\main.c
         Phase1_YellowOff   0x0005f4    program     extern F:\Study Document\DA_TKLL\Logic_Design_Project\main.c
          Phase1_YellowOn   0x0005e0    program     extern F:\Study Document\DA_TKLL\Logic_Design_Project\main.c
          Phase2_GreenOff   0x000640    program     extern F:\Study Document\DA_TKLL\Logic_Design_Project\main.c
           Phase2_GreenOn   0x00062c    program     extern F:\Study Document\DA_TKLL\Logic_Design_Project\main.c
            Phase2_RedOff   0x00068c    program     extern F:\Study Document\DA_TKLL\Logic_Design_Project\main.c
             Phase2_RedOn   0x000678    program     extern F:\Study Document\DA_TKLL\Logic_Design_Project\main.c
         Phase2_YellowOff   0x000666    program     extern F:\Study Document\DA_TKLL\Logic_Design_Project\main.c
          Phase2_YellowOn   0x000652    program     extern F:\Study Document\DA_TKLL\Logic_Design_Project\main.c
            ReverseOutput   0x0003ae    program     extern F:\Study Document\DA_TKLL\Logic_Design_Project\main.c
       ServerPressedReset   0x00025a    program     extern F:\Study Document\DA_TKLL\Logic_Design_Project\main.c
             SetTimer0_ms   0x004d80    program     extern F:\Study Document\DA_TKLL\Logic_Design_Project\timer\timer.c
             SetTimer1_ms   0x004da4    program     extern F:\Study Document\DA_TKLL\Logic_Design_Project\timer\timer.c
             SetTimer3_ms   0x004de2    program     extern F:\Study Document\DA_TKLL\Logic_Design_Project\timer\timer.c
               TestOutput   0x00042a    program     extern F:\Study Document\DA_TKLL\Logic_Design_Project\main.c
 UART_sendingSettngLight1   0x000c80    program     extern F:\Study Document\DA_TKLL\Logic_Design_Project\main.c
 UART_sendingSettngLight2   0x000d54    program     extern F:\Study Document\DA_TKLL\Logic_Design_Project\main.c
       UART_sendingStatus   0x000756    program     extern F:\Study Document\DA_TKLL\Logic_Design_Project\main.c
  UART_sendingTimerLight1   0x0007b0    program     extern F:\Study Document\DA_TKLL\Logic_Design_Project\main.c
UART_sendingTimerLight1_MAN   0x000a50    program     extern F:\Study Document\DA_TKLL\Logic_Design_Project\main.c
  UART_sendingTimerLight2   0x000900    program     extern F:\Study Document\DA_TKLL\Logic_Design_Project\main.c
UART_sendingTimerLight2_MAN   0x000b68    program     extern F:\Study Document\DA_TKLL\Logic_Design_Project\main.c
        UartSendDataGraph   0x0044e0    program     extern F:\Study Document\DA_TKLL\Logic_Design_Project\uart\uart.c
      UartSendNumToString   0x0045ec    program     extern F:\Study Document\DA_TKLL\Logic_Design_Project\uart\uart.c
           UartSendString   0x004406    program     extern F:\Study Document\DA_TKLL\Logic_Design_Project\uart\uart.c
       ___return_lbl00000   0x0058a4    program     static                          
       ___return_lbl00000   0x00584c    program     static                          
       ___return_lbl00000   0x005820    program     static                          
       ___return_lbl00000   0x0057e6    program     static                          
       ___return_lbl00000   0x000004    program     static                          
       ___return_lbl00000   0x00579e    program     static                          
       ___return_lbl00001   0x005888    program     static                          
       ___return_lbl00002   0x00001c    program     static                          
       ___return_lbl00002   0x0056a2    program     static                          
       ___return_lbl00003   0x00000c    program     static                          
               __config_0   0x300001    program     static F:\Study Document\DA_TKLL\Logic_Design_Project\main.c
               __config_1   0x300002    program     static F:\Study Document\DA_TKLL\Logic_Design_Project\main.c
              __config_10   0x30000d    program     static F:\Study Document\DA_TKLL\Logic_Design_Project\main.c
               __config_2   0x300003    program     static F:\Study Document\DA_TKLL\Logic_Design_Project\main.c
               __config_3   0x300005    program     static F:\Study Document\DA_TKLL\Logic_Design_Project\main.c
               __config_4   0x300006    program     static F:\Study Document\DA_TKLL\Logic_Design_Project\main.c
               __config_5   0x300008    program     static F:\Study Document\DA_TKLL\Logic_Design_Project\main.c
               __config_6   0x300009    program     static F:\Study Document\DA_TKLL\Logic_Design_Project\main.c
               __config_7   0x30000a    program     static F:\Study Document\DA_TKLL\Logic_Design_Project\main.c
               __config_8   0x30000b    program     static F:\Study Document\DA_TKLL\Logic_Design_Project\main.c
               __config_9   0x30000c    program     static F:\Study Document\DA_TKLL\Logic_Design_Project\main.c
                   __init   0x000006    program     extern E:\3.46\pic18-lt\cxx-framework\src\traditional\stdclib\__init.c
               __string_0   0x005552    program     static F:\Study Document\DA_TKLL\Logic_Design_Project\main.c
               __string_1   0x005542    program     static F:\Study Document\DA_TKLL\Logic_Design_Project\main.c
              __string_10   0x0054d6    program     static F:\Study Document\DA_TKLL\Logic_Design_Project\main.c
              __string_11   0x0054ce    program     static F:\Study Document\DA_TKLL\Logic_Design_Project\main.c
              __string_12   0x0054c8    program     static F:\Study Document\DA_TKLL\Logic_Design_Project\main.c
              __string_13   0x0054c6    program     static F:\Study Document\DA_TKLL\Logic_Design_Project\main.c
              __string_14   0x0054be    program     static F:\Study Document\DA_TKLL\Logic_Design_Project\main.c
              __string_15   0x0054b8    program     static F:\Study Document\DA_TKLL\Logic_Design_Project\main.c
              __string_16   0x0054b2    program     static F:\Study Document\DA_TKLL\Logic_Design_Project\main.c
              __string_17   0x0054a6    program     static F:\Study Document\DA_TKLL\Logic_Design_Project\main.c
              __string_18   0x00549c    program     static F:\Study Document\DA_TKLL\Logic_Design_Project\main.c
              __string_19   0x00548f    program     static F:\Study Document\DA_TKLL\Logic_Design_Project\main.c
               __string_2   0x005534    program     static F:\Study Document\DA_TKLL\Logic_Design_Project\main.c
              __string_20   0x005485    program     static F:\Study Document\DA_TKLL\Logic_Design_Project\main.c
              __string_21   0x005479    program     static F:\Study Document\DA_TKLL\Logic_Design_Project\main.c
              __string_22   0x00546c    program     static F:\Study Document\DA_TKLL\Logic_Design_Project\main.c
               __string_3   0x005526    program     static F:\Study Document\DA_TKLL\Logic_Design_Project\main.c
               __string_4   0x005515    program     static F:\Study Document\DA_TKLL\Logic_Design_Project\main.c
               __string_5   0x005504    program     static F:\Study Document\DA_TKLL\Logic_Design_Project\main.c
               __string_6   0x0054f3    program     static F:\Study Document\DA_TKLL\Logic_Design_Project\main.c
               __string_7   0x0054e2    program     static F:\Study Document\DA_TKLL\Logic_Design_Project\main.c
               __string_8   0x0054e0    program     static F:\Study Document\DA_TKLL\Logic_Design_Project\main.c
               __string_9   0x0054d8    program     static F:\Study Document\DA_TKLL\Logic_Design_Project\main.c
             __tmplbl_281   0x001886    program     static                          
             __tmplbl_308   0x003046    program     static                          
             __tmplbl_309   0x002ba4    program     static                          
             __tmplbl_311   0x0034e2    program     static                          
             __tmplbl_312   0x0034e2    program     static                          
             __tmplbl_313   0x0034e2    program     static                          
             __tmplbl_314   0x003008    program     static                          
             __tmplbl_315   0x0034e2    program     static                          
             __tmplbl_316   0x0034e2    program     static                          
             __tmplbl_317   0x0034e2    program     static                          
            __zero_memory   0x00584e    program     extern E:\3.46\pic18-lt\cxx-framework\src\traditional\proc\p18f4620.asm
                _do_cinit   0x005606    program     extern E:\3.46\pic18-lt\cxx-framework\src\traditional\startup\c018i.c
                   _entry   0x000000    program     extern E:\3.46\pic18-lt\cxx-framework\src\traditional\startup\c018i.c
                   _false   0x00581c    program     static                          
                   _false   0x0057e2    program     static                          
                 _startup   0x00586e    program     extern E:\3.46\pic18-lt\cxx-framework\src\traditional\startup\c018i.c
                 applyMan   0x0006ce    program     extern F:\Study Document\DA_TKLL\Logic_Design_Project\main.c
             applySetting   0x000726    program     extern F:\Study Document\DA_TKLL\Logic_Design_Project\main.c
             backingState   0x0006be    program     extern F:\Study Document\DA_TKLL\Logic_Design_Project\main.c
          button_delay_ms   0x0050ee    program     extern F:\Study Document\DA_TKLL\Logic_Design_Project\button_matrix\button.c
                  compare   0x0001be    program     extern F:\Study Document\DA_TKLL\Logic_Design_Project\main.c
                compare_l   0x005864    program     static E:\3.46\pic18-lt\cxx-framework\src\traditional\proc\p18f4620.asm
                copy_loop   0x005678    program     static                          
            copy_one_byte   0x00567e    program     static                          
                countTime   0x000e86    program     extern F:\Study Document\DA_TKLL\Logic_Design_Project\main.c
            decreaseValue   0x0006ee    program     extern F:\Study Document\DA_TKLL\Logic_Design_Project\main.c
                 delay_ms   0x0000e6    program     extern F:\Study Document\DA_TKLL\Logic_Design_Project\main.c
                     done   0x0056a2    program     static                          
             done_copying   0x00568c    program     static                          
                  endloop   0x005848    program     static                          
                  endloop   0x0058a0    program     static                          
            fsm_automatic   0x000f02    program     extern F:\Study Document\DA_TKLL\Logic_Design_Project\main.c
               fsm_manual   0x001888    program     extern F:\Study Document\DA_TKLL\Logic_Design_Project\main.c
               fsm_tuning   0x00225a    program     extern F:\Study Document\DA_TKLL\Logic_Design_Project\main.c
            get_adc_value   0x0056b2    program     extern F:\Study Document\DA_TKLL\Logic_Design_Project\adc\adc.c
                 high_isr   0x005396    program     extern F:\Study Document\DA_TKLL\Logic_Design_Project\interrupt\interrupt.c
            increaseValue   0x0006de    program     extern F:\Study Document\DA_TKLL\Logic_Design_Project\main.c
                 init_adc   0x0056a4    program     extern F:\Study Document\DA_TKLL\Logic_Design_Project\adc\adc.c
            init_ext_int0   0x0052a4    program     extern F:\Study Document\DA_TKLL\Logic_Design_Project\interrupt\interrupt.c
           init_interrupt   0x00529c    program     extern F:\Study Document\DA_TKLL\Logic_Design_Project\interrupt\interrupt.c
          init_key_matrix   0x004e20    program     extern F:\Study Document\DA_TKLL\Logic_Design_Project\button_matrix\button.c
init_key_matrix_with_uart   0x004e28    program     extern F:\Study Document\DA_TKLL\Logic_Design_Project\button_matrix\button.c
                 init_lcd   0x003684    program     extern F:\Study Document\DA_TKLL\Logic_Design_Project\lcd\lcd.c
              init_system   0x00016e    program     extern F:\Study Document\DA_TKLL\Logic_Design_Project\main.c
              init_timer0   0x004904    program     extern F:\Study Document\DA_TKLL\Logic_Design_Project\timer\timer.c
              init_timer1   0x004a48    program     extern F:\Study Document\DA_TKLL\Logic_Design_Project\timer\timer.c
              init_timer2   0x004b92    program     extern F:\Study Document\DA_TKLL\Logic_Design_Project\timer\timer.c
              init_timer3   0x004bca    program     extern F:\Study Document\DA_TKLL\Logic_Design_Project\timer\timer.c
                init_uart   0x004304    program     extern F:\Study Document\DA_TKLL\Logic_Design_Project\uart\uart.c
             isButtonCall   0x0004a6    program     extern F:\Study Document\DA_TKLL\Logic_Design_Project\main.c
          isButtonMessage   0x0004b6    program     extern F:\Study Document\DA_TKLL\Logic_Design_Project\main.c
                lcd_clear   0x0039d6    program     extern F:\Study Document\DA_TKLL\Logic_Design_Project\lcd\lcd.c
                lcd_delay   0x0034e4    program     extern F:\Study Document\DA_TKLL\Logic_Design_Project\lcd\lcd.c
             lcd_power_of   0x0039ea    program     extern F:\Study Document\DA_TKLL\Logic_Design_Project\lcd\lcd.c
           lcd_print_char   0x003942    program     extern F:\Study Document\DA_TKLL\Logic_Design_Project\lcd\lcd.c
          lcd_print_charS   0x003d7e    program     extern F:\Study Document\DA_TKLL\Logic_Design_Project\lcd\lcd.c
            lcd_print_num   0x003acc    program     extern F:\Study Document\DA_TKLL\Logic_Design_Project\lcd\lcd.c
            lcd_print_str   0x00395c    program     extern F:\Study Document\DA_TKLL\Logic_Design_Project\lcd\lcd.c
              lcd_putchar   0x003928    program     extern F:\Study Document\DA_TKLL\Logic_Design_Project\lcd\lcd.c
          lcd_read_status   0x003792    program     extern F:\Study Document\DA_TKLL\Logic_Design_Project\lcd\lcd.c
          lcd_sendCommand   0x003604    program     extern F:\Study Document\DA_TKLL\Logic_Design_Project\lcd\lcd.c
           lcd_set_cursor   0x00399c    program     extern F:\Study Document\DA_TKLL\Logic_Design_Project\lcd\lcd.c
            lcd_wait_busy   0x003848    program     extern F:\Study Document\DA_TKLL\Logic_Design_Project\lcd\lcd.c
          lcd_write_4bits   0x003868    program     extern F:\Study Document\DA_TKLL\Logic_Design_Project\lcd\lcd.c
            lcd_write_cmd   0x0038ae    program     extern F:\Study Document\DA_TKLL\Logic_Design_Project\lcd\lcd.c
           lcd_write_data   0x0038ea    program     extern F:\Study Document\DA_TKLL\Logic_Design_Project\lcd\lcd.c
                     loop   0x005892    program     static                          
                     loop   0x00582c    program     static                          
                     loop   0x0057f4    program     static                          
                     loop   0x0057ae    program     static                          
                     loop   0x00587e    program     static                          
                   loop_h   0x00585c    program     static E:\3.46\pic18-lt\cxx-framework\src\traditional\proc\p18f4620.asm
                   loop_l   0x005866    program     static E:\3.46\pic18-lt\cxx-framework\src\traditional\proc\p18f4620.asm
                  low_isr   0x0052ac    program     extern F:\Study Document\DA_TKLL\Logic_Design_Project\interrupt\interrupt.c
                     main   0x000074    program     extern F:\Study Document\DA_TKLL\Logic_Design_Project\main.c
               outTunning   0x000746    program     extern F:\Study Document\DA_TKLL\Logic_Design_Project\main.c
          scan_key_matrix   0x004e32    program     extern F:\Study Document\DA_TKLL\Logic_Design_Project\button_matrix\button.c
     scan_key_matrix_demo   0x005176    program     extern F:\Study Document\DA_TKLL\Logic_Design_Project\button_matrix\button.c
scan_key_matrix_with_uart   0x004f90    program     extern F:\Study Document\DA_TKLL\Logic_Design_Project\button_matrix\button.c
           sendLightTimer   0x000e28    program     extern F:\Study Document\DA_TKLL\Logic_Design_Project\main.c
       sendLightTimer_MAN   0x000e7a    program     extern F:\Study Document\DA_TKLL\Logic_Design_Project\main.c
          slowDownPressed   0x000736    program     extern F:\Study Document\DA_TKLL\Logic_Design_Project\main.c
             start_timer0   0x0049bc    program     extern F:\Study Document\DA_TKLL\Logic_Design_Project\timer\timer.c
             start_timer1   0x004b02    program     extern F:\Study Document\DA_TKLL\Logic_Design_Project\timer\timer.c
             start_timer2   0x004bbe    program     extern F:\Study Document\DA_TKLL\Logic_Design_Project\timer\timer.c
             start_timer3   0x004c80    program     extern F:\Study Document\DA_TKLL\Logic_Design_Project\timer\timer.c
              stop_timer0   0x0049b8    program     extern F:\Study Document\DA_TKLL\Logic_Design_Project\timer\timer.c
              stop_timer1   0x004b8e    program     extern F:\Study Document\DA_TKLL\Logic_Design_Project\timer\timer.c
              stop_timer2   0x004bc6    program     extern F:\Study Document\DA_TKLL\Logic_Design_Project\timer\timer.c
              stop_timer3   0x004d0c    program     extern F:\Study Document\DA_TKLL\Logic_Design_Project\timer\timer.c
                switchMan   0x00069e    program     extern F:\Study Document\DA_TKLL\Logic_Design_Project\main.c
                switchTun   0x0006ae    program     extern F:\Study Document\DA_TKLL\Logic_Design_Project\main.c
                     test   0x005620    program     static                          
               timer0_isr   0x004d10    program     extern F:\Study Document\DA_TKLL\Logic_Design_Project\timer\timer.c
               timer1_isr   0x004d2c    program     extern F:\Study Document\DA_TKLL\Logic_Design_Project\timer\timer.c
               timer2_isr   0x004d48    program     extern F:\Study Document\DA_TKLL\Logic_Design_Project\timer\timer.c
               timer3_isr   0x004d64    program     extern F:\Study Document\DA_TKLL\Logic_Design_Project\timer\timer.c
            uart_delay_ms   0x004322    program     extern F:\Study Document\DA_TKLL\Logic_Design_Project\uart\uart.c
                 uart_isr   0x0044dc    program     extern F:\Study Document\DA_TKLL\Logic_Design_Project\uart\uart.c
uart_isr_simulate_machine   0x004452    program     extern F:\Study Document\DA_TKLL\Logic_Design_Project\uart\uart.c
            uart_power_of   0x004822    program     extern F:\Study Document\DA_TKLL\Logic_Design_Project\uart\uart.c
             uart_putchar   0x0043aa    program     extern F:\Study Document\DA_TKLL\Logic_Design_Project\uart\uart.c
            uart_send_str   0x0043c6    program     extern F:\Study Document\DA_TKLL\Logic_Design_Project\uart\uart.c
                 v_timer0   0x003574    program     extern F:\Study Document\DA_TKLL\Logic_Design_Project\lcd\lcd.c
               zero_block   0x00585c    program     static E:\3.46\pic18-lt\cxx-framework\src\traditional\proc\p18f4620.asm
                   ADCON0   0x000fc2       data     extern E:\3.46\pic18-lt\cxx-framework\src\traditional\proc\p18f4620.asm
               ADCON0bits   0x000fc2       data     extern E:\3.46\pic18-lt\cxx-framework\src\traditional\proc\p18f4620.asm
                   ADCON1   0x000fc1       data     extern E:\3.46\pic18-lt\cxx-framework\src\traditional\proc\p18f4620.asm
               ADCON1bits   0x000fc1       data     extern E:\3.46\pic18-lt\cxx-framework\src\traditional\proc\p18f4620.asm
                   ADCON2   0x000fc0       data     extern E:\3.46\pic18-lt\cxx-framework\src\traditional\proc\p18f4620.asm
               ADCON2bits   0x000fc0       data     extern E:\3.46\pic18-lt\cxx-framework\src\traditional\proc\p18f4620.asm
                    ADRES   0x000fc3       data     extern E:\3.46\pic18-lt\cxx-framework\src\traditional\proc\p18f4620.asm
                   ADRESH   0x000fc4       data     extern E:\3.46\pic18-lt\cxx-framework\src\traditional\proc\p18f4620.asm
                   ADRESL   0x000fc3       data     extern E:\3.46\pic18-lt\cxx-framework\src\traditional\proc\p18f4620.asm
                  BAUDCON   0x000fb8       data     extern E:\3.46\pic18-lt\cxx-framework\src\traditional\proc\p18f4620.asm
              BAUDCONbits   0x000fb8       data     extern E:\3.46\pic18-lt\cxx-framework\src\traditional\proc\p18f4620.asm
                  BAUDCTL   0x000fb8       data     extern E:\3.46\pic18-lt\cxx-framework\src\traditional\proc\p18f4620.asm
              BAUDCTLbits   0x000fb8       data     extern E:\3.46\pic18-lt\cxx-framework\src\traditional\proc\p18f4620.asm
                      BSR   0x000fe0       data     extern E:\3.46\pic18-lt\cxx-framework\src\traditional\proc\p18f4620.asm
                  CCP1CON   0x000fbd       data     extern E:\3.46\pic18-lt\cxx-framework\src\traditional\proc\p18f4620.asm
              CCP1CONbits   0x000fbd       data     extern E:\3.46\pic18-lt\cxx-framework\src\traditional\proc\p18f4620.asm
                  CCP2CON   0x000fba       data     extern E:\3.46\pic18-lt\cxx-framework\src\traditional\proc\p18f4620.asm
              CCP2CONbits   0x000fba       data     extern E:\3.46\pic18-lt\cxx-framework\src\traditional\proc\p18f4620.asm
                    CCPR1   0x000fbe       data     extern E:\3.46\pic18-lt\cxx-framework\src\traditional\proc\p18f4620.asm
                   CCPR1H   0x000fbf       data     extern E:\3.46\pic18-lt\cxx-framework\src\traditional\proc\p18f4620.asm
                   CCPR1L   0x000fbe       data     extern E:\3.46\pic18-lt\cxx-framework\src\traditional\proc\p18f4620.asm
                    CCPR2   0x000fbb       data     extern E:\3.46\pic18-lt\cxx-framework\src\traditional\proc\p18f4620.asm
                   CCPR2H   0x000fbc       data     extern E:\3.46\pic18-lt\cxx-framework\src\traditional\proc\p18f4620.asm
                   CCPR2L   0x000fbb       data     extern E:\3.46\pic18-lt\cxx-framework\src\traditional\proc\p18f4620.asm
                    CMCON   0x000fb4       data     extern E:\3.46\pic18-lt\cxx-framework\src\traditional\proc\p18f4620.asm
                CMCONbits   0x000fb4       data     extern E:\3.46\pic18-lt\cxx-framework\src\traditional\proc\p18f4620.asm
                   CVRCON   0x000fb5       data     extern E:\3.46\pic18-lt\cxx-framework\src\traditional\proc\p18f4620.asm
               CVRCONbits   0x000fb5       data     extern E:\3.46\pic18-lt\cxx-framework\src\traditional\proc\p18f4620.asm
                     DDRA   0x000f92       data     extern E:\3.46\pic18-lt\cxx-framework\src\traditional\proc\p18f4620.asm
                 DDRAbits   0x000f92       data     extern E:\3.46\pic18-lt\cxx-framework\src\traditional\proc\p18f4620.asm
                     DDRB   0x000f93       data     extern E:\3.46\pic18-lt\cxx-framework\src\traditional\proc\p18f4620.asm
                 DDRBbits   0x000f93       data     extern E:\3.46\pic18-lt\cxx-framework\src\traditional\proc\p18f4620.asm
                     DDRC   0x000f94       data     extern E:\3.46\pic18-lt\cxx-framework\src\traditional\proc\p18f4620.asm
                 DDRCbits   0x000f94       data     extern E:\3.46\pic18-lt\cxx-framework\src\traditional\proc\p18f4620.asm
                     DDRD   0x000f95       data     extern E:\3.46\pic18-lt\cxx-framework\src\traditional\proc\p18f4620.asm
                 DDRDbits   0x000f95       data     extern E:\3.46\pic18-lt\cxx-framework\src\traditional\proc\p18f4620.asm
                     DDRE   0x000f96       data     extern E:\3.46\pic18-lt\cxx-framework\src\traditional\proc\p18f4620.asm
                 DDREbits   0x000f96       data     extern E:\3.46\pic18-lt\cxx-framework\src\traditional\proc\p18f4620.asm
                  ECCP1AS   0x000fb6       data     extern E:\3.46\pic18-lt\cxx-framework\src\traditional\proc\p18f4620.asm
              ECCP1ASbits   0x000fb6       data     extern E:\3.46\pic18-lt\cxx-framework\src\traditional\proc\p18f4620.asm
                    EEADR   0x000fa9       data     extern E:\3.46\pic18-lt\cxx-framework\src\traditional\proc\p18f4620.asm
                   EEADRH   0x000faa       data     extern E:\3.46\pic18-lt\cxx-framework\src\traditional\proc\p18f4620.asm
                   EECON1   0x000fa6       data     extern E:\3.46\pic18-lt\cxx-framework\src\traditional\proc\p18f4620.asm
               EECON1bits   0x000fa6       data     extern E:\3.46\pic18-lt\cxx-framework\src\traditional\proc\p18f4620.asm
                   EECON2   0x000fa7       data     extern E:\3.46\pic18-lt\cxx-framework\src\traditional\proc\p18f4620.asm
                   EEDATA   0x000fa8       data     extern E:\3.46\pic18-lt\cxx-framework\src\traditional\proc\p18f4620.asm
                     FSR0   0x000fe9       data     extern E:\3.46\pic18-lt\cxx-framework\src\traditional\proc\p18f4620.asm
                    FSR0H   0x000fea       data     extern E:\3.46\pic18-lt\cxx-framework\src\traditional\proc\p18f4620.asm
                    FSR0L   0x000fe9       data     extern E:\3.46\pic18-lt\cxx-framework\src\traditional\proc\p18f4620.asm
                     FSR1   0x000fe1       data     extern E:\3.46\pic18-lt\cxx-framework\src\traditional\proc\p18f4620.asm
                    FSR1H   0x000fe2       data     extern E:\3.46\pic18-lt\cxx-framework\src\traditional\proc\p18f4620.asm
                    FSR1L   0x000fe1       data     extern E:\3.46\pic18-lt\cxx-framework\src\traditional\proc\p18f4620.asm
                     FSR2   0x000fd9       data     extern E:\3.46\pic18-lt\cxx-framework\src\traditional\proc\p18f4620.asm
                    FSR2H   0x000fda       data     extern E:\3.46\pic18-lt\cxx-framework\src\traditional\proc\p18f4620.asm
                    FSR2L   0x000fd9       data     extern E:\3.46\pic18-lt\cxx-framework\src\traditional\proc\p18f4620.asm
                  HLVDCON   0x000fd2       data     extern E:\3.46\pic18-lt\cxx-framework\src\traditional\proc\p18f4620.asm
              HLVDCONbits   0x000fd2       data     extern E:\3.46\pic18-lt\cxx-framework\src\traditional\proc\p18f4620.asm
                    INDF0   0x000fef       data     extern E:\3.46\pic18-lt\cxx-framework\src\traditional\proc\p18f4620.asm
                    INDF1   0x000fe7       data     extern E:\3.46\pic18-lt\cxx-framework\src\traditional\proc\p18f4620.asm
                    INDF2   0x000fdf       data     extern E:\3.46\pic18-lt\cxx-framework\src\traditional\proc\p18f4620.asm
                   INTCON   0x000ff2       data     extern E:\3.46\pic18-lt\cxx-framework\src\traditional\proc\p18f4620.asm
                  INTCON2   0x000ff1       data     extern E:\3.46\pic18-lt\cxx-framework\src\traditional\proc\p18f4620.asm
              INTCON2bits   0x000ff1       data     extern E:\3.46\pic18-lt\cxx-framework\src\traditional\proc\p18f4620.asm
                  INTCON3   0x000ff0       data     extern E:\3.46\pic18-lt\cxx-framework\src\traditional\proc\p18f4620.asm
              INTCON3bits   0x000ff0       data     extern E:\3.46\pic18-lt\cxx-framework\src\traditional\proc\p18f4620.asm
               INTCONbits   0x000ff2       data     extern E:\3.46\pic18-lt\cxx-framework\src\traditional\proc\p18f4620.asm
                     IPR1   0x000f9f       data     extern E:\3.46\pic18-lt\cxx-framework\src\traditional\proc\p18f4620.asm
                 IPR1bits   0x000f9f       data     extern E:\3.46\pic18-lt\cxx-framework\src\traditional\proc\p18f4620.asm
                     IPR2   0x000fa2       data     extern E:\3.46\pic18-lt\cxx-framework\src\traditional\proc\p18f4620.asm
                 IPR2bits   0x000fa2       data     extern E:\3.46\pic18-lt\cxx-framework\src\traditional\proc\p18f4620.asm
                     LATA   0x000f89       data     extern E:\3.46\pic18-lt\cxx-framework\src\traditional\proc\p18f4620.asm
                 LATAbits   0x000f89       data     extern E:\3.46\pic18-lt\cxx-framework\src\traditional\proc\p18f4620.asm
                     LATB   0x000f8a       data     extern E:\3.46\pic18-lt\cxx-framework\src\traditional\proc\p18f4620.asm
                 LATBbits   0x000f8a       data     extern E:\3.46\pic18-lt\cxx-framework\src\traditional\proc\p18f4620.asm
                     LATC   0x000f8b       data     extern E:\3.46\pic18-lt\cxx-framework\src\traditional\proc\p18f4620.asm
                 LATCbits   0x000f8b       data     extern E:\3.46\pic18-lt\cxx-framework\src\traditional\proc\p18f4620.asm
                     LATD   0x000f8c       data     extern E:\3.46\pic18-lt\cxx-framework\src\traditional\proc\p18f4620.asm
                 LATDbits   0x000f8c       data     extern E:\3.46\pic18-lt\cxx-framework\src\traditional\proc\p18f4620.asm
                     LATE   0x000f8d       data     extern E:\3.46\pic18-lt\cxx-framework\src\traditional\proc\p18f4620.asm
                 LATEbits   0x000f8d       data     extern E:\3.46\pic18-lt\cxx-framework\src\traditional\proc\p18f4620.asm
                   LVDCON   0x000fd2       data     extern E:\3.46\pic18-lt\cxx-framework\src\traditional\proc\p18f4620.asm
               LVDCONbits   0x000fd2       data     extern E:\3.46\pic18-lt\cxx-framework\src\traditional\proc\p18f4620.asm
                LcdScreen   0x000f41       data     extern F:\Study Document\DA_TKLL\Logic_Design_Project\lcd\lcd.c
                   OSCCON   0x000fd3       data     extern E:\3.46\pic18-lt\cxx-framework\src\traditional\proc\p18f4620.asm
               OSCCONbits   0x000fd3       data     extern E:\3.46\pic18-lt\cxx-framework\src\traditional\proc\p18f4620.asm
                  OSCTUNE   0x000f9b       data     extern E:\3.46\pic18-lt\cxx-framework\src\traditional\proc\p18f4620.asm
              OSCTUNEbits   0x000f9b       data     extern E:\3.46\pic18-lt\cxx-framework\src\traditional\proc\p18f4620.asm
                       PC   0x000ff9       data     extern E:\3.46\pic18-lt\cxx-framework\src\traditional\proc\p18f4620.asm
                      PCL   0x000ff9       data     extern E:\3.46\pic18-lt\cxx-framework\src\traditional\proc\p18f4620.asm
                   PCLATH   0x000ffa       data     extern E:\3.46\pic18-lt\cxx-framework\src\traditional\proc\p18f4620.asm
                   PCLATU   0x000ffb       data     extern E:\3.46\pic18-lt\cxx-framework\src\traditional\proc\p18f4620.asm
                     PIE1   0x000f9d       data     extern E:\3.46\pic18-lt\cxx-framework\src\traditional\proc\p18f4620.asm
                 PIE1bits   0x000f9d       data     extern E:\3.46\pic18-lt\cxx-framework\src\traditional\proc\p18f4620.asm
                     PIE2   0x000fa0       data     extern E:\3.46\pic18-lt\cxx-framework\src\traditional\proc\p18f4620.asm
                 PIE2bits   0x000fa0       data     extern E:\3.46\pic18-lt\cxx-framework\src\traditional\proc\p18f4620.asm
                     PIR1   0x000f9e       data     extern E:\3.46\pic18-lt\cxx-framework\src\traditional\proc\p18f4620.asm
                 PIR1bits   0x000f9e       data     extern E:\3.46\pic18-lt\cxx-framework\src\traditional\proc\p18f4620.asm
                     PIR2   0x000fa1       data     extern E:\3.46\pic18-lt\cxx-framework\src\traditional\proc\p18f4620.asm
                 PIR2bits   0x000fa1       data     extern E:\3.46\pic18-lt\cxx-framework\src\traditional\proc\p18f4620.asm
                   PLUSW0   0x000feb       data     extern E:\3.46\pic18-lt\cxx-framework\src\traditional\proc\p18f4620.asm
                   PLUSW1   0x000fe3       data     extern E:\3.46\pic18-lt\cxx-framework\src\traditional\proc\p18f4620.asm
                   PLUSW2   0x000fdb       data     extern E:\3.46\pic18-lt\cxx-framework\src\traditional\proc\p18f4620.asm
                    PORTA   0x000f80       data     extern E:\3.46\pic18-lt\cxx-framework\src\traditional\proc\p18f4620.asm
                PORTAbits   0x000f80       data     extern E:\3.46\pic18-lt\cxx-framework\src\traditional\proc\p18f4620.asm
                    PORTB   0x000f81       data     extern E:\3.46\pic18-lt\cxx-framework\src\traditional\proc\p18f4620.asm
                PORTBbits   0x000f81       data     extern E:\3.46\pic18-lt\cxx-framework\src\traditional\proc\p18f4620.asm
                    PORTC   0x000f82       data     extern E:\3.46\pic18-lt\cxx-framework\src\traditional\proc\p18f4620.asm
                PORTCbits   0x000f82       data     extern E:\3.46\pic18-lt\cxx-framework\src\traditional\proc\p18f4620.asm
                    PORTD   0x000f83       data     extern E:\3.46\pic18-lt\cxx-framework\src\traditional\proc\p18f4620.asm
                PORTDbits   0x000f83       data     extern E:\3.46\pic18-lt\cxx-framework\src\traditional\proc\p18f4620.asm
                    PORTE   0x000f84       data     extern E:\3.46\pic18-lt\cxx-framework\src\traditional\proc\p18f4620.asm
                PORTEbits   0x000f84       data     extern E:\3.46\pic18-lt\cxx-framework\src\traditional\proc\p18f4620.asm
                 POSTDEC0   0x000fed       data     extern E:\3.46\pic18-lt\cxx-framework\src\traditional\proc\p18f4620.asm
                 POSTDEC1   0x000fe5       data     extern E:\3.46\pic18-lt\cxx-framework\src\traditional\proc\p18f4620.asm
                 POSTDEC2   0x000fdd       data     extern E:\3.46\pic18-lt\cxx-framework\src\traditional\proc\p18f4620.asm
                 POSTINC0   0x000fee       data     extern E:\3.46\pic18-lt\cxx-framework\src\traditional\proc\p18f4620.asm
                 POSTINC1   0x000fe6       data     extern E:\3.46\pic18-lt\cxx-framework\src\traditional\proc\p18f4620.asm
                 POSTINC2   0x000fde       data     extern E:\3.46\pic18-lt\cxx-framework\src\traditional\proc\p18f4620.asm
                      PR2   0x000fcb       data     extern E:\3.46\pic18-lt\cxx-framework\src\traditional\proc\p18f4620.asm
                  PREINC0   0x000fec       data     extern E:\3.46\pic18-lt\cxx-framework\src\traditional\proc\p18f4620.asm
                  PREINC1   0x000fe4       data     extern E:\3.46\pic18-lt\cxx-framework\src\traditional\proc\p18f4620.asm
                  PREINC2   0x000fdc       data     extern E:\3.46\pic18-lt\cxx-framework\src\traditional\proc\p18f4620.asm
                     PROD   0x000ff3       data     extern E:\3.46\pic18-lt\cxx-framework\src\traditional\proc\p18f4620.asm
                    PRODH   0x000ff4       data     extern E:\3.46\pic18-lt\cxx-framework\src\traditional\proc\p18f4620.asm
                    PRODL   0x000ff3       data     extern E:\3.46\pic18-lt\cxx-framework\src\traditional\proc\p18f4620.asm
                  PWM1CON   0x000fb7       data     extern E:\3.46\pic18-lt\cxx-framework\src\traditional\proc\p18f4620.asm
              PWM1CONbits   0x000fb7       data     extern E:\3.46\pic18-lt\cxx-framework\src\traditional\proc\p18f4620.asm
                     RCON   0x000fd0       data     extern E:\3.46\pic18-lt\cxx-framework\src\traditional\proc\p18f4620.asm
                 RCONbits   0x000fd0       data     extern E:\3.46\pic18-lt\cxx-framework\src\traditional\proc\p18f4620.asm
                    RCREG   0x000fae       data     extern E:\3.46\pic18-lt\cxx-framework\src\traditional\proc\p18f4620.asm
                    RCSTA   0x000fab       data     extern E:\3.46\pic18-lt\cxx-framework\src\traditional\proc\p18f4620.asm
                RCSTAbits   0x000fab       data     extern E:\3.46\pic18-lt\cxx-framework\src\traditional\proc\p18f4620.asm
                     SIGN   0x000000       data     extern E:\3.46\pic18-lt\cxx-framework\src\traditional\math\cmath18.asm
                    SPBRG   0x000faf       data     extern E:\3.46\pic18-lt\cxx-framework\src\traditional\proc\p18f4620.asm
                   SPBRGH   0x000fb0       data     extern E:\3.46\pic18-lt\cxx-framework\src\traditional\proc\p18f4620.asm
                   SSPADD   0x000fc8       data     extern E:\3.46\pic18-lt\cxx-framework\src\traditional\proc\p18f4620.asm
                   SSPBUF   0x000fc9       data     extern E:\3.46\pic18-lt\cxx-framework\src\traditional\proc\p18f4620.asm
                  SSPCON1   0x000fc6       data     extern E:\3.46\pic18-lt\cxx-framework\src\traditional\proc\p18f4620.asm
              SSPCON1bits   0x000fc6       data     extern E:\3.46\pic18-lt\cxx-framework\src\traditional\proc\p18f4620.asm
                  SSPCON2   0x000fc5       data     extern E:\3.46\pic18-lt\cxx-framework\src\traditional\proc\p18f4620.asm
              SSPCON2bits   0x000fc5       data     extern E:\3.46\pic18-lt\cxx-framework\src\traditional\proc\p18f4620.asm
                  SSPSTAT   0x000fc7       data     extern E:\3.46\pic18-lt\cxx-framework\src\traditional\proc\p18f4620.asm
              SSPSTATbits   0x000fc7       data     extern E:\3.46\pic18-lt\cxx-framework\src\traditional\proc\p18f4620.asm
                   STATUS   0x000fd8       data     extern E:\3.46\pic18-lt\cxx-framework\src\traditional\proc\p18f4620.asm
               STATUSbits   0x000fd8       data     extern E:\3.46\pic18-lt\cxx-framework\src\traditional\proc\p18f4620.asm
                   STKPTR   0x000ffc       data     extern E:\3.46\pic18-lt\cxx-framework\src\traditional\proc\p18f4620.asm
               STKPTRbits   0x000ffc       data     extern E:\3.46\pic18-lt\cxx-framework\src\traditional\proc\p18f4620.asm
                    T0CON   0x000fd5       data     extern E:\3.46\pic18-lt\cxx-framework\src\traditional\proc\p18f4620.asm
                T0CONbits   0x000fd5       data     extern E:\3.46\pic18-lt\cxx-framework\src\traditional\proc\p18f4620.asm
                    T1CON   0x000fcd       data     extern E:\3.46\pic18-lt\cxx-framework\src\traditional\proc\p18f4620.asm
                T1CONbits   0x000fcd       data     extern E:\3.46\pic18-lt\cxx-framework\src\traditional\proc\p18f4620.asm
                    T2CON   0x000fca       data     extern E:\3.46\pic18-lt\cxx-framework\src\traditional\proc\p18f4620.asm
                T2CONbits   0x000fca       data     extern E:\3.46\pic18-lt\cxx-framework\src\traditional\proc\p18f4620.asm
                    T3CON   0x000fb1       data     extern E:\3.46\pic18-lt\cxx-framework\src\traditional\proc\p18f4620.asm
                T3CONbits   0x000fb1       data     extern E:\3.46\pic18-lt\cxx-framework\src\traditional\proc\p18f4620.asm
                   TABLAT   0x000ff5       data     extern E:\3.46\pic18-lt\cxx-framework\src\traditional\proc\p18f4620.asm
                   TBLPTR   0x000ff6       data     extern E:\3.46\pic18-lt\cxx-framework\src\traditional\proc\p18f4620.asm
                  TBLPTRH   0x000ff7       data     extern E:\3.46\pic18-lt\cxx-framework\src\traditional\proc\p18f4620.asm
                  TBLPTRL   0x000ff6       data     extern E:\3.46\pic18-lt\cxx-framework\src\traditional\proc\p18f4620.asm
                  TBLPTRU   0x000ff8       data     extern E:\3.46\pic18-lt\cxx-framework\src\traditional\proc\p18f4620.asm
                    TMR0H   0x000fd7       data     extern E:\3.46\pic18-lt\cxx-framework\src\traditional\proc\p18f4620.asm
                    TMR0L   0x000fd6       data     extern E:\3.46\pic18-lt\cxx-framework\src\traditional\proc\p18f4620.asm
                    TMR1H   0x000fcf       data     extern E:\3.46\pic18-lt\cxx-framework\src\traditional\proc\p18f4620.asm
                    TMR1L   0x000fce       data     extern E:\3.46\pic18-lt\cxx-framework\src\traditional\proc\p18f4620.asm
                     TMR2   0x000fcc       data     extern E:\3.46\pic18-lt\cxx-framework\src\traditional\proc\p18f4620.asm
                    TMR3H   0x000fb3       data     extern E:\3.46\pic18-lt\cxx-framework\src\traditional\proc\p18f4620.asm
                    TMR3L   0x000fb2       data     extern E:\3.46\pic18-lt\cxx-framework\src\traditional\proc\p18f4620.asm
                      TOS   0x000ffd       data     extern E:\3.46\pic18-lt\cxx-framework\src\traditional\proc\p18f4620.asm
                     TOSH   0x000ffe       data     extern E:\3.46\pic18-lt\cxx-framework\src\traditional\proc\p18f4620.asm
                     TOSL   0x000ffd       data     extern E:\3.46\pic18-lt\cxx-framework\src\traditional\proc\p18f4620.asm
                     TOSU   0x000fff       data     extern E:\3.46\pic18-lt\cxx-framework\src\traditional\proc\p18f4620.asm
                    TRISA   0x000f92       data     extern E:\3.46\pic18-lt\cxx-framework\src\traditional\proc\p18f4620.asm
                TRISAbits   0x000f92       data     extern E:\3.46\pic18-lt\cxx-framework\src\traditional\proc\p18f4620.asm
                    TRISB   0x000f93       data     extern E:\3.46\pic18-lt\cxx-framework\src\traditional\proc\p18f4620.asm
                TRISBbits   0x000f93       data     extern E:\3.46\pic18-lt\cxx-framework\src\traditional\proc\p18f4620.asm
                    TRISC   0x000f94       data     extern E:\3.46\pic18-lt\cxx-framework\src\traditional\proc\p18f4620.asm
                TRISCbits   0x000f94       data     extern E:\3.46\pic18-lt\cxx-framework\src\traditional\proc\p18f4620.asm
                    TRISD   0x000f95       data     extern E:\3.46\pic18-lt\cxx-framework\src\traditional\proc\p18f4620.asm
                TRISDbits   0x000f95       data     extern E:\3.46\pic18-lt\cxx-framework\src\traditional\proc\p18f4620.asm
                    TRISE   0x000f96       data     extern E:\3.46\pic18-lt\cxx-framework\src\traditional\proc\p18f4620.asm
                TRISEbits   0x000f96       data     extern E:\3.46\pic18-lt\cxx-framework\src\traditional\proc\p18f4620.asm
                    TXREG   0x000fad       data     extern E:\3.46\pic18-lt\cxx-framework\src\traditional\proc\p18f4620.asm
                    TXSTA   0x000fac       data     extern E:\3.46\pic18-lt\cxx-framework\src\traditional\proc\p18f4620.asm
                TXSTAbits   0x000fac       data     extern E:\3.46\pic18-lt\cxx-framework\src\traditional\proc\p18f4620.asm
                 UserFont   0x000f00       data     extern F:\Study Document\DA_TKLL\Logic_Design_Project\lcd\lcd.c
                        W   0x000fe8       data     extern E:\3.46\pic18-lt\cxx-framework\src\traditional\proc\p18f4620.asm
                   WDTCON   0x000fd1       data     extern E:\3.46\pic18-lt\cxx-framework\src\traditional\proc\p18f4620.asm
               WDTCONbits   0x000fd1       data     extern E:\3.46\pic18-lt\cxx-framework\src\traditional\proc\p18f4620.asm
                     WREG   0x000fe8       data     extern E:\3.46\pic18-lt\cxx-framework\src\traditional\proc\p18f4620.asm
             WaitResponse   0x0000f6       data     extern F:\Study Document\DA_TKLL\Logic_Design_Project\main.c
                 __AARGB0   0x000009       data     extern E:\3.46\pic18-lt\cxx-framework\src\traditional\math\aarg.asm
                 __AARGB1   0x000008       data     extern E:\3.46\pic18-lt\cxx-framework\src\traditional\math\aarg.asm
                 __AARGB2   0x000007       data     extern E:\3.46\pic18-lt\cxx-framework\src\traditional\math\aarg.asm
                 __AARGB3   0x000006       data     extern E:\3.46\pic18-lt\cxx-framework\src\traditional\math\aarg.asm
                 __AARGB4   0x000005       data     extern E:\3.46\pic18-lt\cxx-framework\src\traditional\math\aarg.asm
                 __AARGB5   0x000004       data     extern E:\3.46\pic18-lt\cxx-framework\src\traditional\math\aarg.asm
                 __AARGB6   0x000003       data     extern E:\3.46\pic18-lt\cxx-framework\src\traditional\math\aarg.asm
                 __AARGB7   0x000002       data     extern E:\3.46\pic18-lt\cxx-framework\src\traditional\math\aarg.asm
                   __AEXP   0x00000a       data     extern E:\3.46\pic18-lt\cxx-framework\src\traditional\math\aarg.asm
                 __BARGB0   0x00000e       data     extern E:\3.46\pic18-lt\cxx-framework\src\traditional\math\barg.asm
                 __BARGB1   0x00000d       data     extern E:\3.46\pic18-lt\cxx-framework\src\traditional\math\barg.asm
                 __BARGB2   0x00000c       data     extern E:\3.46\pic18-lt\cxx-framework\src\traditional\math\barg.asm
                 __BARGB3   0x00000b       data     extern E:\3.46\pic18-lt\cxx-framework\src\traditional\math\barg.asm
                   __BEXP   0x00000f       data     extern E:\3.46\pic18-lt\cxx-framework\src\traditional\math\barg.asm
                __FPFLAGS   0x000001       data     extern E:\3.46\pic18-lt\cxx-framework\src\traditional\math\cmath18.asm
            __FPFLAGSbits   0x000001       data     extern E:\3.46\pic18-lt\cxx-framework\src\traditional\math\cmath18.asm
                  __REMB0   0x000005       data     extern E:\3.46\pic18-lt\cxx-framework\src\traditional\math\aarg.asm
                  __REMB1   0x000004       data     extern E:\3.46\pic18-lt\cxx-framework\src\traditional\math\aarg.asm
                  __REMB2   0x000003       data     extern E:\3.46\pic18-lt\cxx-framework\src\traditional\math\aarg.asm
                  __REMB3   0x000002       data     extern E:\3.46\pic18-lt\cxx-framework\src\traditional\math\aarg.asm
                  __tmp_0   0x000010       data     static F:\Study Document\DA_TKLL\Logic_Design_Project\lcd\lcd.c
                  __tmp_0   0x000010       data     static F:\Study Document\DA_TKLL\Logic_Design_Project\adc\adc.c
                  __tmp_0   0x000010       data     static F:\Study Document\DA_TKLL\Logic_Design_Project\main.c
                  __tmp_0   0x000010       data     static F:\Study Document\DA_TKLL\Logic_Design_Project\button_matrix\button.c
                  __tmp_0   0x000010       data     static F:\Study Document\DA_TKLL\Logic_Design_Project\timer\timer.c
                  __tmp_0   0x000010       data     static F:\Study Document\DA_TKLL\Logic_Design_Project\uart\uart.c
         arrayMapOfOutput   0x0000e5       data     extern F:\Study Document\DA_TKLL\Logic_Design_Project\main.c
      arrayMaskInputOfKey   0x000124       data     extern F:\Study Document\DA_TKLL\Logic_Design_Project\button_matrix\button.c
     arrayMaskOutputOfKey   0x000120       data     extern F:\Study Document\DA_TKLL\Logic_Design_Project\button_matrix\button.c
                     cnt0   0x000f6f       data     extern F:\Study Document\DA_TKLL\Logic_Design_Project\interrupt\interrupt.c
                     cnt1   0x000f71       data     extern F:\Study Document\DA_TKLL\Logic_Design_Project\interrupt\interrupt.c
            counterAllFSM   0x000130       data     extern F:\Study Document\DA_TKLL\Logic_Design_Project\global\global.c
                curr_byte   0x000f64       data     static E:\3.46\pic18-lt\cxx-framework\src\traditional\startup\c018i.c
               curr_entry   0x000f66       data     static E:\3.46\pic18-lt\cxx-framework\src\traditional\startup\c018i.c
              current_col   0x000f6d       data     extern F:\Study Document\DA_TKLL\Logic_Design_Project\lcd\lcd.c
              current_row   0x000f6b       data     extern F:\Study Document\DA_TKLL\Logic_Design_Project\lcd\lcd.c
              dataReceive   0x000081       data     extern F:\Study Document\DA_TKLL\Logic_Design_Project\uart\uart.c
                 dataSend   0x0000b3       data     extern F:\Study Document\DA_TKLL\Logic_Design_Project\uart\uart.c
                 data_ptr   0x000f68       data     static E:\3.46\pic18-lt\cxx-framework\src\traditional\startup\c018i.c
                    error   0x00012a       data     extern F:\Study Document\DA_TKLL\Logic_Design_Project\global\global.c
             errorCounter   0x000146       data     extern F:\Study Document\DA_TKLL\Logic_Design_Project\global\global.c
flagOfDataReceiveComplete   0x0000f8       data     extern F:\Study Document\DA_TKLL\Logic_Design_Project\uart\uart.c
              flag_timer0   0x000156       data     extern F:\Study Document\DA_TKLL\Logic_Design_Project\timer\timer.c
              flag_timer1   0x000157       data     extern F:\Study Document\DA_TKLL\Logic_Design_Project\timer\timer.c
              flag_timer2   0x000158       data     extern F:\Study Document\DA_TKLL\Logic_Design_Project\timer\timer.c
              flag_timer3   0x000159       data     extern F:\Study Document\DA_TKLL\Logic_Design_Project\timer\timer.c
               green2IsOn   0x00014d       data     extern F:\Study Document\DA_TKLL\Logic_Design_Project\global\global.c
                greenIsOn   0x00014a       data     extern F:\Study Document\DA_TKLL\Logic_Design_Project\global\global.c
             green_1_Time   0x000132       data     extern F:\Study Document\DA_TKLL\Logic_Design_Project\global\global.c
             green_2_Time   0x000138       data     extern F:\Study Document\DA_TKLL\Logic_Design_Project\global\global.c
                        i   0x000080       data     extern F:\Study Document\DA_TKLL\Logic_Design_Project\uart\uart.c
       indexOfDataReceive   0x0000fa       data     extern F:\Study Document\DA_TKLL\Logic_Design_Project\uart\uart.c
           indexOfMachine   0x0000f9       data     extern F:\Study Document\DA_TKLL\Logic_Design_Project\uart\uart.c
          indexOfdataSend   0x0000fb       data     extern F:\Study Document\DA_TKLL\Logic_Design_Project\uart\uart.c
                 key_code   0x000100       data     extern F:\Study Document\DA_TKLL\Logic_Design_Project\button_matrix\button.c
      numberOfDataReceive   0x0000fc       data     extern F:\Study Document\DA_TKLL\Logic_Design_Project\uart\uart.c
         numberOfDataSend   0x0000fd       data     extern F:\Study Document\DA_TKLL\Logic_Design_Project\uart\uart.c
                     prom   0x000f61       data     static E:\3.46\pic18-lt\cxx-framework\src\traditional\startup\c018i.c
                 red2IsOn   0x00014b       data     extern F:\Study Document\DA_TKLL\Logic_Design_Project\global\global.c
                  redIsOn   0x000148       data     extern F:\Study Document\DA_TKLL\Logic_Design_Project\global\global.c
                  redTime   0x000136       data     extern F:\Study Document\DA_TKLL\Logic_Design_Project\global\global.c
                redTime_2   0x00013c       data     extern F:\Study Document\DA_TKLL\Logic_Design_Project\global\global.c
                   status   0x000128       data     extern F:\Study Document\DA_TKLL\Logic_Design_Project\global\global.c
                statusLCD   0x000f40       data     extern F:\Study Document\DA_TKLL\Logic_Design_Project\lcd\lcd.c
             statusOutput   0x0000ed       data     extern F:\Study Document\DA_TKLL\Logic_Design_Project\main.c
            statusReceive   0x0000f7       data     extern F:\Study Document\DA_TKLL\Logic_Design_Project\uart\uart.c
             statusSim900   0x0000f5       data     extern F:\Study Document\DA_TKLL\Logic_Design_Project\main.c
              temp_green1   0x00013e       data     extern F:\Study Document\DA_TKLL\Logic_Design_Project\global\global.c
              temp_green2   0x000142       data     extern F:\Study Document\DA_TKLL\Logic_Design_Project\global\global.c
             temp_yellow1   0x000140       data     extern F:\Study Document\DA_TKLL\Logic_Design_Project\global\global.c
             temp_yellow2   0x000144       data     extern F:\Study Document\DA_TKLL\Logic_Design_Project\global\global.c
                time0_MUL   0x000166       data     extern F:\Study Document\DA_TKLL\Logic_Design_Project\timer\timer.c
                time1_MUL   0x000168       data     extern F:\Study Document\DA_TKLL\Logic_Design_Project\timer\timer.c
                time2_MUL   0x00016a       data     extern F:\Study Document\DA_TKLL\Logic_Design_Project\timer\timer.c
                time3_MUL   0x00016c       data     extern F:\Study Document\DA_TKLL\Logic_Design_Project\timer\timer.c
            timeInManMode   0x000131       data     extern F:\Study Document\DA_TKLL\Logic_Design_Project\global\global.c
              timeOfLight   0x00012c       data     extern F:\Study Document\DA_TKLL\Logic_Design_Project\global\global.c
            timeOfLight_2   0x00012e       data     extern F:\Study Document\DA_TKLL\Logic_Design_Project\global\global.c
               timer0_cnt   0x00015e       data     extern F:\Study Document\DA_TKLL\Logic_Design_Project\timer\timer.c
             timer0_value   0x00014e       data     extern F:\Study Document\DA_TKLL\Logic_Design_Project\timer\timer.c
               timer1_cnt   0x000160       data     extern F:\Study Document\DA_TKLL\Logic_Design_Project\timer\timer.c
             timer1_value   0x000150       data     extern F:\Study Document\DA_TKLL\Logic_Design_Project\timer\timer.c
               timer2_cnt   0x000162       data     extern F:\Study Document\DA_TKLL\Logic_Design_Project\timer\timer.c
             timer2_value   0x000152       data     extern F:\Study Document\DA_TKLL\Logic_Design_Project\timer\timer.c
               timer3_cnt   0x000164       data     extern F:\Study Document\DA_TKLL\Logic_Design_Project\timer\timer.c
             timer3_value   0x000154       data     extern F:\Study Document\DA_TKLL\Logic_Design_Project\timer\timer.c
                   v_cnt0   0x00015a       data     extern F:\Study Document\DA_TKLL\Logic_Design_Project\timer\timer.c
                   v_cnt1   0x00015c       data     extern F:\Study Document\DA_TKLL\Logic_Design_Project\timer\timer.c
              yellow2IsOn   0x00014c       data     extern F:\Study Document\DA_TKLL\Logic_Design_Project\global\global.c
               yellowIsOn   0x000149       data     extern F:\Study Document\DA_TKLL\Logic_Design_Project\global\global.c
            yellow_1_Time   0x000134       data     extern F:\Study Document\DA_TKLL\Logic_Design_Project\global\global.c
            yellow_2_Time   0x00013a       data     extern F:\Study Document\DA_TKLL\Logic_Design_Project\global\global.c



                              Symbols - Sorted by Address
                     Name    Address   Location    Storage File                     
                ---------  ---------  ---------  --------- ---------                
                   _entry   0x000000    program     extern E:\3.46\pic18-lt\cxx-framework\src\traditional\startup\c018i.c
       ___return_lbl00000   0x000004    program     static                          
                   __init   0x000006    program     extern E:\3.46\pic18-lt\cxx-framework\src\traditional\stdclib\__init.c
      InterruptVectorHigh   0x000008    program     extern F:\Study Document\DA_TKLL\Logic_Design_Project\interrupt\interrupt.c
       ___return_lbl00003   0x00000c    program     static                          
       InterruptVectorLow   0x000018    program     extern F:\Study Document\DA_TKLL\Logic_Design_Project\interrupt\interrupt.c
       ___return_lbl00002   0x00001c    program     static                          
                     main   0x000074    program     extern F:\Study Document\DA_TKLL\Logic_Design_Project\main.c
                 delay_ms   0x0000e6    program     extern F:\Study Document\DA_TKLL\Logic_Design_Project\main.c
              init_system   0x00016e    program     extern F:\Study Document\DA_TKLL\Logic_Design_Project\main.c
                  compare   0x0001be    program     extern F:\Study Document\DA_TKLL\Logic_Design_Project\main.c
       ServerPressedReset   0x00025a    program     extern F:\Study Document\DA_TKLL\Logic_Design_Project\main.c
               OpenOutput   0x00030e    program     extern F:\Study Document\DA_TKLL\Logic_Design_Project\main.c
              CloseOutput   0x00035e    program     extern F:\Study Document\DA_TKLL\Logic_Design_Project\main.c
            ReverseOutput   0x0003ae    program     extern F:\Study Document\DA_TKLL\Logic_Design_Project\main.c
               TestOutput   0x00042a    program     extern F:\Study Document\DA_TKLL\Logic_Design_Project\main.c
             isButtonCall   0x0004a6    program     extern F:\Study Document\DA_TKLL\Logic_Design_Project\main.c
          isButtonMessage   0x0004b6    program     extern F:\Study Document\DA_TKLL\Logic_Design_Project\main.c
             Error_Handle   0x0004c6    program     extern F:\Study Document\DA_TKLL\Logic_Design_Project\main.c
           Phase1_GreenOn   0x0005ba    program     extern F:\Study Document\DA_TKLL\Logic_Design_Project\main.c
          Phase1_GreenOff   0x0005ce    program     extern F:\Study Document\DA_TKLL\Logic_Design_Project\main.c
          Phase1_YellowOn   0x0005e0    program     extern F:\Study Document\DA_TKLL\Logic_Design_Project\main.c
         Phase1_YellowOff   0x0005f4    program     extern F:\Study Document\DA_TKLL\Logic_Design_Project\main.c
             Phase1_RedOn   0x000606    program     extern F:\Study Document\DA_TKLL\Logic_Design_Project\main.c
            Phase1_RedOff   0x00061a    program     extern F:\Study Document\DA_TKLL\Logic_Design_Project\main.c
           Phase2_GreenOn   0x00062c    program     extern F:\Study Document\DA_TKLL\Logic_Design_Project\main.c
          Phase2_GreenOff   0x000640    program     extern F:\Study Document\DA_TKLL\Logic_Design_Project\main.c
          Phase2_YellowOn   0x000652    program     extern F:\Study Document\DA_TKLL\Logic_Design_Project\main.c
         Phase2_YellowOff   0x000666    program     extern F:\Study Document\DA_TKLL\Logic_Design_Project\main.c
             Phase2_RedOn   0x000678    program     extern F:\Study Document\DA_TKLL\Logic_Design_Project\main.c
            Phase2_RedOff   0x00068c    program     extern F:\Study Document\DA_TKLL\Logic_Design_Project\main.c
                switchMan   0x00069e    program     extern F:\Study Document\DA_TKLL\Logic_Design_Project\main.c
                switchTun   0x0006ae    program     extern F:\Study Document\DA_TKLL\Logic_Design_Project\main.c
             backingState   0x0006be    program     extern F:\Study Document\DA_TKLL\Logic_Design_Project\main.c
                 applyMan   0x0006ce    program     extern F:\Study Document\DA_TKLL\Logic_Design_Project\main.c
            increaseValue   0x0006de    program     extern F:\Study Document\DA_TKLL\Logic_Design_Project\main.c
            decreaseValue   0x0006ee    program     extern F:\Study Document\DA_TKLL\Logic_Design_Project\main.c
             applySetting   0x000726    program     extern F:\Study Document\DA_TKLL\Logic_Design_Project\main.c
          slowDownPressed   0x000736    program     extern F:\Study Document\DA_TKLL\Logic_Design_Project\main.c
               outTunning   0x000746    program     extern F:\Study Document\DA_TKLL\Logic_Design_Project\main.c
       UART_sendingStatus   0x000756    program     extern F:\Study Document\DA_TKLL\Logic_Design_Project\main.c
  UART_sendingTimerLight1   0x0007b0    program     extern F:\Study Document\DA_TKLL\Logic_Design_Project\main.c
  UART_sendingTimerLight2   0x000900    program     extern F:\Study Document\DA_TKLL\Logic_Design_Project\main.c
UART_sendingTimerLight1_MAN   0x000a50    program     extern F:\Study Document\DA_TKLL\Logic_Design_Project\main.c
UART_sendingTimerLight2_MAN   0x000b68    program     extern F:\Study Document\DA_TKLL\Logic_Design_Project\main.c
 UART_sendingSettngLight1   0x000c80    program     extern F:\Study Document\DA_TKLL\Logic_Design_Project\main.c
 UART_sendingSettngLight2   0x000d54    program     extern F:\Study Document\DA_TKLL\Logic_Design_Project\main.c
           sendLightTimer   0x000e28    program     extern F:\Study Document\DA_TKLL\Logic_Design_Project\main.c
       sendLightTimer_MAN   0x000e7a    program     extern F:\Study Document\DA_TKLL\Logic_Design_Project\main.c
                countTime   0x000e86    program     extern F:\Study Document\DA_TKLL\Logic_Design_Project\main.c
            fsm_automatic   0x000f02    program     extern F:\Study Document\DA_TKLL\Logic_Design_Project\main.c
             __tmplbl_281   0x001886    program     static                          
               fsm_manual   0x001888    program     extern F:\Study Document\DA_TKLL\Logic_Design_Project\main.c
               fsm_tuning   0x00225a    program     extern F:\Study Document\DA_TKLL\Logic_Design_Project\main.c
             __tmplbl_309   0x002ba4    program     static                          
             __tmplbl_314   0x003008    program     static                          
             __tmplbl_308   0x003046    program     static                          
             __tmplbl_317   0x0034e2    program     static                          
             __tmplbl_316   0x0034e2    program     static                          
             __tmplbl_315   0x0034e2    program     static                          
             __tmplbl_313   0x0034e2    program     static                          
             __tmplbl_312   0x0034e2    program     static                          
             __tmplbl_311   0x0034e2    program     static                          
                lcd_delay   0x0034e4    program     extern F:\Study Document\DA_TKLL\Logic_Design_Project\lcd\lcd.c
                 v_timer0   0x003574    program     extern F:\Study Document\DA_TKLL\Logic_Design_Project\lcd\lcd.c
          lcd_sendCommand   0x003604    program     extern F:\Study Document\DA_TKLL\Logic_Design_Project\lcd\lcd.c
                 init_lcd   0x003684    program     extern F:\Study Document\DA_TKLL\Logic_Design_Project\lcd\lcd.c
          lcd_read_status   0x003792    program     extern F:\Study Document\DA_TKLL\Logic_Design_Project\lcd\lcd.c
            lcd_wait_busy   0x003848    program     extern F:\Study Document\DA_TKLL\Logic_Design_Project\lcd\lcd.c
          lcd_write_4bits   0x003868    program     extern F:\Study Document\DA_TKLL\Logic_Design_Project\lcd\lcd.c
            lcd_write_cmd   0x0038ae    program     extern F:\Study Document\DA_TKLL\Logic_Design_Project\lcd\lcd.c
           lcd_write_data   0x0038ea    program     extern F:\Study Document\DA_TKLL\Logic_Design_Project\lcd\lcd.c
              lcd_putchar   0x003928    program     extern F:\Study Document\DA_TKLL\Logic_Design_Project\lcd\lcd.c
           lcd_print_char   0x003942    program     extern F:\Study Document\DA_TKLL\Logic_Design_Project\lcd\lcd.c
            lcd_print_str   0x00395c    program     extern F:\Study Document\DA_TKLL\Logic_Design_Project\lcd\lcd.c
           lcd_set_cursor   0x00399c    program     extern F:\Study Document\DA_TKLL\Logic_Design_Project\lcd\lcd.c
                lcd_clear   0x0039d6    program     extern F:\Study Document\DA_TKLL\Logic_Design_Project\lcd\lcd.c
             lcd_power_of   0x0039ea    program     extern F:\Study Document\DA_TKLL\Logic_Design_Project\lcd\lcd.c
            lcd_print_num   0x003acc    program     extern F:\Study Document\DA_TKLL\Logic_Design_Project\lcd\lcd.c
              LcdPrintNum   0x003d02    program     extern F:\Study Document\DA_TKLL\Logic_Design_Project\lcd\lcd.c
           LcdPrintString   0x003d4a    program     extern F:\Study Document\DA_TKLL\Logic_Design_Project\lcd\lcd.c
          lcd_print_charS   0x003d7e    program     extern F:\Study Document\DA_TKLL\Logic_Design_Project\lcd\lcd.c
                LcdClearS   0x003dc4    program     extern F:\Study Document\DA_TKLL\Logic_Design_Project\lcd\lcd.c
         DisplayLcdScreen   0x003e22    program     extern F:\Study Document\DA_TKLL\Logic_Design_Project\lcd\lcd.c
        DisplayLcdScreen2   0x003f1a    program     extern F:\Study Document\DA_TKLL\Logic_Design_Project\lcd\lcd.c
      DisplayLcdScreenOld   0x003fa0    program     extern F:\Study Document\DA_TKLL\Logic_Design_Project\lcd\lcd.c
            LcdPrintCharS   0x00400a    program     extern F:\Study Document\DA_TKLL\Logic_Design_Project\lcd\lcd.c
             LcdPrintNumS   0x004060    program     extern F:\Study Document\DA_TKLL\Logic_Design_Project\lcd\lcd.c
          LcdPrintStringS   0x0042ae    program     extern F:\Study Document\DA_TKLL\Logic_Design_Project\lcd\lcd.c
                init_uart   0x004304    program     extern F:\Study Document\DA_TKLL\Logic_Design_Project\uart\uart.c
            uart_delay_ms   0x004322    program     extern F:\Study Document\DA_TKLL\Logic_Design_Project\uart\uart.c
             uart_putchar   0x0043aa    program     extern F:\Study Document\DA_TKLL\Logic_Design_Project\uart\uart.c
            uart_send_str   0x0043c6    program     extern F:\Study Document\DA_TKLL\Logic_Design_Project\uart\uart.c
           UartSendString   0x004406    program     extern F:\Study Document\DA_TKLL\Logic_Design_Project\uart\uart.c
uart_isr_simulate_machine   0x004452    program     extern F:\Study Document\DA_TKLL\Logic_Design_Project\uart\uart.c
                 uart_isr   0x0044dc    program     extern F:\Study Document\DA_TKLL\Logic_Design_Project\uart\uart.c
        UartSendDataGraph   0x0044e0    program     extern F:\Study Document\DA_TKLL\Logic_Design_Project\uart\uart.c
      UartSendNumToString   0x0045ec    program     extern F:\Study Document\DA_TKLL\Logic_Design_Project\uart\uart.c
            uart_power_of   0x004822    program     extern F:\Study Document\DA_TKLL\Logic_Design_Project\uart\uart.c
              init_timer0   0x004904    program     extern F:\Study Document\DA_TKLL\Logic_Design_Project\timer\timer.c
              stop_timer0   0x0049b8    program     extern F:\Study Document\DA_TKLL\Logic_Design_Project\timer\timer.c
             start_timer0   0x0049bc    program     extern F:\Study Document\DA_TKLL\Logic_Design_Project\timer\timer.c
              init_timer1   0x004a48    program     extern F:\Study Document\DA_TKLL\Logic_Design_Project\timer\timer.c
             start_timer1   0x004b02    program     extern F:\Study Document\DA_TKLL\Logic_Design_Project\timer\timer.c
              stop_timer1   0x004b8e    program     extern F:\Study Document\DA_TKLL\Logic_Design_Project\timer\timer.c
              init_timer2   0x004b92    program     extern F:\Study Document\DA_TKLL\Logic_Design_Project\timer\timer.c
             start_timer2   0x004bbe    program     extern F:\Study Document\DA_TKLL\Logic_Design_Project\timer\timer.c
              stop_timer2   0x004bc6    program     extern F:\Study Document\DA_TKLL\Logic_Design_Project\timer\timer.c
              init_timer3   0x004bca    program     extern F:\Study Document\DA_TKLL\Logic_Design_Project\timer\timer.c
             start_timer3   0x004c80    program     extern F:\Study Document\DA_TKLL\Logic_Design_Project\timer\timer.c
              stop_timer3   0x004d0c    program     extern F:\Study Document\DA_TKLL\Logic_Design_Project\timer\timer.c
               timer0_isr   0x004d10    program     extern F:\Study Document\DA_TKLL\Logic_Design_Project\timer\timer.c
               timer1_isr   0x004d2c    program     extern F:\Study Document\DA_TKLL\Logic_Design_Project\timer\timer.c
               timer2_isr   0x004d48    program     extern F:\Study Document\DA_TKLL\Logic_Design_Project\timer\timer.c
               timer3_isr   0x004d64    program     extern F:\Study Document\DA_TKLL\Logic_Design_Project\timer\timer.c
             SetTimer0_ms   0x004d80    program     extern F:\Study Document\DA_TKLL\Logic_Design_Project\timer\timer.c
             SetTimer1_ms   0x004da4    program     extern F:\Study Document\DA_TKLL\Logic_Design_Project\timer\timer.c
             SetTimer3_ms   0x004de2    program     extern F:\Study Document\DA_TKLL\Logic_Design_Project\timer\timer.c
          init_key_matrix   0x004e20    program     extern F:\Study Document\DA_TKLL\Logic_Design_Project\button_matrix\button.c
init_key_matrix_with_uart   0x004e28    program     extern F:\Study Document\DA_TKLL\Logic_Design_Project\button_matrix\button.c
          scan_key_matrix   0x004e32    program     extern F:\Study Document\DA_TKLL\Logic_Design_Project\button_matrix\button.c
[...]
                 DDRBbits   0x000f93       data     extern E:\3.46\pic18-lt\cxx-framework\src\traditional\proc\p18f4620.asm
                    TRISB   0x000f93       data     extern E:\3.46\pic18-lt\cxx-framework\src\traditional\proc\p18f4620.asm
                TRISBbits   0x000f93       data     extern E:\3.46\pic18-lt\cxx-framework\src\traditional\proc\p18f4620.asm
                     DDRC   0x000f94       data     extern E:\3.46\pic18-lt\cxx-framework\src\traditional\proc\p18f4620.asm
                 DDRCbits   0x000f94       data     extern E:\3.46\pic18-lt\cxx-framework\src\traditional\proc\p18f4620.asm
                    TRISC   0x000f94       data     extern E:\3.46\pic18-lt\cxx-framework\src\traditional\proc\p18f4620.asm
                TRISCbits   0x000f94       data     extern E:\3.46\pic18-lt\cxx-framework\src\traditional\proc\p18f4620.asm
                    TRISD   0x000f95       data     extern E:\3.46\pic18-lt\cxx-framework\src\traditional\proc\p18f4620.asm
                TRISDbits   0x000f95       data     extern E:\3.46\pic18-lt\cxx-framework\src\traditional\proc\p18f4620.asm
                 DDRDbits   0x000f95       data     extern E:\3.46\pic18-lt\cxx-framework\src\traditional\proc\p18f4620.asm
                     DDRD   0x000f95       data     extern E:\3.46\pic18-lt\cxx-framework\src\traditional\proc\p18f4620.asm
                     DDRE   0x000f96       data     extern E:\3.46\pic18-lt\cxx-framework\src\traditional\proc\p18f4620.asm
                    TRISE   0x000f96       data     extern E:\3.46\pic18-lt\cxx-framework\src\traditional\proc\p18f4620.asm
                TRISEbits   0x000f96       data     extern E:\3.46\pic18-lt\cxx-framework\src\traditional\proc\p18f4620.asm
                 DDREbits   0x000f96       data     extern E:\3.46\pic18-lt\cxx-framework\src\traditional\proc\p18f4620.asm
              OSCTUNEbits   0x000f9b       data     extern E:\3.46\pic18-lt\cxx-framework\src\traditional\proc\p18f4620.asm
                  OSCTUNE   0x000f9b       data     extern E:\3.46\pic18-lt\cxx-framework\src\traditional\proc\p18f4620.asm
                     PIE1   0x000f9d       data     extern E:\3.46\pic18-lt\cxx-framework\src\traditional\proc\p18f4620.asm
                 PIE1bits   0x000f9d       data     extern E:\3.46\pic18-lt\cxx-framework\src\traditional\proc\p18f4620.asm
                     PIR1   0x000f9e       data     extern E:\3.46\pic18-lt\cxx-framework\src\traditional\proc\p18f4620.asm
                 PIR1bits   0x000f9e       data     extern E:\3.46\pic18-lt\cxx-framework\src\traditional\proc\p18f4620.asm
                 IPR1bits   0x000f9f       data     extern E:\3.46\pic18-lt\cxx-framework\src\traditional\proc\p18f4620.asm
                     IPR1   0x000f9f       data     extern E:\3.46\pic18-lt\cxx-framework\src\traditional\proc\p18f4620.asm
                 PIE2bits   0x000fa0       data     extern E:\3.46\pic18-lt\cxx-framework\src\traditional\proc\p18f4620.asm
                     PIE2   0x000fa0       data     extern E:\3.46\pic18-lt\cxx-framework\src\traditional\proc\p18f4620.asm
                 PIR2bits   0x000fa1       data     extern E:\3.46\pic18-lt\cxx-framework\src\traditional\proc\p18f4620.asm
                     PIR2   0x000fa1       data     extern E:\3.46\pic18-lt\cxx-framework\src\traditional\proc\p18f4620.asm
                 IPR2bits   0x000fa2       data     extern E:\3.46\pic18-lt\cxx-framework\src\traditional\proc\p18f4620.asm
                     IPR2   0x000fa2       data     extern E:\3.46\pic18-lt\cxx-framework\src\traditional\proc\p18f4620.asm
               EECON1bits   0x000fa6       data     extern E:\3.46\pic18-lt\cxx-framework\src\traditional\proc\p18f4620.asm
                   EECON1   0x000fa6       data     extern E:\3.46\pic18-lt\cxx-framework\src\traditional\proc\p18f4620.asm
                   EECON2   0x000fa7       data     extern E:\3.46\pic18-lt\cxx-framework\src\traditional\proc\p18f4620.asm
                   EEDATA   0x000fa8       data     extern E:\3.46\pic18-lt\cxx-framework\src\traditional\proc\p18f4620.asm
                    EEADR   0x000fa9       data     extern E:\3.46\pic18-lt\cxx-framework\src\traditional\proc\p18f4620.asm
                   EEADRH   0x000faa       data     extern E:\3.46\pic18-lt\cxx-framework\src\traditional\proc\p18f4620.asm
                    RCSTA   0x000fab       data     extern E:\3.46\pic18-lt\cxx-framework\src\traditional\proc\p18f4620.asm
                RCSTAbits   0x000fab       data     extern E:\3.46\pic18-lt\cxx-framework\src\traditional\proc\p18f4620.asm
                TXSTAbits   0x000fac       data     extern E:\3.46\pic18-lt\cxx-framework\src\traditional\proc\p18f4620.asm
                    TXSTA   0x000fac       data     extern E:\3.46\pic18-lt\cxx-framework\src\traditional\proc\p18f4620.asm
                    TXREG   0x000fad       data     extern E:\3.46\pic18-lt\cxx-framework\src\traditional\proc\p18f4620.asm
                    RCREG   0x000fae       data     extern E:\3.46\pic18-lt\cxx-framework\src\traditional\proc\p18f4620.asm
                    SPBRG   0x000faf       data     extern E:\3.46\pic18-lt\cxx-framework\src\traditional\proc\p18f4620.asm
                   SPBRGH   0x000fb0       data     extern E:\3.46\pic18-lt\cxx-framework\src\traditional\proc\p18f4620.asm
                    T3CON   0x000fb1       data     extern E:\3.46\pic18-lt\cxx-framework\src\traditional\proc\p18f4620.asm
                T3CONbits   0x000fb1       data     extern E:\3.46\pic18-lt\cxx-framework\src\traditional\proc\p18f4620.asm
                    TMR3L   0x000fb2       data     extern E:\3.46\pic18-lt\cxx-framework\src\traditional\proc\p18f4620.asm
                    TMR3H   0x000fb3       data     extern E:\3.46\pic18-lt\cxx-framework\src\traditional\proc\p18f4620.asm
                    CMCON   0x000fb4       data     extern E:\3.46\pic18-lt\cxx-framework\src\traditional\proc\p18f4620.asm
                CMCONbits   0x000fb4       data     extern E:\3.46\pic18-lt\cxx-framework\src\traditional\proc\p18f4620.asm
                   CVRCON   0x000fb5       data     extern E:\3.46\pic18-lt\cxx-framework\src\traditional\proc\p18f4620.asm
               CVRCONbits   0x000fb5       data     extern E:\3.46\pic18-lt\cxx-framework\src\traditional\proc\p18f4620.asm
              ECCP1ASbits   0x000fb6       data     extern E:\3.46\pic18-lt\cxx-framework\src\traditional\proc\p18f4620.asm
                  ECCP1AS   0x000fb6       data     extern E:\3.46\pic18-lt\cxx-framework\src\traditional\proc\p18f4620.asm
                  PWM1CON   0x000fb7       data     extern E:\3.46\pic18-lt\cxx-framework\src\traditional\proc\p18f4620.asm
              PWM1CONbits   0x000fb7       data     extern E:\3.46\pic18-lt\cxx-framework\src\traditional\proc\p18f4620.asm
              BAUDCTLbits   0x000fb8       data     extern E:\3.46\pic18-lt\cxx-framework\src\traditional\proc\p18f4620.asm
                  BAUDCTL   0x000fb8       data     extern E:\3.46\pic18-lt\cxx-framework\src\traditional\proc\p18f4620.asm
              BAUDCONbits   0x000fb8       data     extern E:\3.46\pic18-lt\cxx-framework\src\traditional\proc\p18f4620.asm
                  BAUDCON   0x000fb8       data     extern E:\3.46\pic18-lt\cxx-framework\src\traditional\proc\p18f4620.asm
              CCP2CONbits   0x000fba       data     extern E:\3.46\pic18-lt\cxx-framework\src\traditional\proc\p18f4620.asm
                  CCP2CON   0x000fba       data     extern E:\3.46\pic18-lt\cxx-framework\src\traditional\proc\p18f4620.asm
                   CCPR2L   0x000fbb       data     extern E:\3.46\pic18-lt\cxx-framework\src\traditional\proc\p18f4620.asm
                    CCPR2   0x000fbb       data     extern E:\3.46\pic18-lt\cxx-framework\src\traditional\proc\p18f4620.asm
                   CCPR2H   0x000fbc       data     extern E:\3.46\pic18-lt\cxx-framework\src\traditional\proc\p18f4620.asm
                  CCP1CON   0x000fbd       data     extern E:\3.46\pic18-lt\cxx-framework\src\traditional\proc\p18f4620.asm
              CCP1CONbits   0x000fbd       data     extern E:\3.46\pic18-lt\cxx-framework\src\traditional\proc\p18f4620.asm
                   CCPR1L   0x000fbe       data     extern E:\3.46\pic18-lt\cxx-framework\src\traditional\proc\p18f4620.asm
                    CCPR1   0x000fbe       data     extern E:\3.46\pic18-lt\cxx-framework\src\traditional\proc\p18f4620.asm
                   CCPR1H   0x000fbf       data     extern E:\3.46\pic18-lt\cxx-framework\src\traditional\proc\p18f4620.asm
               ADCON2bits   0x000fc0       data     extern E:\3.46\pic18-lt\cxx-framework\src\traditional\proc\p18f4620.asm
                   ADCON2   0x000fc0       data     extern E:\3.46\pic18-lt\cxx-framework\src\traditional\proc\p18f4620.asm
               ADCON1bits   0x000fc1       data     extern E:\3.46\pic18-lt\cxx-framework\src\traditional\proc\p18f4620.asm
                   ADCON1   0x000fc1       data     extern E:\3.46\pic18-lt\cxx-framework\src\traditional\proc\p18f4620.asm
                   ADCON0   0x000fc2       data     extern E:\3.46\pic18-lt\cxx-framework\src\traditional\proc\p18f4620.asm
               ADCON0bits   0x000fc2       data     extern E:\3.46\pic18-lt\cxx-framework\src\traditional\proc\p18f4620.asm
                    ADRES   0x000fc3       data     extern E:\3.46\pic18-lt\cxx-framework\src\traditional\proc\p18f4620.asm
                   ADRESL   0x000fc3       data     extern E:\3.46\pic18-lt\cxx-framework\src\traditional\proc\p18f4620.asm
                   ADRESH   0x000fc4       data     extern E:\3.46\pic18-lt\cxx-framework\src\traditional\proc\p18f4620.asm
                  SSPCON2   0x000fc5       data     extern E:\3.46\pic18-lt\cxx-framework\src\traditional\proc\p18f4620.asm
              SSPCON2bits   0x000fc5       data     extern E:\3.46\pic18-lt\cxx-framework\src\traditional\proc\p18f4620.asm
                  SSPCON1   0x000fc6       data     extern E:\3.46\pic18-lt\cxx-framework\src\traditional\proc\p18f4620.asm
              SSPCON1bits   0x000fc6       data     extern E:\3.46\pic18-lt\cxx-framework\src\traditional\proc\p18f4620.asm
                  SSPSTAT   0x000fc7       data     extern E:\3.46\pic18-lt\cxx-framework\src\traditional\proc\p18f4620.asm
              SSPSTATbits   0x000fc7       data     extern E:\3.46\pic18-lt\cxx-framework\src\traditional\proc\p18f4620.asm
                   SSPADD   0x000fc8       data     extern E:\3.46\pic18-lt\cxx-framework\src\traditional\proc\p18f4620.asm
                   SSPBUF   0x000fc9       data     extern E:\3.46\pic18-lt\cxx-framework\src\traditional\proc\p18f4620.asm
                    T2CON   0x000fca       data     extern E:\3.46\pic18-lt\cxx-framework\src\traditional\proc\p18f4620.asm
                T2CONbits   0x000fca       data     extern E:\3.46\pic18-lt\cxx-framework\src\traditional\proc\p18f4620.asm
                      PR2   0x000fcb       data     extern E:\3.46\pic18-lt\cxx-framework\src\traditional\proc\p18f4620.asm
                     TMR2   0x000fcc       data     extern E:\3.46\pic18-lt\cxx-framework\src\traditional\proc\p18f4620.asm
                T1CONbits   0x000fcd       data     extern E:\3.46\pic18-lt\cxx-framework\src\traditional\proc\p18f4620.asm
                    T1CON   0x000fcd       data     extern E:\3.46\pic18-lt\cxx-framework\src\traditional\proc\p18f4620.asm
                    TMR1L   0x000fce       data     extern E:\3.46\pic18-lt\cxx-framework\src\traditional\proc\p18f4620.asm
                    TMR1H   0x000fcf       data     extern E:\3.46\pic18-lt\cxx-framework\src\traditional\proc\p18f4620.asm
                     RCON   0x000fd0       data     extern E:\3.46\pic18-lt\cxx-framework\src\traditional\proc\p18f4620.asm
                 RCONbits   0x000fd0       data     extern E:\3.46\pic18-lt\cxx-framework\src\traditional\proc\p18f4620.asm
               WDTCONbits   0x000fd1       data     extern E:\3.46\pic18-lt\cxx-framework\src\traditional\proc\p18f4620.asm
                   WDTCON   0x000fd1       data     extern E:\3.46\pic18-lt\cxx-framework\src\traditional\proc\p18f4620.asm
               LVDCONbits   0x000fd2       data     extern E:\3.46\pic18-lt\cxx-framework\src\traditional\proc\p18f4620.asm
                   LVDCON   0x000fd2       data     extern E:\3.46\pic18-lt\cxx-framework\src\traditional\proc\p18f4620.asm
              HLVDCONbits   0x000fd2       data     extern E:\3.46\pic18-lt\cxx-framework\src\traditional\proc\p18f4620.asm
                  HLVDCON   0x000fd2       data     extern E:\3.46\pic18-lt\cxx-framework\src\traditional\proc\p18f4620.asm
               OSCCONbits   0x000fd3       data     extern E:\3.46\pic18-lt\cxx-framework\src\traditional\proc\p18f4620.asm
                   OSCCON   0x000fd3       data     extern E:\3.46\pic18-lt\cxx-framework\src\traditional\proc\p18f4620.asm
                T0CONbits   0x000fd5       data     extern E:\3.46\pic18-lt\cxx-framework\src\traditional\proc\p18f4620.asm
                    T0CON   0x000fd5       data     extern E:\3.46\pic18-lt\cxx-framework\src\traditional\proc\p18f4620.asm
                    TMR0L   0x000fd6       data     extern E:\3.46\pic18-lt\cxx-framework\src\traditional\proc\p18f4620.asm
                    TMR0H   0x000fd7       data     extern E:\3.46\pic18-lt\cxx-framework\src\traditional\proc\p18f4620.asm
                   STATUS   0x000fd8       data     extern E:\3.46\pic18-lt\cxx-framework\src\traditional\proc\p18f4620.asm
               STATUSbits   0x000fd8       data     extern E:\3.46\pic18-lt\cxx-framework\src\traditional\proc\p18f4620.asm
                     FSR2   0x000fd9       data     extern E:\3.46\pic18-lt\cxx-framework\src\traditional\proc\p18f4620.asm
                    FSR2L   0x000fd9       data     extern E:\3.46\pic18-lt\cxx-framework\src\traditional\proc\p18f4620.asm
                    FSR2H   0x000fda       data     extern E:\3.46\pic18-lt\cxx-framework\src\traditional\proc\p18f4620.asm
                   PLUSW2   0x000fdb       data     extern E:\3.46\pic18-lt\cxx-framework\src\traditional\proc\p18f4620.asm
                  PREINC2   0x000fdc       data     extern E:\3.46\pic18-lt\cxx-framework\src\traditional\proc\p18f4620.asm
                 POSTDEC2   0x000fdd       data     extern E:\3.46\pic18-lt\cxx-framework\src\traditional\proc\p18f4620.asm
                 POSTINC2   0x000fde       data     extern E:\3.46\pic18-lt\cxx-framework\src\traditional\proc\p18f4620.asm
                    INDF2   0x000fdf       data     extern E:\3.46\pic18-lt\cxx-framework\src\traditional\proc\p18f4620.asm
                      BSR   0x000fe0       data     extern E:\3.46\pic18-lt\cxx-framework\src\traditional\proc\p18f4620.asm
                     FSR1   0x000fe1       data     extern E:\3.46\pic18-lt\cxx-framework\src\traditional\proc\p18f4620.asm
                    FSR1L   0x000fe1       data     extern E:\3.46\pic18-lt\cxx-framework\src\traditional\proc\p18f4620.asm
                    FSR1H   0x000fe2       data     extern E:\3.46\pic18-lt\cxx-framework\src\traditional\proc\p18f4620.asm
                   PLUSW1   0x000fe3       data     extern E:\3.46\pic18-lt\cxx-framework\src\traditional\proc\p18f4620.asm
                  PREINC1   0x000fe4       data     extern E:\3.46\pic18-lt\cxx-framework\src\traditional\proc\p18f4620.asm
                 POSTDEC1   0x000fe5       data     extern E:\3.46\pic18-lt\cxx-framework\src\traditional\proc\p18f4620.asm
                 POSTINC1   0x000fe6       data     extern E:\3.46\pic18-lt\cxx-framework\src\traditional\proc\p18f4620.asm
                    INDF1   0x000fe7       data     extern E:\3.46\pic18-lt\cxx-framework\src\traditional\proc\p18f4620.asm
                        W   0x000fe8       data     extern E:\3.46\pic18-lt\cxx-framework\src\traditional\proc\p18f4620.asm
                     WREG   0x000fe8       data     extern E:\3.46\pic18-lt\cxx-framework\src\traditional\proc\p18f4620.asm
                    FSR0L   0x000fe9       data     extern E:\3.46\pic18-lt\cxx-framework\src\traditional\proc\p18f4620.asm
                     FSR0   0x000fe9       data     extern E:\3.46\pic18-lt\cxx-framework\src\traditional\proc\p18f4620.asm
                    FSR0H   0x000fea       data     extern E:\3.46\pic18-lt\cxx-framework\src\traditional\proc\p18f4620.asm
                   PLUSW0   0x000feb       data     extern E:\3.46\pic18-lt\cxx-framework\src\traditional\proc\p18f4620.asm
                  PREINC0   0x000fec       data     extern E:\3.46\pic18-lt\cxx-framework\src\traditional\proc\p18f4620.asm
                 POSTDEC0   0x000fed       data     extern E:\3.46\pic18-lt\cxx-framework\src\traditional\proc\p18f4620.asm
                 POSTINC0   0x000fee       data     extern E:\3.46\pic18-lt\cxx-framework\src\traditional\proc\p18f4620.asm
                    INDF0   0x000fef       data     extern E:\3.46\pic18-lt\cxx-framework\src\traditional\proc\p18f4620.asm
              INTCON3bits   0x000ff0       data     extern E:\3.46\pic18-lt\cxx-framework\src\traditional\proc\p18f4620.asm
                  INTCON3   0x000ff0       data     extern E:\3.46\pic18-lt\cxx-framework\src\traditional\proc\p18f4620.asm
                  INTCON2   0x000ff1       data     extern E:\3.46\pic18-lt\cxx-framework\src\traditional\proc\p18f4620.asm
              INTCON2bits   0x000ff1       data     extern E:\3.46\pic18-lt\cxx-framework\src\traditional\proc\p18f4620.asm
                   INTCON   0x000ff2       data     extern E:\3.46\pic18-lt\cxx-framework\src\traditional\proc\p18f4620.asm
               INTCONbits   0x000ff2       data     extern E:\3.46\pic18-lt\cxx-framework\src\traditional\proc\p18f4620.asm
                     PROD   0x000ff3       data     extern E:\3.46\pic18-lt\cxx-framework\src\traditional\proc\p18f4620.asm
                    PRODL   0x000ff3       data     extern E:\3.46\pic18-lt\cxx-framework\src\traditional\proc\p18f4620.asm
                    PRODH   0x000ff4       data     extern E:\3.46\pic18-lt\cxx-framework\src\traditional\proc\p18f4620.asm
                   TABLAT   0x000ff5       data     extern E:\3.46\pic18-lt\cxx-framework\src\traditional\proc\p18f4620.asm
                  TBLPTRL   0x000ff6       data     extern E:\3.46\pic18-lt\cxx-framework\src\traditional\proc\p18f4620.asm
                   TBLPTR   0x000ff6       data     extern E:\3.46\pic18-lt\cxx-framework\src\traditional\proc\p18f4620.asm
                  TBLPTRH   0x000ff7       data     extern E:\3.46\pic18-lt\cxx-framework\src\traditional\proc\p18f4620.asm
                  TBLPTRU   0x000ff8       data     extern E:\3.46\pic18-lt\cxx-framework\src\traditional\proc\p18f4620.asm
                       PC   0x000ff9       data     extern E:\3.46\pic18-lt\cxx-framework\src\traditional\proc\p18f4620.asm
                      PCL   0x000ff9       data     extern E:\3.46\pic18-lt\cxx-framework\src\traditional\proc\p18f4620.asm
                   PCLATH   0x000ffa       data     extern E:\3.46\pic18-lt\cxx-framework\src\traditional\proc\p18f4620.asm
                   PCLATU   0x000ffb       data     extern E:\3.46\pic18-lt\cxx-framework\src\traditional\proc\p18f4620.asm
                   STKPTR   0x000ffc       data     extern E:\3.46\pic18-lt\cxx-framework\src\traditional\proc\p18f4620.asm
               STKPTRbits   0x000ffc       data     extern E:\3.46\pic18-lt\cxx-framework\src\traditional\proc\p18f4620.asm
                      TOS   0x000ffd       data     extern E:\3.46\pic18-lt\cxx-framework\src\traditional\proc\p18f4620.asm
                     TOSL   0x000ffd       data     extern E:\3.46\pic18-lt\cxx-framework\src\traditional\proc\p18f4620.asm
                     TOSH   0x000ffe       data     extern E:\3.46\pic18-lt\cxx-framework\src\traditional\proc\p18f4620.asm
                     TOSU   0x000fff       data     extern E:\3.46\pic18-lt\cxx-framework\src\traditional\proc\p18f4620.asm


