MPLINK 5.00, LINKER
Linker Map File - Created Tue Nov 29 08:46:54 2022

                                 Section Info
                  Section       Type    Address   Location Size(Bytes)
                ---------  ---------  ---------  ---------  ---------
               _entry_scn       code   0x000000    program   0x000006
           .code___init.o       code   0x000006    program   0x000002
      InterruptVectorHigh       code   0x000008    program   0x000006
          .idata_uart.o_i    romdata   0x00000e    program   0x000003
     .idata_interrupt.o_i    romdata   0x000011    program   0x000004
       InterruptVectorLow       code   0x000018    program   0x000006
                   .cinit    romdata   0x00001e    program   0x000056
             .code_main.o       code   0x000074    program   0x000e2c
              .code_lcd.o       code   0x000ea0    program   0x000e20
             .code_uart.o       code   0x001cc0    program   0x00058e
            .code_timer.o       code   0x00224e    program   0x00051c
           .code_button.o       code   0x00276a    program   0x000484
        .code_interrupt.o       code   0x002bee    program   0x0001d0
                     PROG       code   0x002dbe    program   0x0000da
               _cinit_scn       code   0x002e98    program   0x00009e
              .code_adc.o       code   0x002f36    program   0x00008c
          .code_fxm3232.o       code   0x002fc2    program   0x000070
             .stringtable    romdata   0x003032    program   0x000059
           .idata_adc.o_i    romdata   0x00308b    program   0x000000
           .romdata_adc.o    romdata   0x00308b    program   0x000000
        .romdata_global.o    romdata   0x00308b    program   0x000000
      .idata_fxd0808u.o_i    romdata   0x00308b    program   0x000000
        .romdata___init.o    romdata   0x00308b    program   0x000000
      .romdata_fxd0808u.o    romdata   0x00308b    program   0x000000
      .idata_fxd1616u.o_i    romdata   0x00308b    program   0x000000
      .romdata_fxd1616u.o    romdata   0x00308b    program   0x000000
        .idata___init.o_i    romdata   0x00308b    program   0x000000
      .idata_fxd2424u.o_i    romdata   0x00308b    program   0x000000
      .romdata_fxd2424u.o    romdata   0x00308b    program   0x000000
      .idata_fxd3232u.o_i    romdata   0x00308b    program   0x000000
      .romdata_fxd3232u.o    romdata   0x00308b    program   0x000000
       .romdata_fxm3232.o    romdata   0x00308b    program   0x000000
       .idata_fxm3232.o_i    romdata   0x00308b    program   0x000000
          .romdata_uart.o    romdata   0x00308b    program   0x000000
          .romdata_main.o    romdata   0x00308b    program   0x000000
         .romdata_timer.o    romdata   0x00308b    program   0x000000
           .romdata_lcd.o    romdata   0x00308b    program   0x000000
     .romdata_interrupt.o    romdata   0x00308b    program   0x000000
        .romdata_button.o    romdata   0x00308b    program   0x000000
         .romdata_c018i.o    romdata   0x00308b    program   0x000000
         .idata_c018i.o_i    romdata   0x00308b    program   0x000000
         .code_fxd3232u.o       code   0x00308c    program   0x000048
           .code_global.o       code   0x00308c    program   0x000000
            .code_c018i.o       code   0x00308c    program   0x000000
         .code_fxd2424u.o       code   0x0030d4    program   0x00003a
         .code_fxd1616u.o       code   0x00310e    program   0x00002c
                    .code       code   0x00313a    program   0x000020
             _startup_scn       code   0x00315a    program   0x00001c
         .code_fxd0808u.o       code   0x003176    program   0x00001c
         .idata_timer.o_i    romdata   0x003192    program   0x000020
          .idata_main.o_i    romdata   0x0031b2    program   0x000029
           .idata_lcd.o_i    romdata   0x0031db    program   0x000061
        .idata_global.o_i    romdata   0x00323c    program   0x000011
        .idata_button.o_i    romdata   0x00324d    program   0x000028
    .config_300001_main.o    romdata   0x300001    program   0x000001
    .config_300002_main.o    romdata   0x300002    program   0x000001
    .config_300003_main.o    romdata   0x300003    program   0x000001
    .config_300005_main.o    romdata   0x300005    program   0x000001
    .config_300006_main.o    romdata   0x300006    program   0x000001
    .config_300008_main.o    romdata   0x300008    program   0x000001
    .config_300009_main.o    romdata   0x300009    program   0x000001
    .config_30000a_main.o    romdata   0x30000a    program   0x000001
    .config_30000b_main.o    romdata   0x30000b    program   0x000001
    .config_30000c_main.o    romdata   0x30000c    program   0x000001
    .config_30000d_main.o    romdata   0x30000d    program   0x000001
                MATH_DATA      udata   0x000000       data   0x000010
                 .tmpdata      udata   0x000010       data   0x00000a
             .idata_lcd.o      idata   0x000080       data   0x000061
          .idata_global.o      idata   0x0000e1       data   0x000011
           .udata_c018i.o      udata   0x0000f2       data   0x00000a
             .udata_lcd.o      udata   0x0000fc       data   0x000004
            .udata_main.o      udata   0x000100       data   0x0000f6
            .udata_uart.o      udata   0x0001f6       data   0x00000a
                   .stack      udata   0x000e00       data   0x000100
            .idata_main.o      idata   0x000f00       data   0x000029
          .idata_button.o      idata   0x000f29       data   0x000028
           .idata_timer.o      idata   0x000f51       data   0x000020
       .idata_interrupt.o      idata   0x000f71       data   0x000004
            .idata_uart.o      idata   0x000f75       data   0x000003
           .idata_c018i.o      idata   0x000f78       data   0x000000
          .idata___init.o      idata   0x000f78       data   0x000000
          .udata___init.o      udata   0x000f78       data   0x000000
         .idata_fxm3232.o      idata   0x000f78       data   0x000000
         .udata_fxm3232.o      udata   0x000f78       data   0x000000
        .idata_fxd3232u.o      idata   0x000f78       data   0x000000
        .udata_fxd3232u.o      udata   0x000f78       data   0x000000
        .idata_fxd2424u.o      idata   0x000f78       data   0x000000
        .udata_fxd2424u.o      udata   0x000f78       data   0x000000
        .idata_fxd1616u.o      idata   0x000f78       data   0x000000
        .udata_fxd1616u.o      udata   0x000f78       data   0x000000
        .idata_fxd0808u.o      idata   0x000f78       data   0x000000
        .udata_fxd0808u.o      udata   0x000f78       data   0x000000
          .udata_button.o      udata   0x000f78       data   0x000000
          .udata_global.o      udata   0x000f78       data   0x000000
             .idata_adc.o      idata   0x000f78       data   0x000000
             .udata_adc.o      udata   0x000f78       data   0x000000
       .udata_interrupt.o      udata   0x000f78       data   0x000000
           .udata_timer.o      udata   0x000f78       data   0x000000
            SFR_UNBANKED0      udata   0x000f80       data   0x000080



                              Program Memory Usage 
                               Start         End      
                           ---------   ---------      
                            0x000000    0x000014      
                            0x000018    0x00308a      
                            0x00308c    0x003274      
                            0x300001    0x300003      
                            0x300005    0x300006      
                            0x300008    0x30000d      
            12924 out of 66584 program addresses used, program memory utilization is 19%



                              Symbols - Sorted by Name
                     Name    Address   Location    Storage File                     
                ---------  ---------  ---------  --------- ---------                
              BaiTap_UART   0x000386    program     extern C:\Users\phucd\Desktop\TKLL_Project\main.c
              CloseOutput   0x0001da    program     extern C:\Users\phucd\Desktop\TKLL_Project\main.c
                   D0808S   0x002dd4    program     static E:\3.46\pic18-lt\cxx-framework\src\traditional\math\fxd0808s.asm
                D0808SNEG   0x002de2    program     static E:\3.46\pic18-lt\cxx-framework\src\traditional\math\fxd0808s.asm
                 D0808SOK   0x002dde    program     static E:\3.46\pic18-lt\cxx-framework\src\traditional\math\fxd0808s.asm
                  D0808SX   0x002de8    program     static E:\3.46\pic18-lt\cxx-framework\src\traditional\math\fxd0808s.asm
                   D1616S   0x002e14    program     static E:\3.46\pic18-lt\cxx-framework\src\traditional\math\fxd1616s.asm
                D1616SNEG   0x002e22    program     static E:\3.46\pic18-lt\cxx-framework\src\traditional\math\fxd1616s.asm
                 D1616SOK   0x002e1e    program     static E:\3.46\pic18-lt\cxx-framework\src\traditional\math\fxd1616s.asm
                  D1616SX   0x002e34    program     static E:\3.46\pic18-lt\cxx-framework\src\traditional\math\fxd1616s.asm
                   D2424S   0x002e68    program     static E:\3.46\pic18-lt\cxx-framework\src\traditional\math\fxd2424s.asm
                D2424SNEG   0x002e76    program     static E:\3.46\pic18-lt\cxx-framework\src\traditional\math\fxd2424s.asm
                 D2424SOK   0x002e72    program     static E:\3.46\pic18-lt\cxx-framework\src\traditional\math\fxd2424s.asm
                  D2424SX   0x002e8e    program     static E:\3.46\pic18-lt\cxx-framework\src\traditional\math\fxd2424s.asm
                  DA0808S   0x002dca    program     static E:\3.46\pic18-lt\cxx-framework\src\traditional\math\fxd0808s.asm
                  DA1616S   0x002e04    program     static E:\3.46\pic18-lt\cxx-framework\src\traditional\math\fxd1616s.asm
                  DA2424S   0x002e54    program     static E:\3.46\pic18-lt\cxx-framework\src\traditional\math\fxd2424s.asm
         DisplayLcdScreen   0x0017de    program     extern C:\Users\phucd\Desktop\TKLL_Project\lcd\lcd.c
        DisplayLcdScreen2   0x0018d6    program     extern C:\Users\phucd\Desktop\TKLL_Project\lcd\lcd.c
      DisplayLcdScreenOld   0x00195c    program     extern C:\Users\phucd\Desktop\TKLL_Project\lcd\lcd.c
                 FXD0808S   0x002dbe    program     extern E:\3.46\pic18-lt\cxx-framework\src\traditional\math\fxd0808s.asm
                 FXD0808U   0x003176    program     extern E:\3.46\pic18-lt\cxx-framework\src\traditional\math\fxd0808u.c
                 FXD1616S   0x002df2    program     extern E:\3.46\pic18-lt\cxx-framework\src\traditional\math\fxd1616s.asm
                 FXD1616U   0x00310e    program     extern E:\3.46\pic18-lt\cxx-framework\src\traditional\math\fxd1616u.c
                 FXD2424S   0x002e3e    program     extern E:\3.46\pic18-lt\cxx-framework\src\traditional\math\fxd2424s.asm
                 FXD2424U   0x0030d4    program     extern E:\3.46\pic18-lt\cxx-framework\src\traditional\math\fxd2424u.c
                 FXD3232U   0x00308c    program     extern E:\3.46\pic18-lt\cxx-framework\src\traditional\math\fxd3232u.c
                  FXM3232   0x002fc2    program     extern E:\3.46\pic18-lt\cxx-framework\src\traditional\math\fxm3232.c
              GetDistance   0x000624    program     extern C:\Users\phucd\Desktop\TKLL_Project\main.c
                GetSensor   0x0007ee    program     extern C:\Users\phucd\Desktop\TKLL_Project\main.c
      InterruptVectorHigh   0x000008    program     extern C:\Users\phucd\Desktop\TKLL_Project\interrupt\interrupt.c
       InterruptVectorLow   0x000018    program     extern C:\Users\phucd\Desktop\TKLL_Project\interrupt\interrupt.c
                LcdClearS   0x001780    program     extern C:\Users\phucd\Desktop\TKLL_Project\lcd\lcd.c
            LcdPrintCharS   0x0019c6    program     extern C:\Users\phucd\Desktop\TKLL_Project\lcd\lcd.c
              LcdPrintNum   0x0016be    program     extern C:\Users\phucd\Desktop\TKLL_Project\lcd\lcd.c
             LcdPrintNumS   0x001a1c    program     extern C:\Users\phucd\Desktop\TKLL_Project\lcd\lcd.c
           LcdPrintString   0x001706    program     extern C:\Users\phucd\Desktop\TKLL_Project\lcd\lcd.c
          LcdPrintStringS   0x001c6a    program     extern C:\Users\phucd\Desktop\TKLL_Project\lcd\lcd.c
               OpenOutput   0x00018a    program     extern C:\Users\phucd\Desktop\TKLL_Project\main.c
          Phase1_GreenOff   0x000a7e    program     extern C:\Users\phucd\Desktop\TKLL_Project\main.c
           Phase1_GreenOn   0x000a6e    program     extern C:\Users\phucd\Desktop\TKLL_Project\main.c
            Phase1_RedOff   0x000abe    program     extern C:\Users\phucd\Desktop\TKLL_Project\main.c
             Phase1_RedOn   0x000aae    program     extern C:\Users\phucd\Desktop\TKLL_Project\main.c
         Phase1_YellowOff   0x000a9e    program     extern C:\Users\phucd\Desktop\TKLL_Project\main.c
          Phase1_YellowOn   0x000a8e    program     extern C:\Users\phucd\Desktop\TKLL_Project\main.c
          Phase2_GreenOff   0x000ade    program     extern C:\Users\phucd\Desktop\TKLL_Project\main.c
           Phase2_GreenOn   0x000ace    program     extern C:\Users\phucd\Desktop\TKLL_Project\main.c
            Phase2_RedOff   0x000b1e    program     extern C:\Users\phucd\Desktop\TKLL_Project\main.c
             Phase2_RedOn   0x000b0e    program     extern C:\Users\phucd\Desktop\TKLL_Project\main.c
         Phase2_YellowOff   0x000afe    program     extern C:\Users\phucd\Desktop\TKLL_Project\main.c
          Phase2_YellowOn   0x000aee    program     extern C:\Users\phucd\Desktop\TKLL_Project\main.c
            ReverseOutput   0x00022a    program     extern C:\Users\phucd\Desktop\TKLL_Project\main.c
             SetTimer0_ms   0x0026ca    program     extern C:\Users\phucd\Desktop\TKLL_Project\timer\timer.c
             SetTimer1_ms   0x0026ee    program     extern C:\Users\phucd\Desktop\TKLL_Project\timer\timer.c
             SetTimer3_ms   0x00272c    program     extern C:\Users\phucd\Desktop\TKLL_Project\timer\timer.c
               TestOutput   0x0002a6    program     extern C:\Users\phucd\Desktop\TKLL_Project\main.c
          TestReceiveUart   0x000342    program     extern C:\Users\phucd\Desktop\TKLL_Project\main.c
        UartSendDataGraph   0x001e2a    program     extern C:\Users\phucd\Desktop\TKLL_Project\uart\uart.c
      UartSendNumToString   0x001f36    program     extern C:\Users\phucd\Desktop\TKLL_Project\uart\uart.c
           UartSendString   0x001dc2    program     extern C:\Users\phucd\Desktop\TKLL_Project\uart\uart.c
       ___return_lbl00000   0x003030    program     static                          
       ___return_lbl00000   0x000004    program     static                          
       ___return_lbl00000   0x0030d2    program     static                          
       ___return_lbl00000   0x003190    program     static                          
       ___return_lbl00000   0x003138    program     static                          
       ___return_lbl00000   0x00310c    program     static                          
       ___return_lbl00001   0x003174    program     static                          
       ___return_lbl00002   0x002f34    program     static                          
       ___return_lbl00002   0x00001c    program     static                          
       ___return_lbl00003   0x00000c    program     static                          
               __config_0   0x300001    program     static C:\Users\phucd\Desktop\TKLL_Project\main.c
               __config_1   0x300002    program     static C:\Users\phucd\Desktop\TKLL_Project\main.c
              __config_10   0x30000d    program     static C:\Users\phucd\Desktop\TKLL_Project\main.c
               __config_2   0x300003    program     static C:\Users\phucd\Desktop\TKLL_Project\main.c
               __config_3   0x300005    program     static C:\Users\phucd\Desktop\TKLL_Project\main.c
               __config_4   0x300006    program     static C:\Users\phucd\Desktop\TKLL_Project\main.c
               __config_5   0x300008    program     static C:\Users\phucd\Desktop\TKLL_Project\main.c
               __config_6   0x300009    program     static C:\Users\phucd\Desktop\TKLL_Project\main.c
               __config_7   0x30000a    program     static C:\Users\phucd\Desktop\TKLL_Project\main.c
               __config_8   0x30000b    program     static C:\Users\phucd\Desktop\TKLL_Project\main.c
               __config_9   0x30000c    program     static C:\Users\phucd\Desktop\TKLL_Project\main.c
                   __init   0x000006    program     extern E:\3.46\pic18-lt\cxx-framework\src\traditional\stdclib\__init.c
               __string_0   0x003087    program     static C:\Users\phucd\Desktop\TKLL_Project\main.c
               __string_1   0x003085    program     static C:\Users\phucd\Desktop\TKLL_Project\main.c
               __string_2   0x003080    program     static C:\Users\phucd\Desktop\TKLL_Project\main.c
               __string_3   0x003074    program     static C:\Users\phucd\Desktop\TKLL_Project\main.c
               __string_4   0x00306a    program     static C:\Users\phucd\Desktop\TKLL_Project\main.c
               __string_5   0x00305d    program     static C:\Users\phucd\Desktop\TKLL_Project\main.c
               __string_6   0x003053    program     static C:\Users\phucd\Desktop\TKLL_Project\main.c
               __string_7   0x003047    program     static C:\Users\phucd\Desktop\TKLL_Project\main.c
               __string_8   0x003039    program     static C:\Users\phucd\Desktop\TKLL_Project\main.c
               __string_9   0x003032    program     static C:\Users\phucd\Desktop\TKLL_Project\main.c
            __zero_memory   0x00313a    program     extern E:\3.46\pic18-lt\cxx-framework\src\traditional\proc\p18f4620.asm
                _do_cinit   0x002e98    program     extern E:\3.46\pic18-lt\cxx-framework\src\traditional\startup\c018i.c
                   _entry   0x000000    program     extern E:\3.46\pic18-lt\cxx-framework\src\traditional\startup\c018i.c
                   _false   0x003108    program     static                          
                   _false   0x0030ce    program     static                          
                 _startup   0x00315a    program     extern E:\3.46\pic18-lt\cxx-framework\src\traditional\startup\c018i.c
          button_delay_ms   0x002a40    program     extern C:\Users\phucd\Desktop\TKLL_Project\button_matrix\button.c
                compare_l   0x003150    program     static E:\3.46\pic18-lt\cxx-framework\src\traditional\proc\p18f4620.asm
                copy_loop   0x002f0a    program     static                          
            copy_one_byte   0x002f10    program     static                          
                 delay_ms   0x0000b2    program     extern C:\Users\phucd\Desktop\TKLL_Project\main.c
            delay_trigger   0x0009fa    program     extern C:\Users\phucd\Desktop\TKLL_Project\main.c
                     done   0x002f34    program     static                          
             done_copying   0x002f1e    program     static                          
                  endloop   0x00318c    program     static                          
                  endloop   0x003134    program     static                          
            fsm_automatic   0x000b2e    program     extern C:\Users\phucd\Desktop\TKLL_Project\main.c
            get_adc_value   0x002f44    program     extern C:\Users\phucd\Desktop\TKLL_Project\adc\adc.c
                 high_isr   0x002ce8    program     extern C:\Users\phucd\Desktop\TKLL_Project\interrupt\interrupt.c
                 init_adc   0x002f36    program     extern C:\Users\phucd\Desktop\TKLL_Project\adc\adc.c
            init_ext_int0   0x002bf6    program     extern C:\Users\phucd\Desktop\TKLL_Project\interrupt\interrupt.c
           init_interrupt   0x002bee    program     extern C:\Users\phucd\Desktop\TKLL_Project\interrupt\interrupt.c
          init_key_matrix   0x00276a    program     extern C:\Users\phucd\Desktop\TKLL_Project\button_matrix\button.c
init_key_matrix_with_uart   0x002772    program     extern C:\Users\phucd\Desktop\TKLL_Project\button_matrix\button.c
                 init_lcd   0x001040    program     extern C:\Users\phucd\Desktop\TKLL_Project\lcd\lcd.c
              init_system   0x00013a    program     extern C:\Users\phucd\Desktop\TKLL_Project\main.c
              init_timer0   0x00224e    program     extern C:\Users\phucd\Desktop\TKLL_Project\timer\timer.c
              init_timer1   0x002392    program     extern C:\Users\phucd\Desktop\TKLL_Project\timer\timer.c
              init_timer2   0x0024dc    program     extern C:\Users\phucd\Desktop\TKLL_Project\timer\timer.c
              init_timer3   0x002514    program     extern C:\Users\phucd\Desktop\TKLL_Project\timer\timer.c
                init_uart   0x001cc0    program     extern C:\Users\phucd\Desktop\TKLL_Project\uart\uart.c
             isButtonCall   0x000322    program     extern C:\Users\phucd\Desktop\TKLL_Project\main.c
          isButtonMessage   0x000332    program     extern C:\Users\phucd\Desktop\TKLL_Project\main.c
                lcd_clear   0x001392    program     extern C:\Users\phucd\Desktop\TKLL_Project\lcd\lcd.c
                lcd_delay   0x000ea0    program     extern C:\Users\phucd\Desktop\TKLL_Project\lcd\lcd.c
             lcd_power_of   0x0013a6    program     extern C:\Users\phucd\Desktop\TKLL_Project\lcd\lcd.c
           lcd_print_char   0x0012fe    program     extern C:\Users\phucd\Desktop\TKLL_Project\lcd\lcd.c
          lcd_print_charS   0x00173a    program     extern C:\Users\phucd\Desktop\TKLL_Project\lcd\lcd.c
            lcd_print_num   0x001488    program     extern C:\Users\phucd\Desktop\TKLL_Project\lcd\lcd.c
            lcd_print_str   0x001318    program     extern C:\Users\phucd\Desktop\TKLL_Project\lcd\lcd.c
              lcd_putchar   0x0012e4    program     extern C:\Users\phucd\Desktop\TKLL_Project\lcd\lcd.c
          lcd_read_status   0x00114e    program     extern C:\Users\phucd\Desktop\TKLL_Project\lcd\lcd.c
          lcd_sendCommand   0x000fc0    program     extern C:\Users\phucd\Desktop\TKLL_Project\lcd\lcd.c
           lcd_set_cursor   0x001358    program     extern C:\Users\phucd\Desktop\TKLL_Project\lcd\lcd.c
            lcd_wait_busy   0x001204    program     extern C:\Users\phucd\Desktop\TKLL_Project\lcd\lcd.c
          lcd_write_4bits   0x001224    program     extern C:\Users\phucd\Desktop\TKLL_Project\lcd\lcd.c
            lcd_write_cmd   0x00126a    program     extern C:\Users\phucd\Desktop\TKLL_Project\lcd\lcd.c
           lcd_write_data   0x0012a6    program     extern C:\Users\phucd\Desktop\TKLL_Project\lcd\lcd.c
                     loop   0x003118    program     static                          
                     loop   0x0030e0    program     static                          
                     loop   0x00317e    program     static                          
                     loop   0x00316a    program     static                          
                     loop   0x00309a    program     static                          
                   loop_h   0x003148    program     static E:\3.46\pic18-lt\cxx-framework\src\traditional\proc\p18f4620.asm
                   loop_l   0x003152    program     static E:\3.46\pic18-lt\cxx-framework\src\traditional\proc\p18f4620.asm
                  low_isr   0x002bfe    program     extern C:\Users\phucd\Desktop\TKLL_Project\interrupt\interrupt.c
                     main   0x000074    program     extern C:\Users\phucd\Desktop\TKLL_Project\main.c
                    pulse   0x000a40    program     extern C:\Users\phucd\Desktop\TKLL_Project\main.c
          scan_key_matrix   0x00277c    program     extern C:\Users\phucd\Desktop\TKLL_Project\button_matrix\button.c
     scan_key_matrix_demo   0x002ac8    program     extern C:\Users\phucd\Desktop\TKLL_Project\button_matrix\button.c
scan_key_matrix_with_uart   0x0028da    program     extern C:\Users\phucd\Desktop\TKLL_Project\button_matrix\button.c
             start_timer0   0x002306    program     extern C:\Users\phucd\Desktop\TKLL_Project\timer\timer.c
             start_timer1   0x00244c    program     extern C:\Users\phucd\Desktop\TKLL_Project\timer\timer.c
             start_timer2   0x002508    program     extern C:\Users\phucd\Desktop\TKLL_Project\timer\timer.c
             start_timer3   0x0025ca    program     extern C:\Users\phucd\Desktop\TKLL_Project\timer\timer.c
              stop_timer0   0x002302    program     extern C:\Users\phucd\Desktop\TKLL_Project\timer\timer.c
              stop_timer1   0x0024d8    program     extern C:\Users\phucd\Desktop\TKLL_Project\timer\timer.c
              stop_timer2   0x002510    program     extern C:\Users\phucd\Desktop\TKLL_Project\timer\timer.c
              stop_timer3   0x002656    program     extern C:\Users\phucd\Desktop\TKLL_Project\timer\timer.c
                     test   0x002eb2    program     static                          
               timer0_isr   0x00265a    program     extern C:\Users\phucd\Desktop\TKLL_Project\timer\timer.c
               timer1_isr   0x002676    program     extern C:\Users\phucd\Desktop\TKLL_Project\timer\timer.c
               timer2_isr   0x002692    program     extern C:\Users\phucd\Desktop\TKLL_Project\timer\timer.c
               timer3_isr   0x0026ae    program     extern C:\Users\phucd\Desktop\TKLL_Project\timer\timer.c
            uart_delay_ms   0x001cde    program     extern C:\Users\phucd\Desktop\TKLL_Project\uart\uart.c
                 uart_isr   0x001e0e    program     extern C:\Users\phucd\Desktop\TKLL_Project\uart\uart.c
            uart_power_of   0x00216c    program     extern C:\Users\phucd\Desktop\TKLL_Project\uart\uart.c
             uart_putchar   0x001d66    program     extern C:\Users\phucd\Desktop\TKLL_Project\uart\uart.c
            uart_send_str   0x001d82    program     extern C:\Users\phucd\Desktop\TKLL_Project\uart\uart.c
                 v_timer0   0x000f30    program     extern C:\Users\phucd\Desktop\TKLL_Project\lcd\lcd.c
               zero_block   0x003148    program     static E:\3.46\pic18-lt\cxx-framework\src\traditional\proc\p18f4620.asm
                   ADCON0   0x000fc2       data     extern E:\3.46\pic18-lt\cxx-framework\src\traditional\proc\p18f4620.asm
               ADCON0bits   0x000fc2       data     extern E:\3.46\pic18-lt\cxx-framework\src\traditional\proc\p18f4620.asm
                   ADCON1   0x000fc1       data     extern E:\3.46\pic18-lt\cxx-framework\src\traditional\proc\p18f4620.asm
               ADCON1bits   0x000fc1       data     extern E:\3.46\pic18-lt\cxx-framework\src\traditional\proc\p18f4620.asm
                   ADCON2   0x000fc0       data     extern E:\3.46\pic18-lt\cxx-framework\src\traditional\proc\p18f4620.asm
               ADCON2bits   0x000fc0       data     extern E:\3.46\pic18-lt\cxx-framework\src\traditional\proc\p18f4620.asm
                    ADRES   0x000fc3       data     extern E:\3.46\pic18-lt\cxx-framework\src\traditional\proc\p18f4620.asm
                   ADRESH   0x000fc4       data     extern E:\3.46\pic18-lt\cxx-framework\src\traditional\proc\p18f4620.asm
                   ADRESL   0x000fc3       data     extern E:\3.46\pic18-lt\cxx-framework\src\traditional\proc\p18f4620.asm
                  BAUDCON   0x000fb8       data     extern E:\3.46\pic18-lt\cxx-framework\src\traditional\proc\p18f4620.asm
              BAUDCONbits   0x000fb8       data     extern E:\3.46\pic18-lt\cxx-framework\src\traditional\proc\p18f4620.asm
                  BAUDCTL   0x000fb8       data     extern E:\3.46\pic18-lt\cxx-framework\src\traditional\proc\p18f4620.asm
              BAUDCTLbits   0x000fb8       data     extern E:\3.46\pic18-lt\cxx-framework\src\traditional\proc\p18f4620.asm
                      BSR   0x000fe0       data     extern E:\3.46\pic18-lt\cxx-framework\src\traditional\proc\p18f4620.asm
                  CCP1CON   0x000fbd       data     extern E:\3.46\pic18-lt\cxx-framework\src\traditional\proc\p18f4620.asm
              CCP1CONbits   0x000fbd       data     extern E:\3.46\pic18-lt\cxx-framework\src\traditional\proc\p18f4620.asm
                  CCP2CON   0x000fba       data     extern E:\3.46\pic18-lt\cxx-framework\src\traditional\proc\p18f4620.asm
              CCP2CONbits   0x000fba       data     extern E:\3.46\pic18-lt\cxx-framework\src\traditional\proc\p18f4620.asm
                    CCPR1   0x000fbe       data     extern E:\3.46\pic18-lt\cxx-framework\src\traditional\proc\p18f4620.asm
                   CCPR1H   0x000fbf       data     extern E:\3.46\pic18-lt\cxx-framework\src\traditional\proc\p18f4620.asm
                   CCPR1L   0x000fbe       data     extern E:\3.46\pic18-lt\cxx-framework\src\traditional\proc\p18f4620.asm
                    CCPR2   0x000fbb       data     extern E:\3.46\pic18-lt\cxx-framework\src\traditional\proc\p18f4620.asm
                   CCPR2H   0x000fbc       data     extern E:\3.46\pic18-lt\cxx-framework\src\traditional\proc\p18f4620.asm
                   CCPR2L   0x000fbb       data     extern E:\3.46\pic18-lt\cxx-framework\src\traditional\proc\p18f4620.asm
                    CMCON   0x000fb4       data     extern E:\3.46\pic18-lt\cxx-framework\src\traditional\proc\p18f4620.asm
                CMCONbits   0x000fb4       data     extern E:\3.46\pic18-lt\cxx-framework\src\traditional\proc\p18f4620.asm
                   CVRCON   0x000fb5       data     extern E:\3.46\pic18-lt\cxx-framework\src\traditional\proc\p18f4620.asm
               CVRCONbits   0x000fb5       data     extern E:\3.46\pic18-lt\cxx-framework\src\traditional\proc\p18f4620.asm
        ColumnDislayMoney   0x000f77       data     extern C:\Users\phucd\Desktop\TKLL_Project\uart\uart.c
                     DDRA   0x000f92       data     extern E:\3.46\pic18-lt\cxx-framework\src\traditional\proc\p18f4620.asm
                 DDRAbits   0x000f92       data     extern E:\3.46\pic18-lt\cxx-framework\src\traditional\proc\p18f4620.asm
                     DDRB   0x000f93       data     extern E:\3.46\pic18-lt\cxx-framework\src\traditional\proc\p18f4620.asm
                 DDRBbits   0x000f93       data     extern E:\3.46\pic18-lt\cxx-framework\src\traditional\proc\p18f4620.asm
                     DDRC   0x000f94       data     extern E:\3.46\pic18-lt\cxx-framework\src\traditional\proc\p18f4620.asm
                 DDRCbits   0x000f94       data     extern E:\3.46\pic18-lt\cxx-framework\src\traditional\proc\p18f4620.asm
                     DDRD   0x000f95       data     extern E:\3.46\pic18-lt\cxx-framework\src\traditional\proc\p18f4620.asm
                 DDRDbits   0x000f95       data     extern E:\3.46\pic18-lt\cxx-framework\src\traditional\proc\p18f4620.asm
                     DDRE   0x000f96       data     extern E:\3.46\pic18-lt\cxx-framework\src\traditional\proc\p18f4620.asm
                 DDREbits   0x000f96       data     extern E:\3.46\pic18-lt\cxx-framework\src\traditional\proc\p18f4620.asm
                  ECCP1AS   0x000fb6       data     extern E:\3.46\pic18-lt\cxx-framework\src\traditional\proc\p18f4620.asm
              ECCP1ASbits   0x000fb6       data     extern E:\3.46\pic18-lt\cxx-framework\src\traditional\proc\p18f4620.asm
                    EEADR   0x000fa9       data     extern E:\3.46\pic18-lt\cxx-framework\src\traditional\proc\p18f4620.asm
                   EEADRH   0x000faa       data     extern E:\3.46\pic18-lt\cxx-framework\src\traditional\proc\p18f4620.asm
                   EECON1   0x000fa6       data     extern E:\3.46\pic18-lt\cxx-framework\src\traditional\proc\p18f4620.asm
               EECON1bits   0x000fa6       data     extern E:\3.46\pic18-lt\cxx-framework\src\traditional\proc\p18f4620.asm
                   EECON2   0x000fa7       data     extern E:\3.46\pic18-lt\cxx-framework\src\traditional\proc\p18f4620.asm
                   EEDATA   0x000fa8       data     extern E:\3.46\pic18-lt\cxx-framework\src\traditional\proc\p18f4620.asm
                     FSR0   0x000fe9       data     extern E:\3.46\pic18-lt\cxx-framework\src\traditional\proc\p18f4620.asm
                    FSR0H   0x000fea       data     extern E:\3.46\pic18-lt\cxx-framework\src\traditional\proc\p18f4620.asm
                    FSR0L   0x000fe9       data     extern E:\3.46\pic18-lt\cxx-framework\src\traditional\proc\p18f4620.asm
                     FSR1   0x000fe1       data     extern E:\3.46\pic18-lt\cxx-framework\src\traditional\proc\p18f4620.asm
                    FSR1H   0x000fe2       data     extern E:\3.46\pic18-lt\cxx-framework\src\traditional\proc\p18f4620.asm
                    FSR1L   0x000fe1       data     extern E:\3.46\pic18-lt\cxx-framework\src\traditional\proc\p18f4620.asm
                     FSR2   0x000fd9       data     extern E:\3.46\pic18-lt\cxx-framework\src\traditional\proc\p18f4620.asm
                    FSR2H   0x000fda       data     extern E:\3.46\pic18-lt\cxx-framework\src\traditional\proc\p18f4620.asm
                    FSR2L   0x000fd9       data     extern E:\3.46\pic18-lt\cxx-framework\src\traditional\proc\p18f4620.asm
                  HLVDCON   0x000fd2       data     extern E:\3.46\pic18-lt\cxx-framework\src\traditional\proc\p18f4620.asm
              HLVDCONbits   0x000fd2       data     extern E:\3.46\pic18-lt\cxx-framework\src\traditional\proc\p18f4620.asm
                    INDF0   0x000fef       data     extern E:\3.46\pic18-lt\cxx-framework\src\traditional\proc\p18f4620.asm
                    INDF1   0x000fe7       data     extern E:\3.46\pic18-lt\cxx-framework\src\traditional\proc\p18f4620.asm
                    INDF2   0x000fdf       data     extern E:\3.46\pic18-lt\cxx-framework\src\traditional\proc\p18f4620.asm
                   INTCON   0x000ff2       data     extern E:\3.46\pic18-lt\cxx-framework\src\traditional\proc\p18f4620.asm
                  INTCON2   0x000ff1       data     extern E:\3.46\pic18-lt\cxx-framework\src\traditional\proc\p18f4620.asm
              INTCON2bits   0x000ff1       data     extern E:\3.46\pic18-lt\cxx-framework\src\traditional\proc\p18f4620.asm
                  INTCON3   0x000ff0       data     extern E:\3.46\pic18-lt\cxx-framework\src\traditional\proc\p18f4620.asm
              INTCON3bits   0x000ff0       data     extern E:\3.46\pic18-lt\cxx-framework\src\traditional\proc\p18f4620.asm
               INTCONbits   0x000ff2       data     extern E:\3.46\pic18-lt\cxx-framework\src\traditional\proc\p18f4620.asm
                     IPR1   0x000f9f       data     extern E:\3.46\pic18-lt\cxx-framework\src\traditional\proc\p18f4620.asm
                 IPR1bits   0x000f9f       data     extern E:\3.46\pic18-lt\cxx-framework\src\traditional\proc\p18f4620.asm
                     IPR2   0x000fa2       data     extern E:\3.46\pic18-lt\cxx-framework\src\traditional\proc\p18f4620.asm
                 IPR2bits   0x000fa2       data     extern E:\3.46\pic18-lt\cxx-framework\src\traditional\proc\p18f4620.asm
                     LATA   0x000f89       data     extern E:\3.46\pic18-lt\cxx-framework\src\traditional\proc\p18f4620.asm
                 LATAbits   0x000f89       data     extern E:\3.46\pic18-lt\cxx-framework\src\traditional\proc\p18f4620.asm
                     LATB   0x000f8a       data     extern E:\3.46\pic18-lt\cxx-framework\src\traditional\proc\p18f4620.asm
                 LATBbits   0x000f8a       data     extern E:\3.46\pic18-lt\cxx-framework\src\traditional\proc\p18f4620.asm
                     LATC   0x000f8b       data     extern E:\3.46\pic18-lt\cxx-framework\src\traditional\proc\p18f4620.asm
                 LATCbits   0x000f8b       data     extern E:\3.46\pic18-lt\cxx-framework\src\traditional\proc\p18f4620.asm
                     LATD   0x000f8c       data     extern E:\3.46\pic18-lt\cxx-framework\src\traditional\proc\p18f4620.asm
                 LATDbits   0x000f8c       data     extern E:\3.46\pic18-lt\cxx-framework\src\traditional\proc\p18f4620.asm
                     LATE   0x000f8d       data     extern E:\3.46\pic18-lt\cxx-framework\src\traditional\proc\p18f4620.asm
                 LATEbits   0x000f8d       data     extern E:\3.46\pic18-lt\cxx-framework\src\traditional\proc\p18f4620.asm
                   LVDCON   0x000fd2       data     extern E:\3.46\pic18-lt\cxx-framework\src\traditional\proc\p18f4620.asm
               LVDCONbits   0x000fd2       data     extern E:\3.46\pic18-lt\cxx-framework\src\traditional\proc\p18f4620.asm
                LcdScreen   0x0000c1       data     extern C:\Users\phucd\Desktop\TKLL_Project\lcd\lcd.c
                   OSCCON   0x000fd3       data     extern E:\3.46\pic18-lt\cxx-framework\src\traditional\proc\p18f4620.asm
               OSCCONbits   0x000fd3       data     extern E:\3.46\pic18-lt\cxx-framework\src\traditional\proc\p18f4620.asm
                  OSCTUNE   0x000f9b       data     extern E:\3.46\pic18-lt\cxx-framework\src\traditional\proc\p18f4620.asm
              OSCTUNEbits   0x000f9b       data     extern E:\3.46\pic18-lt\cxx-framework\src\traditional\proc\p18f4620.asm
                       PC   0x000ff9       data     extern E:\3.46\pic18-lt\cxx-framework\src\traditional\proc\p18f4620.asm
                      PCL   0x000ff9       data     extern E:\3.46\pic18-lt\cxx-framework\src\traditional\proc\p18f4620.asm
                   PCLATH   0x000ffa       data     extern E:\3.46\pic18-lt\cxx-framework\src\traditional\proc\p18f4620.asm
                   PCLATU   0x000ffb       data     extern E:\3.46\pic18-lt\cxx-framework\src\traditional\proc\p18f4620.asm
                     PIE1   0x000f9d       data     extern E:\3.46\pic18-lt\cxx-framework\src\traditional\proc\p18f4620.asm
                 PIE1bits   0x000f9d       data     extern E:\3.46\pic18-lt\cxx-framework\src\traditional\proc\p18f4620.asm
                     PIE2   0x000fa0       data     extern E:\3.46\pic18-lt\cxx-framework\src\traditional\proc\p18f4620.asm
                 PIE2bits   0x000fa0       data     extern E:\3.46\pic18-lt\cxx-framework\src\traditional\proc\p18f4620.asm
                     PIR1   0x000f9e       data     extern E:\3.46\pic18-lt\cxx-framework\src\traditional\proc\p18f4620.asm
                 PIR1bits   0x000f9e       data     extern E:\3.46\pic18-lt\cxx-framework\src\traditional\proc\p18f4620.asm
                     PIR2   0x000fa1       data     extern E:\3.46\pic18-lt\cxx-framework\src\traditional\proc\p18f4620.asm
                 PIR2bits   0x000fa1       data     extern E:\3.46\pic18-lt\cxx-framework\src\traditional\proc\p18f4620.asm
                   PLUSW0   0x000feb       data     extern E:\3.46\pic18-lt\cxx-framework\src\traditional\proc\p18f4620.asm
                   PLUSW1   0x000fe3       data     extern E:\3.46\pic18-lt\cxx-framework\src\traditional\proc\p18f4620.asm
                   PLUSW2   0x000fdb       data     extern E:\3.46\pic18-lt\cxx-framework\src\traditional\proc\p18f4620.asm
                    PORTA   0x000f80       data     extern E:\3.46\pic18-lt\cxx-framework\src\traditional\proc\p18f4620.asm
                PORTAbits   0x000f80       data     extern E:\3.46\pic18-lt\cxx-framework\src\traditional\proc\p18f4620.asm
                    PORTB   0x000f81       data     extern E:\3.46\pic18-lt\cxx-framework\src\traditional\proc\p18f4620.asm
                PORTBbits   0x000f81       data     extern E:\3.46\pic18-lt\cxx-framework\src\traditional\proc\p18f4620.asm
                    PORTC   0x000f82       data     extern E:\3.46\pic18-lt\cxx-framework\src\traditional\proc\p18f4620.asm
                PORTCbits   0x000f82       data     extern E:\3.46\pic18-lt\cxx-framework\src\traditional\proc\p18f4620.asm
                    PORTD   0x000f83       data     extern E:\3.46\pic18-lt\cxx-framework\src\traditional\proc\p18f4620.asm
                PORTDbits   0x000f83       data     extern E:\3.46\pic18-lt\cxx-framework\src\traditional\proc\p18f4620.asm
                    PORTE   0x000f84       data     extern E:\3.46\pic18-lt\cxx-framework\src\traditional\proc\p18f4620.asm
                PORTEbits   0x000f84       data     extern E:\3.46\pic18-lt\cxx-framework\src\traditional\proc\p18f4620.asm
                 POSTDEC0   0x000fed       data     extern E:\3.46\pic18-lt\cxx-framework\src\traditional\proc\p18f4620.asm
                 POSTDEC1   0x000fe5       data     extern E:\3.46\pic18-lt\cxx-framework\src\traditional\proc\p18f4620.asm
                 POSTDEC2   0x000fdd       data     extern E:\3.46\pic18-lt\cxx-framework\src\traditional\proc\p18f4620.asm
                 POSTINC0   0x000fee       data     extern E:\3.46\pic18-lt\cxx-framework\src\traditional\proc\p18f4620.asm
                 POSTINC1   0x000fe6       data     extern E:\3.46\pic18-lt\cxx-framework\src\traditional\proc\p18f4620.asm
                 POSTINC2   0x000fde       data     extern E:\3.46\pic18-lt\cxx-framework\src\traditional\proc\p18f4620.asm
                      PR2   0x000fcb       data     extern E:\3.46\pic18-lt\cxx-framework\src\traditional\proc\p18f4620.asm
                  PREINC0   0x000fec       data     extern E:\3.46\pic18-lt\cxx-framework\src\traditional\proc\p18f4620.asm
                  PREINC1   0x000fe4       data     extern E:\3.46\pic18-lt\cxx-framework\src\traditional\proc\p18f4620.asm
                  PREINC2   0x000fdc       data     extern E:\3.46\pic18-lt\cxx-framework\src\traditional\proc\p18f4620.asm
                     PROD   0x000ff3       data     extern E:\3.46\pic18-lt\cxx-framework\src\traditional\proc\p18f4620.asm
                    PRODH   0x000ff4       data     extern E:\3.46\pic18-lt\cxx-framework\src\traditional\proc\p18f4620.asm
                    PRODL   0x000ff3       data     extern E:\3.46\pic18-lt\cxx-framework\src\traditional\proc\p18f4620.asm
                  PWM1CON   0x000fb7       data     extern E:\3.46\pic18-lt\cxx-framework\src\traditional\proc\p18f4620.asm
              PWM1CONbits   0x000fb7       data     extern E:\3.46\pic18-lt\cxx-framework\src\traditional\proc\p18f4620.asm
                     RCON   0x000fd0       data     extern E:\3.46\pic18-lt\cxx-framework\src\traditional\proc\p18f4620.asm
                 RCONbits   0x000fd0       data     extern E:\3.46\pic18-lt\cxx-framework\src\traditional\proc\p18f4620.asm
                    RCREG   0x000fae       data     extern E:\3.46\pic18-lt\cxx-framework\src\traditional\proc\p18f4620.asm
                    RCSTA   0x000fab       data     extern E:\3.46\pic18-lt\cxx-framework\src\traditional\proc\p18f4620.asm
                RCSTAbits   0x000fab       data     extern E:\3.46\pic18-lt\cxx-framework\src\traditional\proc\p18f4620.asm
                     SIGN   0x000000       data     extern E:\3.46\pic18-lt\cxx-framework\src\traditional\math\cmath18.asm
                    SPBRG   0x000faf       data     extern E:\3.46\pic18-lt\cxx-framework\src\traditional\proc\p18f4620.asm
                   SPBRGH   0x000fb0       data     extern E:\3.46\pic18-lt\cxx-framework\src\traditional\proc\p18f4620.asm
                   SSPADD   0x000fc8       data     extern E:\3.46\pic18-lt\cxx-framework\src\traditional\proc\p18f4620.asm
                   SSPBUF   0x000fc9       data     extern E:\3.46\pic18-lt\cxx-framework\src\traditional\proc\p18f4620.asm
                  SSPCON1   0x000fc6       data     extern E:\3.46\pic18-lt\cxx-framework\src\traditional\proc\p18f4620.asm
              SSPCON1bits   0x000fc6       data     extern E:\3.46\pic18-lt\cxx-framework\src\traditional\proc\p18f4620.asm
                  SSPCON2   0x000fc5       data     extern E:\3.46\pic18-lt\cxx-framework\src\traditional\proc\p18f4620.asm
              SSPCON2bits   0x000fc5       data     extern E:\3.46\pic18-lt\cxx-framework\src\traditional\proc\p18f4620.asm
                  SSPSTAT   0x000fc7       data     extern E:\3.46\pic18-lt\cxx-framework\src\traditional\proc\p18f4620.asm
              SSPSTATbits   0x000fc7       data     extern E:\3.46\pic18-lt\cxx-framework\src\traditional\proc\p18f4620.asm
                   STATUS   0x000fd8       data     extern E:\3.46\pic18-lt\cxx-framework\src\traditional\proc\p18f4620.asm
               STATUSbits   0x000fd8       data     extern E:\3.46\pic18-lt\cxx-framework\src\traditional\proc\p18f4620.asm
                   STKPTR   0x000ffc       data     extern E:\3.46\pic18-lt\cxx-framework\src\traditional\proc\p18f4620.asm
               STKPTRbits   0x000ffc       data     extern E:\3.46\pic18-lt\cxx-framework\src\traditional\proc\p18f4620.asm
                    T0CON   0x000fd5       data     extern E:\3.46\pic18-lt\cxx-framework\src\traditional\proc\p18f4620.asm
                T0CONbits   0x000fd5       data     extern E:\3.46\pic18-lt\cxx-framework\src\traditional\proc\p18f4620.asm
                    T1CON   0x000fcd       data     extern E:\3.46\pic18-lt\cxx-framework\src\traditional\proc\p18f4620.asm
                T1CONbits   0x000fcd       data     extern E:\3.46\pic18-lt\cxx-framework\src\traditional\proc\p18f4620.asm
                    T2CON   0x000fca       data     extern E:\3.46\pic18-lt\cxx-framework\src\traditional\proc\p18f4620.asm
                T2CONbits   0x000fca       data     extern E:\3.46\pic18-lt\cxx-framework\src\traditional\proc\p18f4620.asm
                    T3CON   0x000fb1       data     extern E:\3.46\pic18-lt\cxx-framework\src\traditional\proc\p18f4620.asm
                T3CONbits   0x000fb1       data     extern E:\3.46\pic18-lt\cxx-framework\src\traditional\proc\p18f4620.asm
                   TABLAT   0x000ff5       data     extern E:\3.46\pic18-lt\cxx-framework\src\traditional\proc\p18f4620.asm
                   TBLPTR   0x000ff6       data     extern E:\3.46\pic18-lt\cxx-framework\src\traditional\proc\p18f4620.asm
                  TBLPTRH   0x000ff7       data     extern E:\3.46\pic18-lt\cxx-framework\src\traditional\proc\p18f4620.asm
                  TBLPTRL   0x000ff6       data     extern E:\3.46\pic18-lt\cxx-framework\src\traditional\proc\p18f4620.asm
                  TBLPTRU   0x000ff8       data     extern E:\3.46\pic18-lt\cxx-framework\src\traditional\proc\p18f4620.asm
                    TMR0H   0x000fd7       data     extern E:\3.46\pic18-lt\cxx-framework\src\traditional\proc\p18f4620.asm
                    TMR0L   0x000fd6       data     extern E:\3.46\pic18-lt\cxx-framework\src\traditional\proc\p18f4620.asm
                    TMR1H   0x000fcf       data     extern E:\3.46\pic18-lt\cxx-framework\src\traditional\proc\p18f4620.asm
                    TMR1L   0x000fce       data     extern E:\3.46\pic18-lt\cxx-framework\src\traditional\proc\p18f4620.asm
                     TMR2   0x000fcc       data     extern E:\3.46\pic18-lt\cxx-framework\src\traditional\proc\p18f4620.asm
                    TMR3H   0x000fb3       data     extern E:\3.46\pic18-lt\cxx-framework\src\traditional\proc\p18f4620.asm
                    TMR3L   0x000fb2       data     extern E:\3.46\pic18-lt\cxx-framework\src\traditional\proc\p18f4620.asm
                      TOS   0x000ffd       data     extern E:\3.46\pic18-lt\cxx-framework\src\traditional\proc\p18f4620.asm
                     TOSH   0x000ffe       data     extern E:\3.46\pic18-lt\cxx-framework\src\traditional\proc\p18f4620.asm
                     TOSL   0x000ffd       data     extern E:\3.46\pic18-lt\cxx-framework\src\traditional\proc\p18f4620.asm
                     TOSU   0x000fff       data     extern E:\3.46\pic18-lt\cxx-framework\src\traditional\proc\p18f4620.asm
                    TRISA   0x000f92       data     extern E:\3.46\pic18-lt\cxx-framework\src\traditional\proc\p18f4620.asm
                TRISAbits   0x000f92       data     extern E:\3.46\pic18-lt\cxx-framework\src\traditional\proc\p18f4620.asm
                    TRISB   0x000f93       data     extern E:\3.46\pic18-lt\cxx-framework\src\traditional\proc\p18f4620.asm
                TRISBbits   0x000f93       data     extern E:\3.46\pic18-lt\cxx-framework\src\traditional\proc\p18f4620.asm
                    TRISC   0x000f94       data     extern E:\3.46\pic18-lt\cxx-framework\src\traditional\proc\p18f4620.asm
                TRISCbits   0x000f94       data     extern E:\3.46\pic18-lt\cxx-framework\src\traditional\proc\p18f4620.asm
                    TRISD   0x000f95       data     extern E:\3.46\pic18-lt\cxx-framework\src\traditional\proc\p18f4620.asm
                TRISDbits   0x000f95       data     extern E:\3.46\pic18-lt\cxx-framework\src\traditional\proc\p18f4620.asm
                    TRISE   0x000f96       data     extern E:\3.46\pic18-lt\cxx-framework\src\traditional\proc\p18f4620.asm
                TRISEbits   0x000f96       data     extern E:\3.46\pic18-lt\cxx-framework\src\traditional\proc\p18f4620.asm
                    TXREG   0x000fad       data     extern E:\3.46\pic18-lt\cxx-framework\src\traditional\proc\p18f4620.asm
                    TXSTA   0x000fac       data     extern E:\3.46\pic18-lt\cxx-framework\src\traditional\proc\p18f4620.asm
                TXSTAbits   0x000fac       data     extern E:\3.46\pic18-lt\cxx-framework\src\traditional\proc\p18f4620.asm
                 UserFont   0x000080       data     extern C:\Users\phucd\Desktop\TKLL_Project\lcd\lcd.c
                        W   0x000fe8       data     extern E:\3.46\pic18-lt\cxx-framework\src\traditional\proc\p18f4620.asm
                   WDTCON   0x000fd1       data     extern E:\3.46\pic18-lt\cxx-framework\src\traditional\proc\p18f4620.asm
               WDTCONbits   0x000fd1       data     extern E:\3.46\pic18-lt\cxx-framework\src\traditional\proc\p18f4620.asm
                     WREG   0x000fe8       data     extern E:\3.46\pic18-lt\cxx-framework\src\traditional\proc\p18f4620.asm
             WaitResponse   0x000f11       data     extern C:\Users\phucd\Desktop\TKLL_Project\main.c
                 __AARGB0   0x000009       data     extern E:\3.46\pic18-lt\cxx-framework\src\traditional\math\aarg.asm
                 __AARGB1   0x000008       data     extern E:\3.46\pic18-lt\cxx-framework\src\traditional\math\aarg.asm
                 __AARGB2   0x000007       data     extern E:\3.46\pic18-lt\cxx-framework\src\traditional\math\aarg.asm
                 __AARGB3   0x000006       data     extern E:\3.46\pic18-lt\cxx-framework\src\traditional\math\aarg.asm
                 __AARGB4   0x000005       data     extern E:\3.46\pic18-lt\cxx-framework\src\traditional\math\aarg.asm
                 __AARGB5   0x000004       data     extern E:\3.46\pic18-lt\cxx-framework\src\traditional\math\aarg.asm
                 __AARGB6   0x000003       data     extern E:\3.46\pic18-lt\cxx-framework\src\traditional\math\aarg.asm
                 __AARGB7   0x000002       data     extern E:\3.46\pic18-lt\cxx-framework\src\traditional\math\aarg.asm
                   __AEXP   0x00000a       data     extern E:\3.46\pic18-lt\cxx-framework\src\traditional\math\aarg.asm
                 __BARGB0   0x00000e       data     extern E:\3.46\pic18-lt\cxx-framework\src\traditional\math\barg.asm
                 __BARGB1   0x00000d       data     extern E:\3.46\pic18-lt\cxx-framework\src\traditional\math\barg.asm
                 __BARGB2   0x00000c       data     extern E:\3.46\pic18-lt\cxx-framework\src\traditional\math\barg.asm
                 __BARGB3   0x00000b       data     extern E:\3.46\pic18-lt\cxx-framework\src\traditional\math\barg.asm
                   __BEXP   0x00000f       data     extern E:\3.46\pic18-lt\cxx-framework\src\traditional\math\barg.asm
                __FPFLAGS   0x000001       data     extern E:\3.46\pic18-lt\cxx-framework\src\traditional\math\cmath18.asm
            __FPFLAGSbits   0x000001       data     extern E:\3.46\pic18-lt\cxx-framework\src\traditional\math\cmath18.asm
                  __REMB0   0x000005       data     extern E:\3.46\pic18-lt\cxx-framework\src\traditional\math\aarg.asm
                  __REMB1   0x000004       data     extern E:\3.46\pic18-lt\cxx-framework\src\traditional\math\aarg.asm
                  __REMB2   0x000003       data     extern E:\3.46\pic18-lt\cxx-framework\src\traditional\math\aarg.asm
                  __REMB3   0x000002       data     extern E:\3.46\pic18-lt\cxx-framework\src\traditional\math\aarg.asm
                  __tmp_0   0x000010       data     static C:\Users\phucd\Desktop\TKLL_Project\timer\timer.c
                  __tmp_0   0x000010       data     static C:\Users\phucd\Desktop\TKLL_Project\button_matrix\button.c
                  __tmp_0   0x000010       data     static C:\Users\phucd\Desktop\TKLL_Project\main.c
                  __tmp_0   0x000010       data     static C:\Users\phucd\Desktop\TKLL_Project\adc\adc.c
                  __tmp_0   0x000010       data     static C:\Users\phucd\Desktop\TKLL_Project\uart\uart.c
                  __tmp_0   0x000010       data     static C:\Users\phucd\Desktop\TKLL_Project\lcd\lcd.c
         arrayMapOfOutput   0x000f00       data     extern C:\Users\phucd\Desktop\TKLL_Project\main.c
      arrayMaskInputOfKey   0x000f4d       data     extern C:\Users\phucd\Desktop\TKLL_Project\button_matrix\button.c
     arrayMaskOutputOfKey   0x000f49       data     extern C:\Users\phucd\Desktop\TKLL_Project\button_matrix\button.c
          averageDistance   0x000f20       data     extern C:\Users\phucd\Desktop\TKLL_Project\main.c
            averageSensor   0x000f12       data     extern C:\Users\phucd\Desktop\TKLL_Project\main.c
                     cnt0   0x000f71       data     extern C:\Users\phucd\Desktop\TKLL_Project\interrupt\interrupt.c
                     cnt1   0x000f73       data     extern C:\Users\phucd\Desktop\TKLL_Project\interrupt\interrupt.c
               cntOfLight   0x0000e5       data     extern C:\Users\phucd\Desktop\TKLL_Project\global\global.c
                curr_byte   0x0000f5       data     static E:\3.46\pic18-lt\cxx-framework\src\traditional\startup\c018i.c
               curr_entry   0x0000f7       data     static E:\3.46\pic18-lt\cxx-framework\src\traditional\startup\c018i.c
              current_col   0x0000fe       data     extern C:\Users\phucd\Desktop\TKLL_Project\lcd\lcd.c
              current_row   0x0000fc       data     extern C:\Users\phucd\Desktop\TKLL_Project\lcd\lcd.c
             dataFromUart   0x0001f7       data     extern C:\Users\phucd\Desktop\TKLL_Project\uart\uart.c
           dataOfDistance   0x0001a6       data     extern C:\Users\phucd\Desktop\TKLL_Project\main.c
             dataOfSensor   0x000106       data     extern C:\Users\phucd\Desktop\TKLL_Project\main.c
          dataUartReceive   0x0001f6       data     extern C:\Users\phucd\Desktop\TKLL_Project\uart\uart.c
                 data_ptr   0x0000f9       data     static E:\3.46\pic18-lt\cxx-framework\src\traditional\startup\c018i.c
              flag_timer0   0x000f59       data     extern C:\Users\phucd\Desktop\TKLL_Project\timer\timer.c
              flag_timer1   0x000f5a       data     extern C:\Users\phucd\Desktop\TKLL_Project\timer\timer.c
              flag_timer2   0x000f5b       data     extern C:\Users\phucd\Desktop\TKLL_Project\timer\timer.c
              flag_timer3   0x000f5c       data     extern C:\Users\phucd\Desktop\TKLL_Project\timer\timer.c
             green_1_Time   0x0000e6       data     extern C:\Users\phucd\Desktop\TKLL_Project\global\global.c
             green_2_Time   0x0000ec       data     extern C:\Users\phucd\Desktop\TKLL_Project\global\global.c
              indexOfData   0x000f1b       data     extern C:\Users\phucd\Desktop\TKLL_Project\main.c
                 key_code   0x000f29       data     extern C:\Users\phucd\Desktop\TKLL_Project\button_matrix\button.c
               kindOfData   0x0001ff       data     extern C:\Users\phucd\Desktop\TKLL_Project\uart\uart.c
                     prom   0x0000f2       data     static E:\3.46\pic18-lt\cxx-framework\src\traditional\startup\c018i.c
              rawDistance   0x000f24       data     extern C:\Users\phucd\Desktop\TKLL_Project\main.c
                rawSensor   0x000f16       data     extern C:\Users\phucd\Desktop\TKLL_Project\main.c
                  redTime   0x0000ea       data     extern C:\Users\phucd\Desktop\TKLL_Project\global\global.c
                redTime_2   0x0000f0       data     extern C:\Users\phucd\Desktop\TKLL_Project\global\global.c
                   status   0x0000e1       data     extern C:\Users\phucd\Desktop\TKLL_Project\global\global.c
           statusDistance   0x000f28       data     extern C:\Users\phucd\Desktop\TKLL_Project\main.c
                statusLCD   0x0000c0       data     extern C:\Users\phucd\Desktop\TKLL_Project\lcd\lcd.c
             statusOutput   0x000f08       data     extern C:\Users\phucd\Desktop\TKLL_Project\main.c
            statusReceive   0x000f75       data     extern C:\Users\phucd\Desktop\TKLL_Project\uart\uart.c
             statusSensor   0x000f1a       data     extern C:\Users\phucd\Desktop\TKLL_Project\main.c
             statusSim900   0x000f10       data     extern C:\Users\phucd\Desktop\TKLL_Project\main.c
        statusUartReceive   0x000f76       data     extern C:\Users\phucd\Desktop\TKLL_Project\uart\uart.c
                     time   0x000f1c       data     extern C:\Users\phucd\Desktop\TKLL_Project\main.c
                time0_MUL   0x000f69       data     extern C:\Users\phucd\Desktop\TKLL_Project\timer\timer.c
                time1_MUL   0x000f6b       data     extern C:\Users\phucd\Desktop\TKLL_Project\timer\timer.c
                time2_MUL   0x000f6d       data     extern C:\Users\phucd\Desktop\TKLL_Project\timer\timer.c
                time3_MUL   0x000f6f       data     extern C:\Users\phucd\Desktop\TKLL_Project\timer\timer.c
              timeOfLight   0x0000e3       data     extern C:\Users\phucd\Desktop\TKLL_Project\global\global.c
            timeOfLight_2   0x0000e4       data     extern C:\Users\phucd\Desktop\TKLL_Project\global\global.c
               timer0_cnt   0x000f61       data     extern C:\Users\phucd\Desktop\TKLL_Project\timer\timer.c
             timer0_value   0x000f51       data     extern C:\Users\phucd\Desktop\TKLL_Project\timer\timer.c
               timer1_cnt   0x000f63       data     extern C:\Users\phucd\Desktop\TKLL_Project\timer\timer.c
             timer1_value   0x000f53       data     extern C:\Users\phucd\Desktop\TKLL_Project\timer\timer.c
               timer2_cnt   0x000f65       data     extern C:\Users\phucd\Desktop\TKLL_Project\timer\timer.c
             timer2_value   0x000f55       data     extern C:\Users\phucd\Desktop\TKLL_Project\timer\timer.c
               timer3_cnt   0x000f67       data     extern C:\Users\phucd\Desktop\TKLL_Project\timer\timer.c
             timer3_value   0x000f57       data     extern C:\Users\phucd\Desktop\TKLL_Project\timer\timer.c
                   v_cnt0   0x000f5d       data     extern C:\Users\phucd\Desktop\TKLL_Project\timer\timer.c
                   v_cnt1   0x000f5f       data     extern C:\Users\phucd\Desktop\TKLL_Project\timer\timer.c
                  x_Graph   0x000100       data     extern C:\Users\phucd\Desktop\TKLL_Project\main.c
                  y_Graph   0x000102       data     extern C:\Users\phucd\Desktop\TKLL_Project\main.c
            yellow_1_Time   0x0000e8       data     extern C:\Users\phucd\Desktop\TKLL_Project\global\global.c
            yellow_2_Time   0x0000ee       data     extern C:\Users\phucd\Desktop\TKLL_Project\global\global.c
                  z_Graph   0x000104       data     extern C:\Users\phucd\Desktop\TKLL_Project\main.c



                              Symbols - Sorted by Address
                     Name    Address   Location    Storage File                     
                ---------  ---------  ---------  --------- ---------                
                   _entry   0x000000    program     extern E:\3.46\pic18-lt\cxx-framework\src\traditional\startup\c018i.c
       ___return_lbl00000   0x000004    program     static                          
                   __init   0x000006    program     extern E:\3.46\pic18-lt\cxx-framework\src\traditional\stdclib\__init.c
      InterruptVectorHigh   0x000008    program     extern C:\Users\phucd\Desktop\TKLL_Project\interrupt\interrupt.c
       ___return_lbl00003   0x00000c    program     static                          
       InterruptVectorLow   0x000018    program     extern C:\Users\phucd\Desktop\TKLL_Project\interrupt\interrupt.c
       ___return_lbl00002   0x00001c    program     static                          
                     main   0x000074    program     extern C:\Users\phucd\Desktop\TKLL_Project\main.c
                 delay_ms   0x0000b2    program     extern C:\Users\phucd\Desktop\TKLL_Project\main.c
              init_system   0x00013a    program     extern C:\Users\phucd\Desktop\TKLL_Project\main.c
               OpenOutput   0x00018a    program     extern C:\Users\phucd\Desktop\TKLL_Project\main.c
              CloseOutput   0x0001da    program     extern C:\Users\phucd\Desktop\TKLL_Project\main.c
            ReverseOutput   0x00022a    program     extern C:\Users\phucd\Desktop\TKLL_Project\main.c
               TestOutput   0x0002a6    program     extern C:\Users\phucd\Desktop\TKLL_Project\main.c
             isButtonCall   0x000322    program     extern C:\Users\phucd\Desktop\TKLL_Project\main.c
          isButtonMessage   0x000332    program     extern C:\Users\phucd\Desktop\TKLL_Project\main.c
          TestReceiveUart   0x000342    program     extern C:\Users\phucd\Desktop\TKLL_Project\main.c
              BaiTap_UART   0x000386    program     extern C:\Users\phucd\Desktop\TKLL_Project\main.c
              GetDistance   0x000624    program     extern C:\Users\phucd\Desktop\TKLL_Project\main.c
                GetSensor   0x0007ee    program     extern C:\Users\phucd\Desktop\TKLL_Project\main.c
            delay_trigger   0x0009fa    program     extern C:\Users\phucd\Desktop\TKLL_Project\main.c
                    pulse   0x000a40    program     extern C:\Users\phucd\Desktop\TKLL_Project\main.c
           Phase1_GreenOn   0x000a6e    program     extern C:\Users\phucd\Desktop\TKLL_Project\main.c
          Phase1_GreenOff   0x000a7e    program     extern C:\Users\phucd\Desktop\TKLL_Project\main.c
          Phase1_YellowOn   0x000a8e    program     extern C:\Users\phucd\Desktop\TKLL_Project\main.c
         Phase1_YellowOff   0x000a9e    program     extern C:\Users\phucd\Desktop\TKLL_Project\main.c
             Phase1_RedOn   0x000aae    program     extern C:\Users\phucd\Desktop\TKLL_Project\main.c
            Phase1_RedOff   0x000abe    program     extern C:\Users\phucd\Desktop\TKLL_Project\main.c
           Phase2_GreenOn   0x000ace    program     extern C:\Users\phucd\Desktop\TKLL_Project\main.c
          Phase2_GreenOff   0x000ade    program     extern C:\Users\phucd\Desktop\TKLL_Project\main.c
          Phase2_YellowOn   0x000aee    program     extern C:\Users\phucd\Desktop\TKLL_Project\main.c
         Phase2_YellowOff   0x000afe    program     extern C:\Users\phucd\Desktop\TKLL_Project\main.c
             Phase2_RedOn   0x000b0e    program     extern C:\Users\phucd\Desktop\TKLL_Project\main.c
            Phase2_RedOff   0x000b1e    program     extern C:\Users\phucd\Desktop\TKLL_Project\main.c
            fsm_automatic   0x000b2e    program     extern C:\Users\phucd\Desktop\TKLL_Project\main.c
                lcd_delay   0x000ea0    program     extern C:\Users\phucd\Desktop\TKLL_Project\lcd\lcd.c
                 v_timer0   0x000f30    program     extern C:\Users\phucd\Desktop\TKLL_Project\lcd\lcd.c
          lcd_sendCommand   0x000fc0    program     extern C:\Users\phucd\Desktop\TKLL_Project\lcd\lcd.c
                 init_lcd   0x001040    program     extern C:\Users\phucd\Desktop\TKLL_Project\lcd\lcd.c
          lcd_read_status   0x00114e    program     extern C:\Users\phucd\Desktop\TKLL_Project\lcd\lcd.c
            lcd_wait_busy   0x001204    program     extern C:\Users\phucd\Desktop\TKLL_Project\lcd\lcd.c
          lcd_write_4bits   0x001224    program     extern C:\Users\phucd\Desktop\TKLL_Project\lcd\lcd.c
            lcd_write_cmd   0x00126a    program     extern C:\Users\phucd\Desktop\TKLL_Project\lcd\lcd.c
           lcd_write_data   0x0012a6    program     extern C:\Users\phucd\Desktop\TKLL_Project\lcd\lcd.c
              lcd_putchar   0x0012e4    program     extern C:\Users\phucd\Desktop\TKLL_Project\lcd\lcd.c
           lcd_print_char   0x0012fe    program     extern C:\Users\phucd\Desktop\TKLL_Project\lcd\lcd.c
            lcd_print_str   0x001318    program     extern C:\Users\phucd\Desktop\TKLL_Project\lcd\lcd.c
           lcd_set_cursor   0x001358    program     extern C:\Users\phucd\Desktop\TKLL_Project\lcd\lcd.c
                lcd_clear   0x001392    program     extern C:\Users\phucd\Desktop\TKLL_Project\lcd\lcd.c
             lcd_power_of   0x0013a6    program     extern C:\Users\phucd\Desktop\TKLL_Project\lcd\lcd.c
            lcd_print_num   0x001488    program     extern C:\Users\phucd\Desktop\TKLL_Project\lcd\lcd.c
              LcdPrintNum   0x0016be    program     extern C:\Users\phucd\Desktop\TKLL_Project\lcd\lcd.c
           LcdPrintString   0x001706    program     extern C:\Users\phucd\Desktop\TKLL_Project\lcd\lcd.c
          lcd_print_charS   0x00173a    program     extern C:\Users\phucd\Desktop\TKLL_Project\lcd\lcd.c
                LcdClearS   0x001780    program     extern C:\Users\phucd\Desktop\TKLL_Project\lcd\lcd.c
         DisplayLcdScreen   0x0017de    program     extern C:\Users\phucd\Desktop\TKLL_Project\lcd\lcd.c
        DisplayLcdScreen2   0x0018d6    program     extern C:\Users\phucd\Desktop\TKLL_Project\lcd\lcd.c
      DisplayLcdScreenOld   0x00195c    program     extern C:\Users\phucd\Desktop\TKLL_Project\lcd\lcd.c
            LcdPrintCharS   0x0019c6    program     extern C:\Users\phucd\Desktop\TKLL_Project\lcd\lcd.c
             LcdPrintNumS   0x001a1c    program     extern C:\Users\phucd\Desktop\TKLL_Project\lcd\lcd.c
          LcdPrintStringS   0x001c6a    program     extern C:\Users\phucd\Desktop\TKLL_Project\lcd\lcd.c
                init_uart   0x001cc0    program     extern C:\Users\phucd\Desktop\TKLL_Project\uart\uart.c
            uart_delay_ms   0x001cde    program     extern C:\Users\phucd\Desktop\TKLL_Project\uart\uart.c
             uart_putchar   0x001d66    program     extern C:\Users\phucd\Desktop\TKLL_Project\uart\uart.c
            uart_send_str   0x001d82    program     extern C:\Users\phucd\Desktop\TKLL_Project\uart\uart.c
           UartSendString   0x001dc2    program     extern C:\Users\phucd\Desktop\TKLL_Project\uart\uart.c
                 uart_isr   0x001e0e    program     extern C:\Users\phucd\Desktop\TKLL_Project\uart\uart.c
        UartSendDataGraph   0x001e2a    program     extern C:\Users\phucd\Desktop\TKLL_Project\uart\uart.c
      UartSendNumToString   0x001f36    program     extern C:\Users\phucd\Desktop\TKLL_Project\uart\uart.c
            uart_power_of   0x00216c    program     extern C:\Users\phucd\Desktop\TKLL_Project\uart\uart.c
              init_timer0   0x00224e    program     extern C:\Users\phucd\Desktop\TKLL_Project\timer\timer.c
              stop_timer0   0x002302    program     extern C:\Users\phucd\Desktop\TKLL_Project\timer\timer.c
             start_timer0   0x002306    program     extern C:\Users\phucd\Desktop\TKLL_Project\timer\timer.c
              init_timer1   0x002392    program     extern C:\Users\phucd\Desktop\TKLL_Project\timer\timer.c
             start_timer1   0x00244c    program     extern C:\Users\phucd\Desktop\TKLL_Project\timer\timer.c
              stop_timer1   0x0024d8    program     extern C:\Users\phucd\Desktop\TKLL_Project\timer\timer.c
              init_timer2   0x0024dc    program     extern C:\Users\phucd\Desktop\TKLL_Project\timer\timer.c
             start_timer2   0x002508    program     extern C:\Users\phucd\Desktop\TKLL_Project\timer\timer.c
              stop_timer2   0x002510    program     extern C:\Users\phucd\Desktop\TKLL_Project\timer\timer.c
              init_timer3   0x002514    program     extern C:\Users\phucd\Desktop\TKLL_Project\timer\timer.c
             start_timer3   0x0025ca    program     extern C:\Users\phucd\Desktop\TKLL_Project\timer\timer.c
              stop_timer3   0x002656    program     extern C:\Users\phucd\Desktop\TKLL_Project\timer\timer.c
               timer0_isr   0x00265a    program     extern C:\Users\phucd\Desktop\TKLL_Project\timer\timer.c
               timer1_isr   0x002676    program     extern C:\Users\phucd\Desktop\TKLL_Project\timer\timer.c
               timer2_isr   0x002692    program     extern C:\Users\phucd\Desktop\TKLL_Project\timer\timer.c
               timer3_isr   0x0026ae    program     extern C:\Users\phucd\Desktop\TKLL_Project\timer\timer.c
             SetTimer0_ms   0x0026ca    program     extern C:\Users\phucd\Desktop\TKLL_Project\timer\timer.c
             SetTimer1_ms   0x0026ee    program     extern C:\Users\phucd\Desktop\TKLL_Project\timer\timer.c
             SetTimer3_ms   0x00272c    program     extern C:\Users\phucd\Desktop\TKLL_Project\timer\timer.c
          init_key_matrix   0x00276a    program     extern C:\Users\phucd\Desktop\TKLL_Project\button_matrix\button.c
init_key_matrix_with_uart   0x002772    program     extern C:\Users\phucd\Desktop\TKLL_Project\button_matrix\button.c
          scan_key_matrix   0x00277c    program     extern C:\Users\phucd\Desktop\TKLL_Project\button_matrix\button.c
scan_key_matrix_with_uart   0x0028da    program     extern C:\Users\phucd\Desktop\TKLL_Project\button_matrix\button.c
          button_delay_ms   0x002a40    program     extern C:\Users\phucd\Desktop\TKLL_Project\button_matrix\button.c
     scan_key_matrix_demo   0x002ac8    program     extern C:\Users\phucd\Desktop\TKLL_Project\button_matrix\button.c
           init_interrupt   0x002bee    program     extern C:\Users\phucd\Desktop\TKLL_Project\interrupt\interrupt.c
            init_ext_int0   0x002bf6    program     extern C:\Users\phucd\Desktop\TKLL_Project\interrupt\interrupt.c
                  low_isr   0x002bfe    program     extern C:\Users\phucd\Desktop\TKLL_Project\interrupt\interrupt.c
                 high_isr   0x002ce8    program     extern C:\Users\phucd\Desktop\TKLL_Project\interrupt\interrupt.c
                 FXD0808S   0x002dbe    program     extern E:\3.46\pic18-lt\cxx-framework\src\traditional\math\fxd0808s.asm
                  DA0808S   0x002dca    program     static E:\3.46\pic18-lt\cxx-framework\src\traditional\math\fxd0808s.asm
                   D0808S   0x002dd4    program     static E:\3.46\pic18-lt\cxx-framework\src\traditional\math\fxd0808s.asm
                 D0808SOK   0x002dde    program     static E:\3.46\pic18-lt\cxx-framework\src\traditional\math\fxd0808s.asm
                D0808SNEG   0x002de2    program     static E:\3.46\pic18-lt\cxx-framework\src\traditional\math\fxd0808s.asm
                  D0808SX   0x002de8    program     static E:\3.46\pic18-lt\cxx-framework\src\traditional\math\fxd0808s.asm
                 FXD1616S   0x002df2    program     extern E:\3.46\pic18-lt\cxx-framework\src\traditional\math\fxd1616s.asm
                  DA1616S   0x002e04    program     static E:\3.46\pic18-lt\cxx-framework\src\traditional\math\fxd1616s.asm
                   D1616S   0x002e14    program     static E:\3.46\pic18-lt\cxx-framework\src\traditional\math\fxd1616s.asm
                 D1616SOK   0x002e1e    program     static E:\3.46\pic18-lt\cxx-framework\src\traditional\math\fxd1616s.asm
                D1616SNEG   0x002e22    program     static E:\3.46\pic18-lt\cxx-framework\src\traditional\math\fxd1616s.asm
                  D1616SX   0x002e34    program     static E:\3.46\pic18-lt\cxx-framework\src\traditional\math\fxd1616s.asm
                 FXD2424S   0x002e3e    program     extern E:\3.46\pic18-lt\cxx-framework\src\traditional\math\fxd2424s.asm
                  DA2424S   0x002e54    program     static E:\3.46\pic18-lt\cxx-framework\src\traditional\math\fxd2424s.asm
                   D2424S   0x002e68    program     static E:\3.46\pic18-lt\cxx-framework\src\traditional\math\fxd2424s.asm
                 D2424SOK   0x002e72    program     static E:\3.46\pic18-lt\cxx-framework\src\traditional\math\fxd2424s.asm
                D2424SNEG   0x002e76    program     static E:\3.46\pic18-lt\cxx-framework\src\traditional\math\fxd2424s.asm
                  D2424SX   0x002e8e    program     static E:\3.46\pic18-lt\cxx-framework\src\traditional\math\fxd2424s.asm
                _do_cinit   0x002e98    program     extern E:\3.46\pic18-lt\cxx-framework\src\traditional\startup\c018i.c
                     test   0x002eb2    program     static                          
                copy_loop   0x002f0a    program     static                          
            copy_one_byte   0x002f10    program     static                          
             done_copying   0x002f1e    program     static                          
       ___return_lbl00002   0x002f34    program     static                          
                     done   0x002f34    program     static                          
                 init_adc   0x002f36    program     extern C:\Users\phucd\Desktop\TKLL_Project\adc\adc.c
            get_adc_value   0x002f44    program     extern C:\Users\phucd\Desktop\TKLL_Project\adc\adc.c
                  FXM3232   0x002fc2    program     extern E:\3.46\pic18-lt\cxx-framework\src\traditional\math\fxm3232.c
       ___return_lbl00000   0x003030    program     static                          
               __string_9   0x003032    program     static C:\Users\phucd\Desktop\TKLL_Project\main.c
               __string_8   0x003039    program     static C:\Users\phucd\Desktop\TKLL_Project\main.c
               __string_7   0x003047    program     static C:\Users\phucd\Desktop\TKLL_Project\main.c
               __string_6   0x003053    program     static C:\Users\phucd\Desktop\TKLL_Project\main.c
               __string_5   0x00305d    program     static C:\Users\phucd\Desktop\TKLL_Project\main.c
               __string_4   0x00306a    program     static C:\Users\phucd\Desktop\TKLL_Project\main.c
               __string_3   0x003074    program     static C:\Users\phucd\Desktop\TKLL_Project\main.c
               __string_2   0x003080    program     static C:\Users\phucd\Desktop\TKLL_Project\main.c
               __string_1   0x003085    program     static C:\Users\phucd\Desktop\TKLL_Project\main.c
               __string_0   0x003087    program     static C:\Users\phucd\Desktop\TKLL_Project\main.c
                 FXD3232U   0x00308c    program     extern E:\3.46\pic18-lt\cxx-framework\src\traditional\math\fxd3232u.c
                     loop   0x00309a    program     static                          
                   _false   0x0030ce    program     static                          
       ___return_lbl00000   0x0030d2    program     static                          
                 FXD2424U   0x0030d4    program     extern E:\3.46\pic18-lt\cxx-framework\src\traditional\math\fxd2424u.c
                     loop   0x0030e0    program     static                          
                   _false   0x003108    program     static                          
       ___return_lbl00000   0x00310c    program     static                          
                 FXD1616U   0x00310e    program     extern E:\3.46\pic18-lt\cxx-framework\src\traditional\math\fxd1616u.c
                     loop   0x003118    program     static                          
                  endloop   0x003134    program     static                          
       ___return_lbl00000   0x003138    program     static                          
            __zero_memory   0x00313a    program     extern E:\3.46\pic18-lt\cxx-framework\src\traditional\proc\p18f4620.asm
               zero_block   0x003148    program     static E:\3.46\pic18-lt\cxx-framework\src\traditional\proc\p18f4620.asm
                   loop_h   0x003148    program     static E:\3.46\pic18-lt\cxx-framework\src\traditional\proc\p18f4620.asm
                compare_l   0x003150    program     static E:\3.46\pic18-lt\cxx-framework\src\traditional\proc\p18f4620.asm
                   loop_l   0x003152    program     static E:\3.46\pic18-lt\cxx-framework\src\traditional\proc\p18f4620.asm
                 _startup   0x00315a    program     extern E:\3.46\pic18-lt\cxx-framework\src\traditional\startup\c018i.c
                     loop   0x00316a    program     static                          
       ___return_lbl00001   0x003174    program     static                          
                 FXD0808U   0x003176    program     extern E:\3.46\pic18-lt\cxx-framework\src\traditional\math\fxd0808u.c
                     loop   0x00317e    program     static                          
                  endloop   0x00318c    program     static                          
       ___return_lbl00000   0x003190    program     static                          
               __config_0   0x300001    program     static C:\Users\phucd\Desktop\TKLL_Project\main.c
               __config_1   0x300002    program     static C:\Users\phucd\Desktop\TKLL_Project\main.c
               __config_2   0x300003    program     static C:\Users\phucd\Desktop\TKLL_Project\main.c
               __config_3   0x300005    program     static C:\Users\phucd\Desktop\TKLL_Project\main.c
               __config_4   0x300006    program     static C:\Users\phucd\Desktop\TKLL_Project\main.c
               __config_5   0x300008    program     static C:\Users\phucd\Desktop\TKLL_Project\main.c
               __config_6   0x300009    program     static C:\Users\phucd\Desktop\TKLL_Project\main.c
               __config_7   0x30000a    program     static C:\Users\phucd\Desktop\TKLL_Project\main.c
               __config_8   0x30000b    program     static C:\Users\phucd\Desktop\TKLL_Project\main.c
               __config_9   0x30000c    program     static C:\Users\phucd\Desktop\TKLL_Project\main.c
              __config_10   0x30000d    program     static C:\Users\phucd\Desktop\TKLL_Project\main.c
                     SIGN   0x000000       data     extern E:\3.46\pic18-lt\cxx-framework\src\traditional\math\cmath18.asm
            __FPFLAGSbits   0x000001       data     extern E:\3.46\pic18-lt\cxx-framework\src\traditional\math\cmath18.asm
                __FPFLAGS   0x000001       data     extern E:\3.46\pic18-lt\cxx-framework\src\traditional\math\cmath18.asm
                 __AARGB7   0x000002       data     extern E:\3.46\pic18-lt\cxx-framework\src\traditional\math\aarg.asm
                  __REMB3   0x000002       data     extern E:\3.46\pic18-lt\cxx-framework\src\traditional\math\aarg.asm
                  __REMB2   0x000003       data     extern E:\3.46\pic18-lt\cxx-framework\src\traditional\math\aarg.asm
                 __AARGB6   0x000003       data     extern E:\3.46\pic18-lt\cxx-framework\src\traditional\math\aarg.asm
                  __REMB1   0x000004       data     extern E:\3.46\pic18-lt\cxx-framework\src\traditional\math\aarg.asm
                 __AARGB5   0x000004       data     extern E:\3.46\pic18-lt\cxx-framework\src\traditional\math\aarg.asm
                 __AARGB4   0x000005       data     extern E:\3.46\pic18-lt\cxx-framework\src\traditional\math\aarg.asm
                  __REMB0   0x000005       data     extern E:\3.46\pic18-lt\cxx-framework\src\traditional\math\aarg.asm
                 __AARGB3   0x000006       data     extern E:\3.46\pic18-lt\cxx-framework\src\traditional\math\aarg.asm
                 __AARGB2   0x000007       data     extern E:\3.46\pic18-lt\cxx-framework\src\traditional\math\aarg.asm
                 __AARGB1   0x000008       data     extern E:\3.46\pic18-lt\cxx-framework\src\traditional\math\aarg.asm
[...]
                    TRISB   0x000f93       data     extern E:\3.46\pic18-lt\cxx-framework\src\traditional\proc\p18f4620.asm
                     DDRB   0x000f93       data     extern E:\3.46\pic18-lt\cxx-framework\src\traditional\proc\p18f4620.asm
                 DDRBbits   0x000f93       data     extern E:\3.46\pic18-lt\cxx-framework\src\traditional\proc\p18f4620.asm
                 DDRCbits   0x000f94       data     extern E:\3.46\pic18-lt\cxx-framework\src\traditional\proc\p18f4620.asm
                     DDRC   0x000f94       data     extern E:\3.46\pic18-lt\cxx-framework\src\traditional\proc\p18f4620.asm
                    TRISC   0x000f94       data     extern E:\3.46\pic18-lt\cxx-framework\src\traditional\proc\p18f4620.asm
                TRISCbits   0x000f94       data     extern E:\3.46\pic18-lt\cxx-framework\src\traditional\proc\p18f4620.asm
                TRISDbits   0x000f95       data     extern E:\3.46\pic18-lt\cxx-framework\src\traditional\proc\p18f4620.asm
                    TRISD   0x000f95       data     extern E:\3.46\pic18-lt\cxx-framework\src\traditional\proc\p18f4620.asm
                     DDRD   0x000f95       data     extern E:\3.46\pic18-lt\cxx-framework\src\traditional\proc\p18f4620.asm
                 DDRDbits   0x000f95       data     extern E:\3.46\pic18-lt\cxx-framework\src\traditional\proc\p18f4620.asm
                    TRISE   0x000f96       data     extern E:\3.46\pic18-lt\cxx-framework\src\traditional\proc\p18f4620.asm
                TRISEbits   0x000f96       data     extern E:\3.46\pic18-lt\cxx-framework\src\traditional\proc\p18f4620.asm
                 DDREbits   0x000f96       data     extern E:\3.46\pic18-lt\cxx-framework\src\traditional\proc\p18f4620.asm
                     DDRE   0x000f96       data     extern E:\3.46\pic18-lt\cxx-framework\src\traditional\proc\p18f4620.asm
              OSCTUNEbits   0x000f9b       data     extern E:\3.46\pic18-lt\cxx-framework\src\traditional\proc\p18f4620.asm
                  OSCTUNE   0x000f9b       data     extern E:\3.46\pic18-lt\cxx-framework\src\traditional\proc\p18f4620.asm
                 PIE1bits   0x000f9d       data     extern E:\3.46\pic18-lt\cxx-framework\src\traditional\proc\p18f4620.asm
                     PIE1   0x000f9d       data     extern E:\3.46\pic18-lt\cxx-framework\src\traditional\proc\p18f4620.asm
                     PIR1   0x000f9e       data     extern E:\3.46\pic18-lt\cxx-framework\src\traditional\proc\p18f4620.asm
                 PIR1bits   0x000f9e       data     extern E:\3.46\pic18-lt\cxx-framework\src\traditional\proc\p18f4620.asm
                 IPR1bits   0x000f9f       data     extern E:\3.46\pic18-lt\cxx-framework\src\traditional\proc\p18f4620.asm
                     IPR1   0x000f9f       data     extern E:\3.46\pic18-lt\cxx-framework\src\traditional\proc\p18f4620.asm
                     PIE2   0x000fa0       data     extern E:\3.46\pic18-lt\cxx-framework\src\traditional\proc\p18f4620.asm
                 PIE2bits   0x000fa0       data     extern E:\3.46\pic18-lt\cxx-framework\src\traditional\proc\p18f4620.asm
                     PIR2   0x000fa1       data     extern E:\3.46\pic18-lt\cxx-framework\src\traditional\proc\p18f4620.asm
                 PIR2bits   0x000fa1       data     extern E:\3.46\pic18-lt\cxx-framework\src\traditional\proc\p18f4620.asm
                 IPR2bits   0x000fa2       data     extern E:\3.46\pic18-lt\cxx-framework\src\traditional\proc\p18f4620.asm
                     IPR2   0x000fa2       data     extern E:\3.46\pic18-lt\cxx-framework\src\traditional\proc\p18f4620.asm
               EECON1bits   0x000fa6       data     extern E:\3.46\pic18-lt\cxx-framework\src\traditional\proc\p18f4620.asm
                   EECON1   0x000fa6       data     extern E:\3.46\pic18-lt\cxx-framework\src\traditional\proc\p18f4620.asm
                   EECON2   0x000fa7       data     extern E:\3.46\pic18-lt\cxx-framework\src\traditional\proc\p18f4620.asm
                   EEDATA   0x000fa8       data     extern E:\3.46\pic18-lt\cxx-framework\src\traditional\proc\p18f4620.asm
                    EEADR   0x000fa9       data     extern E:\3.46\pic18-lt\cxx-framework\src\traditional\proc\p18f4620.asm
                   EEADRH   0x000faa       data     extern E:\3.46\pic18-lt\cxx-framework\src\traditional\proc\p18f4620.asm
                RCSTAbits   0x000fab       data     extern E:\3.46\pic18-lt\cxx-framework\src\traditional\proc\p18f4620.asm
                    RCSTA   0x000fab       data     extern E:\3.46\pic18-lt\cxx-framework\src\traditional\proc\p18f4620.asm
                    TXSTA   0x000fac       data     extern E:\3.46\pic18-lt\cxx-framework\src\traditional\proc\p18f4620.asm
                TXSTAbits   0x000fac       data     extern E:\3.46\pic18-lt\cxx-framework\src\traditional\proc\p18f4620.asm
                    TXREG   0x000fad       data     extern E:\3.46\pic18-lt\cxx-framework\src\traditional\proc\p18f4620.asm
                    RCREG   0x000fae       data     extern E:\3.46\pic18-lt\cxx-framework\src\traditional\proc\p18f4620.asm
                    SPBRG   0x000faf       data     extern E:\3.46\pic18-lt\cxx-framework\src\traditional\proc\p18f4620.asm
                   SPBRGH   0x000fb0       data     extern E:\3.46\pic18-lt\cxx-framework\src\traditional\proc\p18f4620.asm
                    T3CON   0x000fb1       data     extern E:\3.46\pic18-lt\cxx-framework\src\traditional\proc\p18f4620.asm
                T3CONbits   0x000fb1       data     extern E:\3.46\pic18-lt\cxx-framework\src\traditional\proc\p18f4620.asm
                    TMR3L   0x000fb2       data     extern E:\3.46\pic18-lt\cxx-framework\src\traditional\proc\p18f4620.asm
                    TMR3H   0x000fb3       data     extern E:\3.46\pic18-lt\cxx-framework\src\traditional\proc\p18f4620.asm
                    CMCON   0x000fb4       data     extern E:\3.46\pic18-lt\cxx-framework\src\traditional\proc\p18f4620.asm
                CMCONbits   0x000fb4       data     extern E:\3.46\pic18-lt\cxx-framework\src\traditional\proc\p18f4620.asm
                   CVRCON   0x000fb5       data     extern E:\3.46\pic18-lt\cxx-framework\src\traditional\proc\p18f4620.asm
               CVRCONbits   0x000fb5       data     extern E:\3.46\pic18-lt\cxx-framework\src\traditional\proc\p18f4620.asm
              ECCP1ASbits   0x000fb6       data     extern E:\3.46\pic18-lt\cxx-framework\src\traditional\proc\p18f4620.asm
                  ECCP1AS   0x000fb6       data     extern E:\3.46\pic18-lt\cxx-framework\src\traditional\proc\p18f4620.asm
                  PWM1CON   0x000fb7       data     extern E:\3.46\pic18-lt\cxx-framework\src\traditional\proc\p18f4620.asm
              PWM1CONbits   0x000fb7       data     extern E:\3.46\pic18-lt\cxx-framework\src\traditional\proc\p18f4620.asm
                  BAUDCON   0x000fb8       data     extern E:\3.46\pic18-lt\cxx-framework\src\traditional\proc\p18f4620.asm
              BAUDCTLbits   0x000fb8       data     extern E:\3.46\pic18-lt\cxx-framework\src\traditional\proc\p18f4620.asm
                  BAUDCTL   0x000fb8       data     extern E:\3.46\pic18-lt\cxx-framework\src\traditional\proc\p18f4620.asm
              BAUDCONbits   0x000fb8       data     extern E:\3.46\pic18-lt\cxx-framework\src\traditional\proc\p18f4620.asm
                  CCP2CON   0x000fba       data     extern E:\3.46\pic18-lt\cxx-framework\src\traditional\proc\p18f4620.asm
              CCP2CONbits   0x000fba       data     extern E:\3.46\pic18-lt\cxx-framework\src\traditional\proc\p18f4620.asm
                    CCPR2   0x000fbb       data     extern E:\3.46\pic18-lt\cxx-framework\src\traditional\proc\p18f4620.asm
                   CCPR2L   0x000fbb       data     extern E:\3.46\pic18-lt\cxx-framework\src\traditional\proc\p18f4620.asm
                   CCPR2H   0x000fbc       data     extern E:\3.46\pic18-lt\cxx-framework\src\traditional\proc\p18f4620.asm
              CCP1CONbits   0x000fbd       data     extern E:\3.46\pic18-lt\cxx-framework\src\traditional\proc\p18f4620.asm
                  CCP1CON   0x000fbd       data     extern E:\3.46\pic18-lt\cxx-framework\src\traditional\proc\p18f4620.asm
                   CCPR1L   0x000fbe       data     extern E:\3.46\pic18-lt\cxx-framework\src\traditional\proc\p18f4620.asm
                    CCPR1   0x000fbe       data     extern E:\3.46\pic18-lt\cxx-framework\src\traditional\proc\p18f4620.asm
                   CCPR1H   0x000fbf       data     extern E:\3.46\pic18-lt\cxx-framework\src\traditional\proc\p18f4620.asm
               ADCON2bits   0x000fc0       data     extern E:\3.46\pic18-lt\cxx-framework\src\traditional\proc\p18f4620.asm
                   ADCON2   0x000fc0       data     extern E:\3.46\pic18-lt\cxx-framework\src\traditional\proc\p18f4620.asm
               ADCON1bits   0x000fc1       data     extern E:\3.46\pic18-lt\cxx-framework\src\traditional\proc\p18f4620.asm
                   ADCON1   0x000fc1       data     extern E:\3.46\pic18-lt\cxx-framework\src\traditional\proc\p18f4620.asm
                   ADCON0   0x000fc2       data     extern E:\3.46\pic18-lt\cxx-framework\src\traditional\proc\p18f4620.asm
               ADCON0bits   0x000fc2       data     extern E:\3.46\pic18-lt\cxx-framework\src\traditional\proc\p18f4620.asm
                    ADRES   0x000fc3       data     extern E:\3.46\pic18-lt\cxx-framework\src\traditional\proc\p18f4620.asm
                   ADRESL   0x000fc3       data     extern E:\3.46\pic18-lt\cxx-framework\src\traditional\proc\p18f4620.asm
                   ADRESH   0x000fc4       data     extern E:\3.46\pic18-lt\cxx-framework\src\traditional\proc\p18f4620.asm
                  SSPCON2   0x000fc5       data     extern E:\3.46\pic18-lt\cxx-framework\src\traditional\proc\p18f4620.asm
              SSPCON2bits   0x000fc5       data     extern E:\3.46\pic18-lt\cxx-framework\src\traditional\proc\p18f4620.asm
                  SSPCON1   0x000fc6       data     extern E:\3.46\pic18-lt\cxx-framework\src\traditional\proc\p18f4620.asm
              SSPCON1bits   0x000fc6       data     extern E:\3.46\pic18-lt\cxx-framework\src\traditional\proc\p18f4620.asm
                  SSPSTAT   0x000fc7       data     extern E:\3.46\pic18-lt\cxx-framework\src\traditional\proc\p18f4620.asm
              SSPSTATbits   0x000fc7       data     extern E:\3.46\pic18-lt\cxx-framework\src\traditional\proc\p18f4620.asm
                   SSPADD   0x000fc8       data     extern E:\3.46\pic18-lt\cxx-framework\src\traditional\proc\p18f4620.asm
                   SSPBUF   0x000fc9       data     extern E:\3.46\pic18-lt\cxx-framework\src\traditional\proc\p18f4620.asm
                    T2CON   0x000fca       data     extern E:\3.46\pic18-lt\cxx-framework\src\traditional\proc\p18f4620.asm
                T2CONbits   0x000fca       data     extern E:\3.46\pic18-lt\cxx-framework\src\traditional\proc\p18f4620.asm
                      PR2   0x000fcb       data     extern E:\3.46\pic18-lt\cxx-framework\src\traditional\proc\p18f4620.asm
                     TMR2   0x000fcc       data     extern E:\3.46\pic18-lt\cxx-framework\src\traditional\proc\p18f4620.asm
                T1CONbits   0x000fcd       data     extern E:\3.46\pic18-lt\cxx-framework\src\traditional\proc\p18f4620.asm
                    T1CON   0x000fcd       data     extern E:\3.46\pic18-lt\cxx-framework\src\traditional\proc\p18f4620.asm
                    TMR1L   0x000fce       data     extern E:\3.46\pic18-lt\cxx-framework\src\traditional\proc\p18f4620.asm
                    TMR1H   0x000fcf       data     extern E:\3.46\pic18-lt\cxx-framework\src\traditional\proc\p18f4620.asm
                     RCON   0x000fd0       data     extern E:\3.46\pic18-lt\cxx-framework\src\traditional\proc\p18f4620.asm
                 RCONbits   0x000fd0       data     extern E:\3.46\pic18-lt\cxx-framework\src\traditional\proc\p18f4620.asm
               WDTCONbits   0x000fd1       data     extern E:\3.46\pic18-lt\cxx-framework\src\traditional\proc\p18f4620.asm
                   WDTCON   0x000fd1       data     extern E:\3.46\pic18-lt\cxx-framework\src\traditional\proc\p18f4620.asm
               LVDCONbits   0x000fd2       data     extern E:\3.46\pic18-lt\cxx-framework\src\traditional\proc\p18f4620.asm
                   LVDCON   0x000fd2       data     extern E:\3.46\pic18-lt\cxx-framework\src\traditional\proc\p18f4620.asm
              HLVDCONbits   0x000fd2       data     extern E:\3.46\pic18-lt\cxx-framework\src\traditional\proc\p18f4620.asm
                  HLVDCON   0x000fd2       data     extern E:\3.46\pic18-lt\cxx-framework\src\traditional\proc\p18f4620.asm
               OSCCONbits   0x000fd3       data     extern E:\3.46\pic18-lt\cxx-framework\src\traditional\proc\p18f4620.asm
                   OSCCON   0x000fd3       data     extern E:\3.46\pic18-lt\cxx-framework\src\traditional\proc\p18f4620.asm
                T0CONbits   0x000fd5       data     extern E:\3.46\pic18-lt\cxx-framework\src\traditional\proc\p18f4620.asm
                    T0CON   0x000fd5       data     extern E:\3.46\pic18-lt\cxx-framework\src\traditional\proc\p18f4620.asm
                    TMR0L   0x000fd6       data     extern E:\3.46\pic18-lt\cxx-framework\src\traditional\proc\p18f4620.asm
                    TMR0H   0x000fd7       data     extern E:\3.46\pic18-lt\cxx-framework\src\traditional\proc\p18f4620.asm
                   STATUS   0x000fd8       data     extern E:\3.46\pic18-lt\cxx-framework\src\traditional\proc\p18f4620.asm
               STATUSbits   0x000fd8       data     extern E:\3.46\pic18-lt\cxx-framework\src\traditional\proc\p18f4620.asm
                     FSR2   0x000fd9       data     extern E:\3.46\pic18-lt\cxx-framework\src\traditional\proc\p18f4620.asm
                    FSR2L   0x000fd9       data     extern E:\3.46\pic18-lt\cxx-framework\src\traditional\proc\p18f4620.asm
                    FSR2H   0x000fda       data     extern E:\3.46\pic18-lt\cxx-framework\src\traditional\proc\p18f4620.asm
                   PLUSW2   0x000fdb       data     extern E:\3.46\pic18-lt\cxx-framework\src\traditional\proc\p18f4620.asm
                  PREINC2   0x000fdc       data     extern E:\3.46\pic18-lt\cxx-framework\src\traditional\proc\p18f4620.asm
                 POSTDEC2   0x000fdd       data     extern E:\3.46\pic18-lt\cxx-framework\src\traditional\proc\p18f4620.asm
                 POSTINC2   0x000fde       data     extern E:\3.46\pic18-lt\cxx-framework\src\traditional\proc\p18f4620.asm
                    INDF2   0x000fdf       data     extern E:\3.46\pic18-lt\cxx-framework\src\traditional\proc\p18f4620.asm
                      BSR   0x000fe0       data     extern E:\3.46\pic18-lt\cxx-framework\src\traditional\proc\p18f4620.asm
                     FSR1   0x000fe1       data     extern E:\3.46\pic18-lt\cxx-framework\src\traditional\proc\p18f4620.asm
                    FSR1L   0x000fe1       data     extern E:\3.46\pic18-lt\cxx-framework\src\traditional\proc\p18f4620.asm
                    FSR1H   0x000fe2       data     extern E:\3.46\pic18-lt\cxx-framework\src\traditional\proc\p18f4620.asm
                   PLUSW1   0x000fe3       data     extern E:\3.46\pic18-lt\cxx-framework\src\traditional\proc\p18f4620.asm
                  PREINC1   0x000fe4       data     extern E:\3.46\pic18-lt\cxx-framework\src\traditional\proc\p18f4620.asm
                 POSTDEC1   0x000fe5       data     extern E:\3.46\pic18-lt\cxx-framework\src\traditional\proc\p18f4620.asm
                 POSTINC1   0x000fe6       data     extern E:\3.46\pic18-lt\cxx-framework\src\traditional\proc\p18f4620.asm
                    INDF1   0x000fe7       data     extern E:\3.46\pic18-lt\cxx-framework\src\traditional\proc\p18f4620.asm
                        W   0x000fe8       data     extern E:\3.46\pic18-lt\cxx-framework\src\traditional\proc\p18f4620.asm
                     WREG   0x000fe8       data     extern E:\3.46\pic18-lt\cxx-framework\src\traditional\proc\p18f4620.asm
                    FSR0L   0x000fe9       data     extern E:\3.46\pic18-lt\cxx-framework\src\traditional\proc\p18f4620.asm
                     FSR0   0x000fe9       data     extern E:\3.46\pic18-lt\cxx-framework\src\traditional\proc\p18f4620.asm
                    FSR0H   0x000fea       data     extern E:\3.46\pic18-lt\cxx-framework\src\traditional\proc\p18f4620.asm
                   PLUSW0   0x000feb       data     extern E:\3.46\pic18-lt\cxx-framework\src\traditional\proc\p18f4620.asm
                  PREINC0   0x000fec       data     extern E:\3.46\pic18-lt\cxx-framework\src\traditional\proc\p18f4620.asm
                 POSTDEC0   0x000fed       data     extern E:\3.46\pic18-lt\cxx-framework\src\traditional\proc\p18f4620.asm
                 POSTINC0   0x000fee       data     extern E:\3.46\pic18-lt\cxx-framework\src\traditional\proc\p18f4620.asm
                    INDF0   0x000fef       data     extern E:\3.46\pic18-lt\cxx-framework\src\traditional\proc\p18f4620.asm
              INTCON3bits   0x000ff0       data     extern E:\3.46\pic18-lt\cxx-framework\src\traditional\proc\p18f4620.asm
                  INTCON3   0x000ff0       data     extern E:\3.46\pic18-lt\cxx-framework\src\traditional\proc\p18f4620.asm
                  INTCON2   0x000ff1       data     extern E:\3.46\pic18-lt\cxx-framework\src\traditional\proc\p18f4620.asm
              INTCON2bits   0x000ff1       data     extern E:\3.46\pic18-lt\cxx-framework\src\traditional\proc\p18f4620.asm
                   INTCON   0x000ff2       data     extern E:\3.46\pic18-lt\cxx-framework\src\traditional\proc\p18f4620.asm
               INTCONbits   0x000ff2       data     extern E:\3.46\pic18-lt\cxx-framework\src\traditional\proc\p18f4620.asm
                     PROD   0x000ff3       data     extern E:\3.46\pic18-lt\cxx-framework\src\traditional\proc\p18f4620.asm
                    PRODL   0x000ff3       data     extern E:\3.46\pic18-lt\cxx-framework\src\traditional\proc\p18f4620.asm
                    PRODH   0x000ff4       data     extern E:\3.46\pic18-lt\cxx-framework\src\traditional\proc\p18f4620.asm
                   TABLAT   0x000ff5       data     extern E:\3.46\pic18-lt\cxx-framework\src\traditional\proc\p18f4620.asm
                  TBLPTRL   0x000ff6       data     extern E:\3.46\pic18-lt\cxx-framework\src\traditional\proc\p18f4620.asm
                   TBLPTR   0x000ff6       data     extern E:\3.46\pic18-lt\cxx-framework\src\traditional\proc\p18f4620.asm
                  TBLPTRH   0x000ff7       data     extern E:\3.46\pic18-lt\cxx-framework\src\traditional\proc\p18f4620.asm
                  TBLPTRU   0x000ff8       data     extern E:\3.46\pic18-lt\cxx-framework\src\traditional\proc\p18f4620.asm
                       PC   0x000ff9       data     extern E:\3.46\pic18-lt\cxx-framework\src\traditional\proc\p18f4620.asm
                      PCL   0x000ff9       data     extern E:\3.46\pic18-lt\cxx-framework\src\traditional\proc\p18f4620.asm
                   PCLATH   0x000ffa       data     extern E:\3.46\pic18-lt\cxx-framework\src\traditional\proc\p18f4620.asm
                   PCLATU   0x000ffb       data     extern E:\3.46\pic18-lt\cxx-framework\src\traditional\proc\p18f4620.asm
                   STKPTR   0x000ffc       data     extern E:\3.46\pic18-lt\cxx-framework\src\traditional\proc\p18f4620.asm
               STKPTRbits   0x000ffc       data     extern E:\3.46\pic18-lt\cxx-framework\src\traditional\proc\p18f4620.asm
                      TOS   0x000ffd       data     extern E:\3.46\pic18-lt\cxx-framework\src\traditional\proc\p18f4620.asm
                     TOSL   0x000ffd       data     extern E:\3.46\pic18-lt\cxx-framework\src\traditional\proc\p18f4620.asm
                     TOSH   0x000ffe       data     extern E:\3.46\pic18-lt\cxx-framework\src\traditional\proc\p18f4620.asm
                     TOSU   0x000fff       data     extern E:\3.46\pic18-lt\cxx-framework\src\traditional\proc\p18f4620.asm


